 blakserv

 Timestamp is 5aa2d572 (Fri Mar  9 12:41:54 2018)

 Preferred load address is 00400000

 Start         Length     Name                   Class
 0001:00000000 000df0c0H .text$mn                CODE
 0001:000df0c0 000013e3H .text$x                 CODE
 0002:00000000 00000104H .CRT$XCA                DATA
 0002:00000104 00000104H .CRT$XCAA               DATA
 0002:00000208 00000104H .CRT$XCZ                DATA
 0002:0000030c 00000104H .CRT$XIA                DATA
 0002:00000410 00000104H .CRT$XIAA               DATA
 0002:00000514 00000104H .CRT$XIAC               DATA
 0002:00000618 00000114H .CRT$XIC                DATA
 0002:0000072c 00000104H .CRT$XIZ                DATA
 0002:00000830 00000104H .CRT$XPA                DATA
 0002:00000934 0000010cH .CRT$XPX                DATA
 0002:00000a40 00000104H .CRT$XPXA               DATA
 0002:00000b44 00000104H .CRT$XPZ                DATA
 0002:00000c48 00000104H .CRT$XTA                DATA
 0002:00000d4c 00000104H .CRT$XTZ                DATA
 0002:00000e50 0002568cH .rdata                  DATA
 0002:000264dc 00000814H .rdata$r                DATA
 0002:00026cf0 00000174H .rdata$sxdata           DATA
 0002:00026e64 0000016cH .rdata$zzzdbg           DATA
 0002:00026fd0 00000104H .rtc$IAA                DATA
 0002:000270d4 0000025cH .rtc$IMZ                DATA
 0002:00027330 00000104H .rtc$IZZ                DATA
 0002:00027434 00000104H .rtc$TAA                DATA
 0002:00027538 0000025cH .rtc$TMZ                DATA
 0002:00027794 00000104H .rtc$TZZ                DATA
 0002:00027898 0000172fH .xdata$x                DATA
 0002:00028fc7 00000000H .edata                  DATA
 0003:00000000 0000830cH .data                   DATA
 0003:0000830c 000003bcH .data$r                 DATA
 0003:000086c8 004605acH .bss                    DATA
 0004:00000000 000004e8H .idata$5                DATA
 0004:000004e8 000000a0H .idata$2                DATA
 0004:00000588 00000014H .idata$3                DATA
 0004:0000059c 000004e8H .idata$4                DATA
 0004:00000a84 00000f3fH .idata$6                DATA
 0005:00000000 00000234H .gfids$x                DATA
 0005:00000234 000002ccH .gfids$y                DATA
 0006:00000000 00000104H .00cfg                  DATA
 0007:00000000 000006d0H .rsrc$01                DATA
 0007:000006d0 0000d67cH .rsrc$02                DATA

  Address         Publics by Value              Rva+Base       Lib:Object

 0000:00000000       ___guard_iat_table         00000000     <absolute>
 0000:00000000       __except_list              00000000     <absolute>
 0000:00000000       ___guard_fids_count        00000000     <absolute>
 0000:00000000       ___guard_iat_count         00000000     <absolute>
 0000:00000000       ___guard_longjmp_count     00000000     <absolute>
 0000:00000000       ___dynamic_value_reloc_table 00000000     <absolute>
 0000:00000000       ___guard_longjmp_table     00000000     <absolute>
 0000:00000000       ___guard_fids_table        00000000     <absolute>
 0000:00000018       ___safe_se_handler_count   00000018     <absolute>
 0000:00000100       ___guard_flags             00000100     <absolute>
 0000:00000000       ___ImageBase               00400000     <linker-defined>
 0001:0000a910       ?CRC32@@YAIPBDH@Z          0040b910 f   crc.obj
 0001:0000a950       ?CRC32Incremental@@YAIIPBDH@Z 0040b950 f   crc.obj
 0001:0000a9f0       ?MDString@@YAXPADPAE@Z     0040b9f0 f   md5.obj
 0001:0000aad0       ?MDFileHash@@YAXPAD0I@Z    0040bad0 f   md5.obj
 0001:0000aba0       ?MDStringBytes@@YAXPADPAEI@Z 0040bba0 f   md5.obj
 0001:0000c1b0       _WinMain@16                0040d1b0 f   main.obj
 0001:0000c250       ?MainReloadGameData@@YAXXZ 0040d250 f   main.obj
 0001:0000c2d0       ?GetLastErrorStr@@YAPADXZ  0040d2d0 f   main.obj
 0001:0000c370       ?SignalHandler@@YAXH@Z     0040d370 f   main.obj
 0001:0000c790       ??$__vcrt_va_start_verify_argument_type@QBD@@YAXXZ 0040d790 f i md5.obj
 0001:0000c7a0       ___local_stdio_printf_options 0040d7a0 f i md5.obj
 0001:0000c7b0       __vsnprintf_l              0040d7b0 f i md5.obj
 0001:0000c840       __vsprintf_l               0040d840 f i md5.obj
 0001:0000c870       _sprintf                   0040d870 f i md5.obj
 0001:0000c8e0       ?RscFileLoad@@YA_NPADP6A_N0HH0@Z@Z 0040d8e0 f   rscload.obj
 0001:0000cc80       ?AccountValidateEmail@@YA_NPAD@Z 0040dc80 f   account.obj
 0001:0000ccc0       ?InitAccount@@YAXXZ        0040dcc0 f   account.obj
 0001:0000cda0       ?ResetAccount@@YAXXZ       0040dda0 f   account.obj
 0001:0000ceb0       ?GetConsoleAccount@@YAPAUaccount_node_struct@@XZ 0040deb0 f   account.obj
 0001:0000cec0       ?GetNextAccountID@@YAHXZ   0040dec0 f   account.obj
 0001:0000ced0       ?GetUsedGuestAccounts@@YAHXZ 0040ded0 f   account.obj
 0001:0000cf00       ?CreateAccount@@YADPAD00HPAH@Z 0040df00 f   account.obj
 0001:0000d100       ?CreateAccountSecurePassword@@YAHPAD00H@Z 0040e100 f   account.obj
 0001:0000d340       ?RecreateAccountSecurePassword@@YAHHPAD00H@Z 0040e340 f   account.obj
 0001:0000d5b0       ?LoadAccount@@YAXHPAD00HHHH@Z 0040e5b0 f   account.obj
 0001:0000d720       ?DeleteAccount@@YADH@Z     0040e720 f   account.obj
 0001:0000d8f0       ?SetAccountName@@YAXPAUaccount_node_struct@@PAD@Z 0040e8f0 f   account.obj
 0001:0000d960       ?SetAccountPassword@@YAXPAUaccount_node_struct@@PAD@Z 0040e960 f   account.obj
 0001:0000da70       ?SetAccountPasswordAlreadyEncrypted@@YAXPAUaccount_node_struct@@PAD@Z 0040ea70 f   account.obj
 0001:0000dae0       ?SetAccountEmail@@YAXPAUaccount_node_struct@@PAD@Z 0040eae0 f   account.obj
 0001:0000db50       ?SetNextAccountID@@YAXH@Z  0040eb50 f   account.obj
 0001:0000db60       ?GetAccountByID@@YAPAUaccount_node_struct@@H@Z 0040eb60 f   account.obj
 0001:0000dba0       ?GetAccountByName@@YAPAUaccount_node_struct@@PAD@Z 0040eba0 f   account.obj
 0001:0000dbf0       ?GetAccountByEmail@@YAPAUaccount_node_struct@@PAD@Z 0040ebf0 f   account.obj
 0001:0000dc40       ?AccountLoginByName@@YAPAUaccount_node_struct@@PAD@Z 0040ec40 f   account.obj
 0001:0000dd00       ?AccountLogoff@@YAXPAUaccount_node_struct@@@Z 0040ed00 f   account.obj
 0001:0000dd10       ?DoneLoadAccounts@@YAXXZ   0040ed10 f   account.obj
 0001:0000dd40       ?ForEachAccount@@YAXP6AXPAUaccount_node_struct@@@Z@Z 0040ed40 f   account.obj
 0001:0000dd90       ?ForEachAccountWithString@@YAXP6AXPAUaccount_node_struct@@PAD@Z1@Z 0040ed90 f   account.obj
 0001:0000dde0       ?DeleteAccountAndAssociatedUsersByID@@YAXH@Z 0040ede0 f   account.obj
 0001:0000df20       ?DeleteAccountsIfUnused@@YAXXZ 0040ef20 f   account.obj
 0001:0000df70       ?DeleteAccountIfUnused@@YAXPAUaccount_node_struct@@@Z 0040ef70 f   account.obj
 0001:0000dfa0       ?CompactAccounts@@YAXXZ    0040efa0 f   account.obj
 0001:0000e020       ?SuspendAccountAbsolute@@YADPAUaccount_node_struct@@H@Z 0040f020 f   account.obj
 0001:0000e160       ?SuspendAccountRelative@@YADPAUaccount_node_struct@@H@Z 0040f160 f   account.obj
 0001:0000e1c0       ?GetActiveAccountCount@@YAHXZ 0040f1c0 f   account.obj
 0001:0000e210       ?InsertAccount@@YAXPAUaccount_node_struct@@@Z 0040f210 f   account.obj
 0001:0000e290       ?CountUsedGuestAccounts@@YAXPAUsession_node@@@Z 0040f290 f   account.obj
 0001:0000e870       ??$max@H@std@@YAABHABH0@Z  0040f870 f i account.obj
 0001:0000e8c0       ?strchr@@YAPADQADH@Z       0040f8c0 f i account.obj
 0001:0000e8f0       ___local_stdio_scanf_options 0040f8f0 f i account.obj
 0001:0000e900       __vsscanf_l                0040f900 f i account.obj
 0001:0000e940       _sscanf                    0040f940 f i account.obj
 0001:0000e9b0       ?AdminInit@@YAXPAUsession_node@@@Z 0040f9b0 f   admin.obj
 0001:0000ea00       ?AdminExit@@YAXPAUsession_node@@@Z 0040fa00 f   admin.obj
 0001:0000ea10       ?AdminProcessSessionBuffer@@YAXPAUsession_node@@@Z 0040fa10 f   admin.obj
 0001:0000eb30       ?AdminInputChar@@YAXPAUsession_node@@D@Z 0040fb30 f   admin.obj
 0001:0000ed20       ?InitAdminConstants@@YAXXZ 0040fd20 f   admincons.obj
 0001:0000ed30       ?ResetAdminConstants@@YAXXZ 0040fd30 f   admincons.obj
 0001:0000ede0       ?LoadAdminConstants@@YAXXZ 0040fde0 f   admincons.obj
 0001:0000f010       ?LookupAdminConstant@@YADPBDPAH@Z 00410010 f   admincons.obj
 0001:0000f070       ?AddAdminConstant@@YAXPADH@Z 00410070 f   admincons.obj
 0001:0000f1f0       ?SendSessionAdminText@@YAXHPBDZZ 004101f0 f   adminfn.obj
 0001:0000f2d0       ?TryAdminCommand@@YAXHPAD@Z 004102d0 f   adminfn.obj
 0001:0000f390       ?AdminBufferSend@@YAXPADH@Z 00410390 f   adminfn.obj
 0001:0000f3c0       ?AdminDeleteEachUserObject@@YAXPAUuser_struct@@@Z 004103c0 f   adminfn.obj
 0001:0000f430       ?AdminSendBufferList@@YAXXZ 00410430 f   adminfn.obj
 0001:0000f560       ?SendAdminBuffer@@YAXPADH@Z 00410560 f   adminfn.obj
 0001:0000f660       ?DoAdminCommand@@YAXPAD@Z  00410660 f   adminfn.obj
 0001:0000f6c0       ?AdminTable@@YAXHQAUadmin_table_struct@@HPAD@Z 004106c0 f   adminfn.obj
 0001:0000ff10       ?AdminIsValidBlakParm@@YADTval_type@@@Z 00410f10 f   adminfn.obj
 0001:0000fff0       ?AdminHelp@@YAXHHQAUadmin_table_struct@@@Z 00410ff0 f   adminfn.obj
 0001:00010140       ?AdminGarbage@@YAXHQA_KHQAUparm_node@@@Z 00411140 f   adminfn.obj
 0001:000101b0       ?AdminSaveGame@@YAXHQA_KHQAUparm_node@@@Z 004111b0 f   adminfn.obj
 0001:00010230       ?AdminSaveConfiguration@@YAXHQA_KHQAUparm_node@@@Z 00411230 f   adminfn.obj
 0001:000102f0       ?AdminSaveOneConfigNode@@YAXPAUconfig_node@@PBD1@Z 004112f0 f   adminfn.obj
 0001:00010550       ?AdminWho@@YAXHQA_KHQAUparm_node@@@Z 00411550 f   adminfn.obj
 0001:000105a0       ?AdminWhoEachSession@@YAXPAUsession_node@@@Z 004115a0 f   adminfn.obj
 0001:00010820       ?AdminLock@@YAXHQA_KHQAUparm_node@@@Z 00411820 f   adminfn.obj
 0001:00010900       ?AdminUnlock@@YAXHQA_KHQAUparm_node@@@Z 00411900 f   adminfn.obj
 0001:00010950       ?AdminMail@@YAXHQA_KHQAUparm_node@@@Z 00411950 f   adminfn.obj
 0001:00010ad0       ?AdminPage@@YAXHQA_KHQAUparm_node@@@Z 00411ad0 f   adminfn.obj
 0001:00010b40       ?AdminShowStatus@@YAXHQA_KHQAUparm_node@@@Z 00411b40 f   adminfn.obj
 0001:00010eb0       ?AdminShowMemory@@YAXHQA_KHQAUparm_node@@@Z 00411eb0 f   adminfn.obj
 0001:00010fa0       ?AdminShowCalled@@YAXHQA_KHQAUparm_node@@@Z 00411fa0 f   adminfn.obj
 0001:00011150       ?AdminShowCalledClass@@YAXPAUclass_struct@@@Z 00412150 f   adminfn.obj
 0001:000112a0       ?AdminShowRoomTable@@YAXHQA_KHQAUparm_node@@@Z 004122a0 f   adminfn.obj
 0001:000112c0       ?AdminShowBlockers@@YAXHQA_KHQAUparm_node@@@Z 004122c0 f   adminfn.obj
 0001:000113f0       ?AdminShowObject@@YAXHQA_KHQAUparm_node@@@Z 004123f0 f   adminfn.obj
 0001:00011600       ?AdminShowObjects@@YAXHQA_KHQAUparm_node@@@Z 00412600 f   adminfn.obj
 0001:00011780       ?AdminShowListNode@@YAXHQA_KHQAUparm_node@@@Z 00412780 f   adminfn.obj
 0001:00011840       ?AdminShowList@@YAXHQA_KHQAUparm_node@@@Z 00412840 f   adminfn.obj
 0001:000118a0       ?AdminShowListParen@@YAXHH@Z 004128a0 f   adminfn.obj
 0001:00011a90       ?AdminShowUsers@@YAXHQA_KHQAUparm_node@@@Z 00412a90 f   adminfn.obj
 0001:00011ab0       ?AdminShowUser@@YAXHQA_KHQAUparm_node@@@Z 00412ab0 f   adminfn.obj
 0001:00011bc0       ?AdminShowUsage@@YAXHQA_KHQAUparm_node@@@Z 00412bc0 f   adminfn.obj
 0001:00011c20       ?AdminShowUserHeader@@YAXXZ 00412c20 f   adminfn.obj
 0001:00011c50       ?AdminShowOneUser@@YAXPAUuser_struct@@@Z 00412c50 f   adminfn.obj
 0001:00011dc0       ?AdminShowAccounts@@YAXHQA_KHQAUparm_node@@@Z 00412dc0 f   adminfn.obj
 0001:00011de0       ?AdminShowActive@@YAXHQA_KHQAUparm_node@@@Z 00412de0 f   adminfn.obj
 0001:00011e50       ?AdminShowOneAccountIfActive@@YAXPAUaccount_node_struct@@@Z 00412e50 f   adminfn.obj
 0001:00011e90       ?AdminShowAccByEmail@@YAXHQA_KHQAUparm_node@@@Z 00412e90 f   adminfn.obj
 0001:00011ee0       ?AdminPrintAccountByEmail@@YAXPAUaccount_node_struct@@PAD@Z 00412ee0 f   adminfn.obj
 0001:00011f20       ?AdminShowAccount@@YAXHQA_KHQAUparm_node@@@Z 00412f20 f   adminfn.obj
 0001:00012060       ?AdminShowAccountHeader@@YAXXZ 00413060 f   adminfn.obj
 0001:000120a0       ?AdminShowOneAccount@@YAXPAUaccount_node_struct@@@Z 004130a0 f   adminfn.obj
 0001:00012210       ?AdminShowOneAccountIfSuspended@@YAXPAUaccount_node_struct@@@Z 00413210 f   adminfn.obj
 0001:00012240       ?AdminDeleteUnusedAccounts@@YAXHQA_KHQAUparm_node@@@Z 00413240 f   adminfn.obj
 0001:00012320       ?AdminShowResource@@YAXHQA_KHQAUparm_node@@@Z 00413320 f   adminfn.obj
 0001:00012420       ?AdminPrintResource@@YAXPAUresource_struct@@@Z 00413420 f   adminfn.obj
 0001:000124a0       ?AdminShowDynamicResources@@YAXHQA_KHQAUparm_node@@@Z 004134a0 f   adminfn.obj
 0001:000124d0       ?AdminShowTimers@@YAXHQA_KHQAUparm_node@@@Z 004134d0 f   adminfn.obj
 0001:00012530       ?AdminShowTimer@@YAXHQA_KHQAUparm_node@@@Z 00413530 f   adminfn.obj
 0001:000125c0       ?AdminShowTimerMessageID@@YAXHQA_KHQAUparm_node@@@Z 004135c0 f   adminfn.obj
 0001:00012670       ?AdminShowTimerObjectID@@YAXHQA_KHQAUparm_node@@@Z 00413670 f   adminfn.obj
 0001:000126f0       ?AdminShowTime@@YAXHQA_KHQAUparm_node@@@Z 004136f0 f   adminfn.obj
 0001:00012740       ?AdminShowOneTimer@@YAXPAUtimer_struct@@@Z 00413740 f   adminfn.obj
 0001:000127f0       ?AdminShowConfiguration@@YAXHQA_KHQAUparm_node@@@Z 004137f0 f   adminfn.obj
 0001:00012810       ?AdminShowOneConfigNode@@YAXPAUconfig_node@@PBD1@Z 00413810 f   adminfn.obj
 0001:00012940       ?AdminShowString@@YAXHQA_KHQAUparm_node@@@Z 00413940 f   adminfn.obj
 0001:00012a10       ?AdminShowSuspended@@YAXHQA_KHQAUparm_node@@@Z 00413a10 f   adminfn.obj
 0001:00012a30       ?AdminShowSysTimers@@YAXHQA_KHQAUparm_node@@@Z 00413a30 f   adminfn.obj
 0001:00012a70       ?AdminShowEachSysTimer@@YAXPAUsystimer_struct@@@Z 00413a70 f   adminfn.obj
 0001:00012b90       ?AdminShowOpcodes@@YAXHQA_KHQAUparm_node@@@Z 00413b90 f   adminfn.obj
 0001:00012bb0       ?AdminShowCalls@@YAXHQA_KHQAUparm_node@@@Z 00413bb0 f   adminfn.obj
 0001:000137a0       ?AdminShowMessage@@YAXHQA_KHQAUparm_node@@@Z 004147a0 f   adminfn.obj
 0001:00013ae0       ?AdminShowClass@@YAXHQA_KHQAUparm_node@@@Z 00414ae0 f   adminfn.obj
 0001:00013d30       ?AdminShowPackages@@YAXHQA_KHQAUparm_node@@@Z 00414d30 f   adminfn.obj
 0001:00013d70       ?AdminShowOnePackage@@YAXPAUdllist_struct@@@Z 00414d70 f   adminfn.obj
 0001:00013db0       ?AdminShowConstant@@YAXHQA_KHQAUparm_node@@@Z 00414db0 f   adminfn.obj
 0001:00013e60       ?AdminShowTransmitted@@YAXHQA_KHQAUparm_node@@@Z 00414e60 f   adminfn.obj
 0001:00013e80       ?AdminShowTable@@YAXHQA_KHQAUparm_node@@@Z 00414e80 f   adminfn.obj
 0001:00013ff0       ?AdminShowName@@YAXHQA_KHQAUparm_node@@@Z 00414ff0 f   adminfn.obj
 0001:00014070       ?AdminShowNameIDs@@YAXHQA_KHQAUparm_node@@@Z 00415070 f   adminfn.obj
 0001:000140b0       ?AdminPrintNameID@@YAXPAUnameid_struct@@@Z 004150b0 f   adminfn.obj
 0001:000140f0       ?AdminShowReferences@@YAXHQA_KHQAUparm_node@@@Z 004150f0 f   adminfn.obj
 0001:000142e0       ?AdminShowReferencesEachObject@@YAXPAUobject_node@@@Z 004152e0 f   adminfn.obj
 0001:00014440       ?AdminShowReferencesEachList@@YAXHH@Z 00415440 f   adminfn.obj
 0001:00014570       ?AdminShowReferencesEachTable@@YAXHH@Z 00415570 f   adminfn.obj
 0001:000146e0       ?AdminShowInstances@@YAXHQA_KHQAUparm_node@@@Z 004156e0 f   adminfn.obj
 0001:00014800       ?AdminShowMatches@@YAXHQA_KHQAUparm_node@@@Z 00415800 f   adminfn.obj
 0001:00014f90       ?AdminShowProtocol@@YAXHQA_KHQAUparm_node@@@Z 00415f90 f   adminfn.obj
 0001:000151d0       ?AdminSetClass@@YAXHQA_KHQAUparm_node@@@Z 004161d0 f   adminfn.obj
 0001:000153c0       ?AdminSetObject@@YAXHQA_KHQAUparm_node@@@Z 004163c0 f   adminfn.obj
 0001:000155e0       ?AdminSetAccountName@@YAXHQA_KHQAUparm_node@@@Z 004165e0 f   adminfn.obj
 0001:000156f0       ?AdminSetAccountPassword@@YAXHQA_KHQAUparm_node@@@Z 004166f0 f   adminfn.obj
 0001:000157b0       ?AdminSetAccountEmail@@YAXHQA_KHQAUparm_node@@@Z 004167b0 f   adminfn.obj
 0001:000158c0       ?AdminSetAccountCredits@@YAXHQA_KHQAUparm_node@@@Z 004168c0 f   adminfn.obj
 0001:00015960       ?AdminSetAccountObject@@YAXHQA_KHQAUparm_node@@@Z 00416960 f   adminfn.obj
 0001:00015a90       ?AdminSetConfigInt@@YAXHQA_KHQAUparm_node@@@Z 00416a90 f   adminfn.obj
 0001:00015ba0       ?AdminSetConfigBool@@YAXHQA_KHQAUparm_node@@@Z 00416ba0 f   adminfn.obj
 0001:00015d40       ?AdminSetConfigStr@@YAXHQA_KHQAUparm_node@@@Z 00416d40 f   adminfn.obj
 0001:00015e50       ?AdminSuspendUser@@YAXHQA_KHQAUparm_node@@@Z 00416e50 f   adminfn.obj
 0001:00016000       ?AdminSuspendAccount@@YAXHQA_KHQAUparm_node@@@Z 00417000 f   adminfn.obj
 0001:000161c0       ?AdminUnsuspendUser@@YAXHQA_KHQAUparm_node@@@Z 004171c0 f   adminfn.obj
 0001:00016330       ?AdminUnsuspendAccount@@YAXHQA_KHQAUparm_node@@@Z 00417330 f   adminfn.obj
 0001:000164a0       ?AdminCheckTimerHeap@@YAXHQA_KHQAUparm_node@@@Z 004174a0 f   adminfn.obj
 0001:00016530       ?AdminCreateAccount@@YAXHQA_KHQAUparm_node@@@Z 00417530 f   adminfn.obj
 0001:000167d0       ?AdminCreateAutomated@@YAXHQA_KHQAUparm_node@@@Z 004177d0 f   adminfn.obj
 0001:00016900       ?AdminRecreateAutomated@@YAXHQA_KHQAUparm_node@@@Z 00417900 f   adminfn.obj
 0001:000169f0       ?AdminResetHighestTimed@@YAXHQA_KHQAUparm_node@@@Z 004179f0 f   adminfn.obj
 0001:00016b40       ?AdminAddUserToEachAccount@@YAXHQA_KHQAUparm_node@@@Z 00417b40 f   adminfn.obj
 0001:00016b70       ?AdminCreateUser@@YAXHQA_KHQAUparm_node@@@Z 00417b70 f   adminfn.obj
 0001:00016be0       ?AdminCreateEscapedConvict@@YAXHQA_KHQAUparm_node@@@Z 00417be0 f   adminfn.obj
 0001:00016c50       ?AdminCreateAdmin@@YAXHQA_KHQAUparm_node@@@Z 00417c50 f   adminfn.obj
 0001:00016cc0       ?AdminCreateDM@@YAXHQA_KHQAUparm_node@@@Z 00417cc0 f   adminfn.obj
 0001:00016d30       ?AdminCreateObject@@YAXHQA_KHQAUparm_node@@@Z 00417d30 f   adminfn.obj
 0001:00016e60       ?AdminCreateListNode@@YAXHQA_KHQAUparm_node@@@Z 00417e60 f   adminfn.obj
 0001:00017070       ?AdminCreateTable@@YAXHQA_KHQAUparm_node@@@Z 00418070 f   adminfn.obj
 0001:00017100       ?AdminCreateTimer@@YAXHQA_KHQAUparm_node@@@Z 00418100 f   adminfn.obj
 0001:000171b0       ?AdminCreateResource@@YAXHQA_KHQAUparm_node@@@Z 004181b0 f   adminfn.obj
 0001:00017250       ?AdminDeleteTimer@@YAXHQA_KHQAUparm_node@@@Z 00418250 f   adminfn.obj
 0001:000172d0       ?AdminDeleteAccount@@YAXHQA_KHQAUparm_node@@@Z 004182d0 f   adminfn.obj
 0001:00017380       ?AdminDeleteUser@@YAXHQA_KHQAUparm_node@@@Z 00418380 f   adminfn.obj
 0001:00017440       ?AdminCheckUserLoggedOn@@YAXPAUsession_node@@@Z 00418440 f   adminfn.obj
 0001:00017480       ?AdminSendInt@@YAXHQA_KHQAUparm_node@@@Z 00418480 f   adminfn.obj
 0001:00017560       ?AdminSendObject@@YAXHQA_KHQAUparm_node@@@Z 00418560 f   adminfn.obj
 0001:000179b0       ?AdminSendList@@YAXHQA_KHQAUparm_node@@@Z 004189b0 f   adminfn.obj
 0001:00017b40       ?AdminSendUsers@@YAXHQA_KHQAUparm_node@@@Z 00418b40 f   adminfn.obj
 0001:00017c70       ?AdminSendClass@@YAXHQA_KHQAUparm_node@@@Z 00418c70 f   adminfn.obj
 0001:00017da0       ?AdminTraceOnMessage@@YAXHQA_KHQAUparm_node@@@Z 00418da0 f   adminfn.obj
 0001:00017ea0       ?AdminTraceOffMessage@@YAXHQA_KHQAUparm_node@@@Z 00418ea0 f   adminfn.obj
 0001:00017fa0       ?AdminAddCredits@@YAXHQA_KHQAUparm_node@@@Z 00418fa0 f   adminfn.obj
 0001:00018040       ?AdminKickoffAll@@YAXHQA_KHQAUparm_node@@@Z 00419040 f   adminfn.obj
 0001:00018070       ?AdminKickoffEachSession@@YAXPAUsession_node@@@Z 00419070 f   adminfn.obj
 0001:000180c0       ?AdminKickoffAccount@@YAXHQA_KHQAUparm_node@@@Z 004190c0 f   adminfn.obj
 0001:000181b0       ?AdminHangupAll@@YAXHQA_KHQAUparm_node@@@Z 004191b0 f   adminfn.obj
 0001:000181e0       ?AdminHangupEachSession@@YAXPAUsession_node@@@Z 004191e0 f   adminfn.obj
 0001:00018200       ?AdminHangupUser@@YAXHQA_KHQAUparm_node@@@Z 00419200 f   adminfn.obj
 0001:000183e0       ?AdminHangupAccount@@YAXHQA_KHQAUparm_node@@@Z 004193e0 f   adminfn.obj
 0001:00018590       ?AdminHangupSession@@YAXHQA_KHQAUparm_node@@@Z 00419590 f   adminfn.obj
 0001:00018640       ?AdminBlockIP@@YAXHQA_KHQAUparm_node@@@Z 00419640 f   adminfn.obj
 0001:00018770       ?AdminReloadSystem@@YAXHQA_KHQAUparm_node@@@Z 00419770 f   adminfn.obj
 0001:00018840       ?AdminReloadGame@@YAXHQA_KHQAUparm_node@@@Z 00419840 f   adminfn.obj
 0001:000189d0       ?AdminReloadGameEachSession@@YAXPAUsession_node@@@Z 004199d0 f   adminfn.obj
 0001:000189f0       ?AdminReloadMotd@@YAXHQA_KHQAUparm_node@@@Z 004199f0 f   adminfn.obj
 0001:00018a40       ?AdminReloadPackages@@YAXHQA_KHQAUparm_node@@@Z 00419a40 f   adminfn.obj
 0001:00018a80       ?AdminDisableSysTimer@@YAXHQA_KHQAUparm_node@@@Z 00419a80 f   adminfn.obj
 0001:00018ae0       ?AdminEnableSysTimer@@YAXHQA_KHQAUparm_node@@@Z 00419ae0 f   adminfn.obj
 0001:00018b40       ?AdminTerminateNoSave@@YAXHQA_KHQAUparm_node@@@Z 00419b40 f   adminfn.obj
 0001:00018b60       ?AdminTerminateSave@@YAXHQA_KHQAUparm_node@@@Z 00419b60 f   adminfn.obj
 0001:00018bd0       ?AdminSay@@YAXHQA_KHQAUparm_node@@@Z 00419bd0 f   adminfn.obj
 0001:00018c30       ?AdminSayEachAdminSession@@YAXPAUsession_node@@@Z 00419c30 f   adminfn.obj
 0001:00018d30       ?AdminRead@@YAXHQA_KHQAUparm_node@@@Z 00419d30 f   adminfn.obj
 0001:00018ed0       ?AdminMark@@YAXHQA_KHQAUparm_node@@@Z 00419ed0 f   adminfn.obj
 0001:00018f10       ?to_lowercase@@YAPADPAD@Z  00419f10 f   adminfn.obj
 0001:0001b6c0       ??$__vcrt_va_start_verify_argument_type@PBD@@YAXXZ 0041c6c0 f i adminfn.obj
 0001:0001b6d0       ??$min@H@std@@YAABHABH0@Z  0041c6d0 f i adminfn.obj
 0001:0001b720       ??$min@I@std@@YAABIABI0@Z  0041c720 f i adminfn.obj
 0001:0001b770       __vfprintf_l               0041c770 f i adminfn.obj
 0001:0001b7b0       _fprintf                   0041c7b0 f i adminfn.obj
 0001:0001b820       _vsnprintf                 0041c820 f i adminfn.obj
 0001:0001b8a0       ?AppendTextFile@@YAXPAUsession_node@@PADH1@Z 0041c8a0 f   apndfile.obj
 0001:0001bb60       ?AsyncSocketStart@@YAXXZ   0041cb60 f   async.obj
 0001:0001bba0       ?AsyncNameLookup@@YAXPAXH@Z 0041cba0 f   async.obj
 0001:0001bbe0       ?AsyncSocketClose@@YAXI@Z  0041cbe0 f   async.obj
 0001:0001bc20       ?AsyncSocketWrite@@YAXI@Z  0041cc20 f   async.obj
 0001:0001bde0       ?AsyncSocketRead@@YAXI@Z   0041cde0 f   async.obj
 0001:0001c060       ?AcceptSocketConnections@@YAXHH@Z 0041d060 f   async.obj
 0001:0001c350       ?AsyncEachSessionNameLookup@@YAXPAUsession_node@@@Z 0041d350 f   async.obj
 0001:0001c5c0       ?InitAsyncConnections@@YAXXZ 0041d5c0 f   async_windows.obj
 0001:0001c710       ?ExitAsyncConnections@@YAXXZ 0041d710 f   async_windows.obj
 0001:0001c740       ?AsyncSocketAccept@@YAXIHHH@Z 0041d740 f   async_windows.obj
 0001:0001ca90       ?AsyncSocketSelect@@YAXIHH@Z 0041da90 f   async_windows.obj
 0001:0001cb50       ?CheckMaintenanceMask@@YADPAUsockaddr_in6@@H@Z 0041db50 f   async_windows.obj
 0001:0001ce30       ?SaveRsbMD5@@YAXPAD@Z      0041de30 f   blakres.obj
 0001:0001ce80       ?GetRsbMD5@@YAPADXZ        0041de80 f   blakres.obj
 0001:0001ce90       ?InitResource@@YAXXZ       0041de90 f   blakres.obj
 0001:0001cf30       ?ResetResource@@YAXXZ      0041df30 f   blakres.obj
 0001:0001d0b0       ?AddResource@@YAXHHPAD@Z   0041e0b0 f   blakres.obj
 0001:0001d1f0       ?SetResourceName@@YAXHPAD@Z 0041e1f0 f   blakres.obj
 0001:0001d290       ?AddDynamicResource@@YAHPAD@Z 0041e290 f   blakres.obj
 0001:0001d310       ?ChangeDynamicResourceStr@@YAXPAUresource_struct@@PAD@Z 0041e310 f   blakres.obj
 0001:0001d340       ?ChangeDynamicResource@@YAXPAUresource_struct@@PADH@Z 0041e340 f   blakres.obj
 0001:0001d410       ?GetResourceByID@@YAPAUresource_struct@@H@Z 0041e410 f   blakres.obj
 0001:0001d460       ?GetResourceStrByLanguageID@@YAPADHH@Z 0041e460 f   blakres.obj
 0001:0001d520       ?IsResourceByID@@YADH@Z    0041e520 f   blakres.obj
 0001:0001d560       ?GetResourceByName@@YAPAUresource_struct@@PBD@Z 0041e560 f   blakres.obj
 0001:0001d5f0       ?ForEachResource@@YAXP6AXPAUresource_struct@@@Z@Z 0041e5f0 f   blakres.obj
 0001:0001d680       ?ForEachDynamicRsc@@YAXP6AXPAUresource_struct@@@Z@Z 0041e680 f   blakres.obj
 0001:0001d710       ?DynamicResourceChangeNotify@@YAXPAUsession_node@@@Z 0041e710 f   blakres.obj
 0001:0001d9e0       ?AddBlock@@YAXHPAUin6_addr@@@Z 0041e9e0 f   block.obj
 0001:0001dab0       ?DeleteBlock@@YAXPAUin6_addr@@@Z 0041eab0 f   block.obj
 0001:0001db70       ?DeleteAllBlocks@@YAXXZ    0041eb70 f   block.obj
 0001:0001dc00       ?CheckBlockList@@YA_NPAUin6_addr@@@Z 0041ec00 f   block.obj
 0001:0001dc60       ?BuildBannedIPBlocks@@YAXPAD@Z 0041ec60 f   block.obj
 0001:0001de10       ?FindBlock@@YAPAUblock_node_struct@@PAUin6_addr@@@Z 0041ee10 f   block.obj
 0001:0001df90       ?InitBufferPool@@YAXXZ     0041ef90 f   bufpool.obj
 0001:0001dfd0       ?ResetBufferPool@@YAXXZ    0041efd0 f   bufpool.obj
 0001:0001e0d0       ?GetBuffer@@YAPAUbuffer_struct@@XZ 0041f0d0 f   bufpool.obj
 0001:0001e220       ?DeleteBuffer@@YAXPAUbuffer_struct@@@Z 0041f220 f   bufpool.obj
 0001:0001e290       ?AddToBufferList@@YAPAUbuffer_struct@@PAU1@PAXH@Z 0041f290 f   bufpool.obj
 0001:0001e3a0       ?AddByteToBufferList@@YAPAUbuffer_struct@@PAU1@D@Z 0041f3a0 f   bufpool.obj
 0001:0001e410       ?CopyBufferList@@YAPAUbuffer_struct@@PAU1@@Z 0041f410 f   bufpool.obj
 0001:0001e4d0       ?DeleteBufferList@@YAXPAUbuffer_struct@@@Z 0041f4d0 f   bufpool.obj
 0001:0001e670       ?CreateBuiltInAccounts@@YAXXZ 0041f670 f   builtin.obj
 0001:0001e9e0       ?C_Invalid@@YAHHPAUlocal_var_type@@HQAUparm_node@@H1@Z 0041f9e0 f   ccode.obj
 0001:0001ea00       ?C_SaveGame@@YAHHPAUlocal_var_type@@HQAUparm_node@@H1@Z 0041fa00 f   ccode.obj
 0001:0001eb70       ?C_LoadGame@@YAHHPAUlocal_var_type@@HQAUparm_node@@H1@Z 0041fb70 f   ccode.obj
 0001:0001ecd0       ?C_AddPacket@@YAHHPAUlocal_var_type@@HQAUparm_node@@H1@Z 0041fcd0 f   ccode.obj
 0001:0001ee00       ?C_SendPacket@@YAHHPAUlocal_var_type@@HQAUparm_node@@H1@Z 0041fe00 f   ccode.obj
 0001:0001eee0       ?C_SendCopyPacket@@YAHHPAUlocal_var_type@@HQAUparm_node@@H1@Z 0041fee0 f   ccode.obj
 0001:0001efc0       ?C_ClearPacket@@YAHHPAUlocal_var_type@@HQAUparm_node@@H1@Z 0041ffc0 f   ccode.obj
 0001:0001efe0       ?C_GodLog@@YAHHPAUlocal_var_type@@HQAUparm_node@@H1@Z 0041ffe0 f   ccode.obj
 0001:0001f5c0       ?C_Debug@@YAHHPAUlocal_var_type@@HQAUparm_node@@H1@Z 004205c0 f   ccode.obj
 0001:0001fbd0       ?C_GetInactiveTime@@YAHHPAUlocal_var_type@@HQAUparm_node@@H1@Z 00420bd0 f   ccode.obj
 0001:0001fd60       ?C_DumpStack@@YAHHPAUlocal_var_type@@HQAUparm_node@@H1@Z 00420d60 f   ccode.obj
 0001:0001fe00       ?C_SendMessage@@YAHHPAUlocal_var_type@@HQAUparm_node@@H1@Z 00420e00 f   ccode.obj
 0001:000200d0       ?C_PostMessage@@YAHHPAUlocal_var_type@@HQAUparm_node@@H1@Z 004210d0 f   ccode.obj
 0001:000203b0       ?C_SendListMessage@@YAHHPAUlocal_var_type@@HQAUparm_node@@H1@Z 004213b0 f   ccode.obj
 0001:00020750       ?C_SendListMessageBreak@@YAHHPAUlocal_var_type@@HQAUparm_node@@H1@Z 00421750 f   ccode.obj
 0001:00020af0       ?C_SendListMessageByClass@@YAHHPAUlocal_var_type@@HQAUparm_node@@H1@Z 00421af0 f   ccode.obj
 0001:00020f30       ?C_SendListMessageByClassBreak@@YAHHPAUlocal_var_type@@HQAUparm_node@@H1@Z 00421f30 f   ccode.obj
 0001:00021370       ?C_CreateObject@@YAHHPAUlocal_var_type@@HQAUparm_node@@H1@Z 00422370 f   ccode.obj
 0001:000214a0       ?C_GetClass@@YAHHPAUlocal_var_type@@HQAUparm_node@@H1@Z 004224a0 f   ccode.obj
 0001:000215f0       ?C_StringEqual@@YAHHPAUlocal_var_type@@HQAUparm_node@@H1@Z 004225f0 f   ccode.obj
 0001:00021ad0       ?C_StringSubstitute@@YAHHPAUlocal_var_type@@HQAUparm_node@@H1@Z 00422ad0 f   ccode.obj
 0001:000221c0       ?C_StringContain@@YAHHPAUlocal_var_type@@HQAUparm_node@@H1@Z 004231c0 f   ccode.obj
 0001:000226d0       ?C_SetResource@@YAHHPAUlocal_var_type@@HQAUparm_node@@H1@Z 004236d0 f   ccode.obj
 0001:00022980       ?C_ParseString@@YAHHPAUlocal_var_type@@HQAUparm_node@@H1@Z 00423980 f   ccode.obj
 0001:00022cf0       ?C_SetString@@YAHHPAUlocal_var_type@@HQAUparm_node@@H1@Z 00423cf0 f   ccode.obj
 0001:000231c0       ?C_AppendTempString@@YAHHPAUlocal_var_type@@HQAUparm_node@@H1@Z 004241c0 f   ccode.obj
 0001:00023460       ?C_ClearTempString@@YAHHPAUlocal_var_type@@HQAUparm_node@@H1@Z 00424460 f   ccode.obj
 0001:000234e0       ?C_GetTempString@@YAHHPAUlocal_var_type@@HQAUparm_node@@H1@Z 004244e0 f   ccode.obj
 0001:00023550       ?C_CreateString@@YAHHPAUlocal_var_type@@HQAUparm_node@@H1@Z 00424550 f   ccode.obj
 0001:000235e0       ?C_IsString@@YAHHPAUlocal_var_type@@HQAUparm_node@@H1@Z 004245e0 f   ccode.obj
 0001:000236d0       ?C_StringLength@@YAHHPAUlocal_var_type@@HQAUparm_node@@H1@Z 004246d0 f   ccode.obj
 0001:000237e0       ?C_StringConsistsOf@@YAHHPAUlocal_var_type@@HQAUparm_node@@H1@Z 004247e0 f   ccode.obj
 0001:000239d0       ?C_CreateTimer@@YAHHPAUlocal_var_type@@HQAUparm_node@@H1@Z 004249d0 f   ccode.obj
 0001:00023c80       ?C_DeleteTimer@@YAHHPAUlocal_var_type@@HQAUparm_node@@H1@Z 00424c80 f   ccode.obj
 0001:00023db0       ?C_GetTimeRemaining@@YAHHPAUlocal_var_type@@HQAUparm_node@@H1@Z 00424db0 f   ccode.obj
 0001:00023f30       ?C_IsTimer@@YAHHPAUlocal_var_type@@HQAUparm_node@@H1@Z 00424f30 f   ccode.obj
 0001:00024050       ?C_LoadRoom@@YAHHPAUlocal_var_type@@HQAUparm_node@@H1@Z 00425050 f   ccode.obj
 0001:00024130       ?C_FreeRoom@@YAHHPAUlocal_var_type@@HQAUparm_node@@H1@Z 00425130 f   ccode.obj
 0001:00024240       ?C_RoomData@@YAHHPAUlocal_var_type@@HQAUparm_node@@H1@Z 00425240 f   ccode.obj
 0001:000245c0       ?C_GetLocationInfoBSP@@YAHHPAUlocal_var_type@@HQAUparm_node@@H1@Z 004255c0 f   ccode.obj
 0001:00025150       ?C_CanMoveInRoomBSP@@YAHHPAUlocal_var_type@@HQAUparm_node@@H1@Z 00426150 f   ccode.obj
 0001:000259c0       ?C_LineOfSightBSP@@YAHHPAUlocal_var_type@@HQAUparm_node@@H1@Z 004269c0 f   ccode.obj
 0001:000261e0       ?C_LineOfSightView@@YAHHPAUlocal_var_type@@HQAUparm_node@@H1@Z 004271e0 f   ccode.obj
 0001:000268a0       ?C_ChangeTextureBSP@@YAHHPAUlocal_var_type@@HQAUparm_node@@H1@Z 004278a0 f   ccode.obj
 0001:00026b90       ?C_MoveSectorBSP@@YAHHPAUlocal_var_type@@HQAUparm_node@@H1@Z 00427b90 f   ccode.obj
 0001:00026f50       ?C_BlockerAddBSP@@YAHHPAUlocal_var_type@@HQAUparm_node@@H1@Z 00427f50 f   ccode.obj
 0001:000273d0       ?C_BlockerMoveBSP@@YAHHPAUlocal_var_type@@HQAUparm_node@@H1@Z 004283d0 f   ccode.obj
 0001:00027850       ?C_BlockerRemoveBSP@@YAHHPAUlocal_var_type@@HQAUparm_node@@H1@Z 00428850 f   ccode.obj
 0001:00027a40       ?C_BlockerClearBSP@@YAHHPAUlocal_var_type@@HQAUparm_node@@H1@Z 00428a40 f   ccode.obj
 0001:00027b90       ?C_GetRandomPointBSP@@YAHHPAUlocal_var_type@@HQAUparm_node@@H1@Z 00428b90 f   ccode.obj
 0001:00028190       ?C_GetStepTowardsBSP@@YAHHPAUlocal_var_type@@HQAUparm_node@@H1@Z 00429190 f   ccode.obj
 0001:00028c10       ?C_AppendListElem@@YAHHPAUlocal_var_type@@HQAUparm_node@@H1@Z 00429c10 f   ccode.obj
 0001:00028d90       ?C_Cons@@YAHHPAUlocal_var_type@@HQAUparm_node@@H1@Z 00429d90 f   ccode.obj
 0001:00028f10       ?C_First@@YAHHPAUlocal_var_type@@HQAUparm_node@@H1@Z 00429f10 f   ccode.obj
 0001:00029030       ?C_Rest@@YAHHPAUlocal_var_type@@HQAUparm_node@@H1@Z 0042a030 f   ccode.obj
 0001:00029150       ?C_Length@@YAHHPAUlocal_var_type@@HQAUparm_node@@H1@Z 0042a150 f   ccode.obj
 0001:000292a0       ?C_Last@@YAHHPAUlocal_var_type@@HQAUparm_node@@H1@Z 0042a2a0 f   ccode.obj
 0001:00029380       ?C_Nth@@YAHHPAUlocal_var_type@@HQAUparm_node@@H1@Z 0042a380 f   ccode.obj
 0001:00029540       ?C_IsListMatch@@YAHHPAUlocal_var_type@@HQAUparm_node@@H1@Z 0042a540 f   ccode.obj
 0001:00029700       ?C_List@@YAHHPAUlocal_var_type@@HQAUparm_node@@H1@Z 0042a700 f   ccode.obj
 0001:00029820       ?C_IsList@@YAHHPAUlocal_var_type@@HQAUparm_node@@H1@Z 0042a820 f   ccode.obj
 0001:00029920       ?C_SetFirst@@YAHHPAUlocal_var_type@@HQAUparm_node@@H1@Z 0042a920 f   ccode.obj
 0001:00029a60       ?C_SwapListElem@@YAHHPAUlocal_var_type@@HQAUparm_node@@H1@Z 0042aa60 f   ccode.obj
 0001:00029ca0       ?C_SetNth@@YAHHPAUlocal_var_type@@HQAUparm_node@@H1@Z 0042aca0 f   ccode.obj
 0001:00029e60       ?C_FindListElem@@YAHHPAUlocal_var_type@@HQAUparm_node@@H1@Z 0042ae60 f   ccode.obj
 0001:00029fe0       ?C_GetAllListNodesByClass@@YAHHPAUlocal_var_type@@HQAUparm_node@@H1@Z 0042afe0 f   ccode.obj
 0001:0002a200       ?C_GetListNode@@YAHHPAUlocal_var_type@@HQAUparm_node@@H1@Z 0042b200 f   ccode.obj
 0001:0002a410       ?C_GetListElemByClass@@YAHHPAUlocal_var_type@@HQAUparm_node@@H1@Z 0042b410 f   ccode.obj
 0001:0002a5a0       ?C_ListCopy@@YAHHPAUlocal_var_type@@HQAUparm_node@@H1@Z 0042b5a0 f   ccode.obj
 0001:0002a6e0       ?C_InsertListElem@@YAHHPAUlocal_var_type@@HQAUparm_node@@H1@Z 0042b6e0 f   ccode.obj
 0001:0002a930       ?C_DelListElem@@YAHHPAUlocal_var_type@@HQAUparm_node@@H1@Z 0042b930 f   ccode.obj
 0001:0002aa70       ?C_DelLastListElem@@YAHHPAUlocal_var_type@@HQAUparm_node@@H1@Z 0042ba70 f   ccode.obj
 0001:0002ab70       ?C_GetTimeZoneOffset@@YAHHPAUlocal_var_type@@HQAUparm_node@@H1@Z 0042bb70 f   ccode.obj
 0001:0002ac00       ?C_GetTime@@YAHHPAUlocal_var_type@@HQAUparm_node@@H1@Z 0042bc00 f   ccode.obj
 0001:0002ac90       ?C_GetTickCount@@YAHHPAUlocal_var_type@@HQAUparm_node@@H1@Z 0042bc90 f   ccode.obj
 0001:0002ad20       ?C_Random@@YAHHPAUlocal_var_type@@HQAUparm_node@@H1@Z 0042bd20 f   ccode.obj
 0001:0002af20       ?C_Abs@@YAHHPAUlocal_var_type@@HQAUparm_node@@H1@Z 0042bf20 f   ccode.obj
 0001:0002b060       ?C_Sqrt@@YAHHPAUlocal_var_type@@HQAUparm_node@@H1@Z 0042c060 f   ccode.obj
 0001:0002b1b0       ?C_Bound@@YAHHPAUlocal_var_type@@HQAUparm_node@@H1@Z 0042c1b0 f   ccode.obj
 0001:0002b3f0       ?C_CreateTable@@YAHHPAUlocal_var_type@@HQAUparm_node@@H1@Z 0042c3f0 f   ccode.obj
 0001:0002b540       ?C_AddTableEntry@@YAHHPAUlocal_var_type@@HQAUparm_node@@H1@Z 0042c540 f   ccode.obj
 0001:0002b730       ?C_GetTableEntry@@YAHHPAUlocal_var_type@@HQAUparm_node@@H1@Z 0042c730 f   ccode.obj
 0001:0002b870       ?C_DeleteTableEntry@@YAHHPAUlocal_var_type@@HQAUparm_node@@H1@Z 0042c870 f   ccode.obj
 0001:0002b9b0       ?C_DeleteTable@@YAHHPAUlocal_var_type@@HQAUparm_node@@H1@Z 0042c9b0 f   ccode.obj
 0001:0002ba90       ?C_IsTable@@YAHHPAUlocal_var_type@@HQAUparm_node@@H1@Z 0042ca90 f   ccode.obj
 0001:0002bb90       ?C_RecycleUser@@YAHHPAUlocal_var_type@@HQAUparm_node@@H1@Z 0042cb90 f   ccode.obj
 0001:0002bd40       ?C_IsObject@@YAHHPAUlocal_var_type@@HQAUparm_node@@H1@Z 0042cd40 f   ccode.obj
 0001:0002be50       ?C_StringToNumber@@YAHHPAUlocal_var_type@@HQAUparm_node@@H1@Z 0042ce50 f   ccode.obj
 0001:0002bfc0       ?C_RecordStat@@YAHHPAUlocal_var_type@@HQAUparm_node@@H1@Z 0042cfc0 f   ccode.obj
 0001:0002d410       ?C_GetSessionIP@@YAHHPAUlocal_var_type@@HQAUparm_node@@H1@Z 0042e410 f   ccode.obj
 0001:0002d5e0       ?C_SetClassVar@@YAHHPAUlocal_var_type@@HQAUparm_node@@H1@Z 0042e5e0 f   ccode.obj
 0001:0002d910       ?FuzzyCollapseString@@YAXPADPBDH@Z 0042e910 f   ccode.obj
 0001:0002da20       ?FuzzyBufferEqual@@YA_NPBDH0H@Z 0042ea20 f   ccode.obj
 0001:0002dc10       ?FuzzyBufferContain@@YA_NPBDH0H@Z 0042ec10 f   ccode.obj
 0001:0002dca0       ?stristr@@YAPBDPBD0@Z      0042eca0 f   ccode.obj
 0001:0002dd40       ?LookupString@@YA_NTval_type@@PBDPAPBDPAH@Z 0042ed40 f   ccode.obj
 0001:00031c80       ?RetrieveValue@@YA?ATval_type@@HPAUlocal_var_type@@HH@Z 00432c80 f i ccode.obj
 0001:00031f00       ?strstr@@YAPADQADQBD@Z     00432f00 f i ccode.obj
 0001:00031f30       _snprintf                  00432f30 f i ccode.obj
 0001:00031fa0       ?InitChannelBuffer@@YAXXZ  00432fa0 f   chanbuf.obj
 0001:00031fe0       ?WriteChannelBuffer@@YAXHPAD@Z 00432fe0 f   chanbuf.obj
 0001:00032120       ?IsNewChannelText@@YADXZ   00433120 f   chanbuf.obj
 0001:00032190       ?GetChannelBuffer@@YAPAUchannel_buffer_node@@XZ 00433190 f   chanbuf.obj
 0001:000321d0       ?DoneChannelBuffer@@YAXXZ  004331d0 f   chanbuf.obj
 0001:000322b0       ?OpenDefaultChannels@@YAXXZ 004332b0 f   channel.obj
 0001:00032350       ?CloseDefaultChannels@@YAXXZ 00433350 f   channel.obj
 0001:000323c0       ?FlushDefaultChannels@@YAXXZ 004333c0 f   channel.obj
 0001:00032420       ?aprintf@@YAXPBDZZ         00433420 f   channel.obj
 0001:00032500       ?dprintf@@YAXPBDZZ         00433500 f   channel.obj
 0001:00032620       ?eprintf@@YAXPBDZZ         00433620 f   channel.obj
 0001:00032710       ?bprintf@@YAXPBDZZ         00433710 f   channel.obj
 0001:00032830       ?lprintf@@YAXPBDZZ         00433830 f   channel.obj
 0001:00032950       ?gprintf@@YAXPBDZZ         00433950 f   channel.obj
 0001:00032b20       ?WriteStrChannel@@YAXHPAD@Z 00433b20 f   channel.obj
 0001:00032ba0       ?CreateFileChannel@@YAPAU_iobuf@@H@Z 00433ba0 f   channel.obj
 0001:00032ed0       _vsprintf                  00433ed0 f i channel.obj
 0001:00032f00       ?InitClass@@YAXXZ          00433f00 f   class.obj
 0001:00032f90       ?ResetClass@@YAXXZ         00433f90 f   class.obj
 0001:000331f0       ?AddClass@@YAXHPAUbof_class_header@@PAD1PAUbof_dstring@@PAUbof_line_table@@PAUbof_class_props@@@Z 004341f0 f   class.obj
 0001:00033450       ?SetClassName@@YAXHPAD@Z   00434450 f   class.obj
 0001:000334f0       ?SetClassesSuperPtr@@YAXXZ 004344f0 f   class.obj
 0001:000335d0       ?SetClassVariables@@YAXXZ  004345d0 f   class.obj
 0001:00033670       ?AddClassPropertyName@@YAXPAUclass_struct@@PADH@Z 00434670 f   class.obj
 0001:00033700       ?SetClassPropertyNames@@YAXXZ 00434700 f   class.obj
 0001:00033790       ?GetClassByName@@YAPAUclass_struct@@PBD@Z 00434790 f   class.obj
 0001:00033820       ?GetClassByID@@YAPAUclass_struct@@H@Z 00434820 f   class.obj
 0001:00033880       ?GetPropertyNameByID@@YAPBDPAUclass_struct@@H@Z 00434880 f   class.obj
 0001:000338a0       ?GetPropertyIDByName@@YAHPAUclass_struct@@PBD@Z 004348a0 f   class.obj
 0001:00033950       ?GetClassVarNameByID@@YAPADPAUclass_struct@@H@Z 00434950 f   class.obj
 0001:000339d0       ?GetClassVarIDByName@@YAHPAUclass_struct@@PBD@Z 004349d0 f   class.obj
 0001:00033a60       ?ForEachClass@@YAXP6AXPAUclass_struct@@@Z@Z 00434a60 f   class.obj
 0001:00033ae0       ?GetClassDebugStr@@YAPBDPAUclass_struct@@H@Z 00434ae0 f   class.obj
 0001:00033b30       ?GetSourceLine@@YAHPAUclass_struct@@PAD@Z 00434b30 f   class.obj
 0001:00033bc0       ?SetOneClassVariables@@YAXPAUclass_struct@@0@Z 00434bc0 f   class.obj
 0001:00033ca0       ?SetOneClassPropertyNames@@YAXPAUclass_struct@@@Z 00434ca0 f   class.obj
 0001:00034100       ?InitCommCli@@YAXXZ        00435100 f   commcli.obj
 0001:00034110       ?AddBlakodToPacket@@YAXTval_type@@0@Z 00435110 f   commcli.obj
 0001:000343b0       ?AddByteToPacket@@YAXE@Z   004353b0 f   commcli.obj
 0001:000343e0       ?AddShortToPacket@@YAXF@Z  004353e0 f   commcli.obj
 0001:00034410       ?AddIntToPacket@@YAXH@Z    00435410 f   commcli.obj
 0001:00034440       ?AddStringToPacket@@YAXHPBD@Z 00435440 f   commcli.obj
 0001:000344d0       ?SecurePacketBufferList@@YAXHPAUbuffer_struct@@@Z 004354d0 f   commcli.obj
 0001:00034670       ?SendPacket@@YAXH@Z        00435670 f   commcli.obj
 0001:000346b0       ?SendCopyPacket@@YAXH@Z    004356b0 f   commcli.obj
 0001:00034700       ?ClearPacket@@YAXXZ        00435700 f   commcli.obj
 0001:00034730       ?ClientHangupToBlakod@@YAXPAUsession_node@@@Z 00435730 f   commcli.obj
 0001:00034870       ?SendBlakodBeginSystemEvent@@YAXH@Z 00435870 f   commcli.obj
 0001:00034960       ?SendBlakodEndSystemEvent@@YAXH@Z 00435960 f   commcli.obj
 0001:00034cd0       ?InitConfig@@YAXXZ         00435cd0 f   config.obj
 0001:00034d40       ?ResetConfig@@YAXXZ        00435d40 f   config.obj
 0001:00034d50       ?GetConfigByID@@YAPAUconfig_node@@H@Z 00435d50 f   config.obj
 0001:00034da0       ?ForEachConfigNode@@YAXP6AXPAUconfig_node@@PBD1@Z@Z 00435da0 f   config.obj
 0001:00034e20       ?ConfigInt@@YAHH@Z         00435e20 f   config.obj
 0001:00034ec0       ?ConfigStr@@YAPADH@Z       00435ec0 f   config.obj
 0001:00034f50       ?ConfigBool@@YADH@Z        00435f50 f   config.obj
 0001:00034ff0       ?LockConfigStr@@YAPADH@Z   00435ff0 f   config.obj
 0001:00035070       ?UnlockConfigStr@@YAXXZ    00436070 f   config.obj
 0001:00035090       ?GetConfigIDByGroupAndName@@YAHPAD0@Z 00436090 f   config.obj
 0001:00035140       ?SetConfigInt@@YAXHH@Z     00436140 f   config.obj
 0001:000351d0       ?SetConfigBool@@YAXHD@Z    004361d0 f   config.obj
 0001:00035260       ?SetConfigStr@@YAXHPAD@Z   00436260 f   config.obj
 0001:00035350       ?LoadConfig@@YAXXZ         00436350 f   config.obj
 0001:000354f0       ?AddConfig@@YAPBDHPBDHH@Z  004364f0 f   config.obj
 0001:000358b0       ?LockDynamicConfig@@YAXXZ  004368b0 f   config.obj
 0001:000358e0       ?UnlockDynamicConfig@@YAXXZ 004368e0 f   config.obj
 0001:00035910       ?LoadConfigLine@@YAHPADHPBDH@Z 00436910 f   config.obj
 0001:00035fe0       ?MySQLInit@@YAXPAD000@Z    00436fe0 f   database.obj
 0001:00036090       ?MySQLEnd@@YAXXZ           00437090 f   database.obj
 0001:000360a0       ?MySQLRecordTotalMoney@@YAHH@Z 004370a0 f   database.obj
 0001:00036160       ?MySQLRecordMoneyCreated@@YAHH@Z 00437160 f   database.obj
 0001:00036220       ?MySQLRecordPlayerLogin@@YAHPAD00@Z 00437220 f   database.obj
 0001:00036350       ?MySQLRecordPlayerAssessDamage@@YAHPAD0HHHH0@Z 00437350 f   database.obj
 0001:000364b0       ?MySQLRecordPlayerDeath@@YAHPAD000H@Z 004374b0 f   database.obj
 0001:00036620       ?MySQLRecordPlayer@@YAHHPAD000HHHHHHHH@Z 00437620 f   database.obj
 0001:00036800       ?MySQLRecordPlayerSuicide@@YAHHPAD@Z 00437800 f   database.obj
 0001:000368f0       ?MySQLRecordGuild@@YAHPAD00@Z 004378f0 f   database.obj
 0001:00036a20       ?MySQLRecordGuildDisband@@YAHPAD@Z 00437a20 f   database.obj
 0001:00036b00       ?_MySQLWorker@@YAXPAX@Z    00437b00 f   database.obj
 0001:00036da0       ?_MySQLVerifySchema@@YAXXZ 00437da0 f   database.obj
 0001:00036f70       ?_MySQLEnqueue@@YAHPAUsql_queue_node@@@Z 00437f70 f   database.obj
 0001:00037060       ?_MySQLDequeue@@YAHH@Z     00438060 f   database.obj
 0001:00037130       ?_MySQLCallProc@@YAXPADQAUst_mysql_bind@@@Z 00438130 f   database.obj
 0001:000371c0       ?_MySQLWriteNode@@YAXPAUsql_queue_node@@H@Z 004381c0 f   database.obj
 0001:00037300       ?_MySQLWriteTotalMoney@@YAXPAUsql_record_totalmoney@@H@Z 00438300 f   database.obj
 0001:000373c0       ?_MySQLWriteMoneyCreated@@YAXPAUsql_record_moneycreated@@H@Z 004383c0 f   database.obj
 0001:00037480       ?_MySQLWritePlayerLogin@@YAXPAUsql_record_playerlogin@@H@Z 00438480 f   database.obj
 0001:000376c0       ?_MySQLWritePlayerAssessDamage@@YAXPAUsql_record_playerassessdamage@@H@Z 004386c0 f   database.obj
 0001:00037a40       ?_MySQLWritePlayerDeath@@YAXPAUsql_record_playerdeath@@H@Z 00438a40 f   database.obj
 0001:00037d60       ?_MySQLWritePlayer@@YAXPAUsql_record_player@@H@Z 00438d60 f   database.obj
 0001:000382e0       ?_MySQLWritePlayerSuicide@@YAXPAUsql_record_playersuicide@@H@Z 004392e0 f   database.obj
 0001:00038430       ?_MySQLWriteGuild@@YAXPAUsql_record_guild@@H@Z 00439430 f   database.obj
 0001:00038640       ?_MySQLWriteGuildDisband@@YAXPAUsql_record_guilddisband@@H@Z 00439640 f   database.obj
 0001:000390f0       ?InitDebug@@YAXXZ          0043a0f0 f   debug.obj
 0001:00039120       ?DebugHeapAll@@YAXXZ       0043a120 f   debug.obj
 0001:00039140       ?DebugCheckHeap@@YAXXZ     0043a140 f   debug.obj
 0001:00039160       ?InitDLlist@@YAXXZ         0043a160 f   dllist.obj
 0001:00039170       ?ResetDLlist@@YAXXZ        0043a170 f   dllist.obj
 0001:00039200       ?GetDLNodeByFilename@@YAPAUdllist_struct@@PAD@Z 0043a200 f   dllist.obj
 0001:00039250       ?CountNewDLFile@@YAHPAUsession_node@@@Z 0043a250 f   dllist.obj
 0001:000392c0       ?ForEachNewDLFile@@YAXPAUsession_node@@P6AXPADHHH@Z@Z 0043a2c0 f   dllist.obj
 0001:00039350       ?ForEachDLlist@@YAXP6AXPAUdllist_struct@@@Z@Z 0043a350 f   dllist.obj
 0001:000393a0       ?AddBuiltInDLlist@@YAXXZ   0043a3a0 f   dllist.obj
 0001:00039660       ?AddDLlist@@YAXPADHHH@Z    0043a660 f   dllist.obj
 0001:00039780       ?AddOrUpdateDLlist@@YAXPADHHH@Z 0043a780 f   dllist.obj
 0001:00039ae0       ?FindMatchingFiles@@YA_NPBDPAV?$vector@V?$basic_string@DU?$char_traits@D@std@@V?$allocator@D@2@@std@@V?$allocator@V?$basic_string@DU?$char_traits@D@std@@V?$allocator@D@2@@std@@@2@@std@@@Z 0043aae0 f   files.obj
 0001:00039c20       ?BlakMoveFile@@YA_NPBD0@Z  0043ac20 f   files.obj
 0001:00039d10       ??$?0$$V@?$_Compressed_pair@U?$_Wrap_alloc@V?$allocator@D@std@@@std@@V?$_String_val@U?$_Simple_types@D@std@@@2@$00@std@@QAE@U_Zero_then_variadic_args_t@1@@Z 0043ad10 f i files.obj
 0001:00039d50       ??$?0U?$_Wrap_alloc@V?$allocator@D@std@@@std@@$$V@?$_Compressed_pair@U?$_Wrap_alloc@V?$allocator@D@std@@@std@@V?$_String_val@U?$_Simple_types@D@std@@@2@$00@std@@QAE@U_One_then_variadic_args_t@1@$$QAU?$_Wrap_alloc@V?$allocator@D@std@@@1@@Z 0043ad50 f i files.obj
 0001:00039da0       ??$?0U?$_Wrap_alloc@V?$allocator@D@std@@@std@@X@?$_String_alloc@U?$_String_base_types@DV?$allocator@D@std@@@std@@@std@@QAE@$$QAU?$_Wrap_alloc@V?$allocator@D@std@@@1@@Z 0043ada0 f i files.obj
 0001:00039e00       ??$?0U?$integral_constant@_N$00@std@@@_Any_tag@std@@QAE@$$QAU?$integral_constant@_N$00@1@@Z 0043ae00 f i files.obj
 0001:00039e20       ??$_Destroy_range1@V?$allocator@V?$basic_string@DU?$char_traits@D@std@@V?$allocator@D@2@@std@@@std@@PAV?$basic_string@DU?$char_traits@D@std@@V?$allocator@D@2@@2@@std@@YAXPAV?$basic_string@DU?$char_traits@D@std@@V?$allocator@D@2@@0@0AAU?$_Wrap_alloc@V?$allocator@V?$basic_string@DU?$char_traits@D@std@@V?$allocator@D@2@@std@@@std@@@0@U?$integral_constant@_N$0A@@0@@Z 0043ae20 f i files.obj
 0001:00039e70       ??$_Destroy_range@V?$allocator@V?$basic_string@DU?$char_traits@D@std@@V?$allocator@D@2@@std@@@std@@PAV?$basic_string@DU?$char_traits@D@std@@V?$allocator@D@2@@2@@std@@YAXPAV?$basic_string@DU?$char_traits@D@std@@V?$allocator@D@2@@0@0AAU?$_Wrap_alloc@V?$allocator@V?$basic_string@DU?$char_traits@D@std@@V?$allocator@D@2@@std@@@std@@@0@@Z 0043ae70 f i files.obj
 0001:00039eb0       ??$_Ptr_move_cat@V?$basic_string@DU?$char_traits@D@std@@V?$allocator@D@2@@std@@V12@@std@@YA?AU_General_ptr_iterator_tag@0@ABQAV?$basic_string@DU?$char_traits@D@std@@V?$allocator@D@2@@0@0@Z 0043aeb0 f i files.obj
 0001:00039ed0       ??$_Rechecked@PAV?$basic_string@DU?$char_traits@D@std@@V?$allocator@D@2@@std@@PAV12@@std@@YAAAPAV?$basic_string@DU?$char_traits@D@std@@V?$allocator@D@2@@0@AAPAV10@PAV10@@Z 0043aed0 f i files.obj
 0001:00039ef0       ??$_Umove@PAV?$basic_string@DU?$char_traits@D@std@@V?$allocator@D@2@@std@@@?$vector@V?$basic_string@DU?$char_traits@D@std@@V?$allocator@D@2@@std@@V?$allocator@V?$basic_string@DU?$char_traits@D@std@@V?$allocator@D@2@@std@@@2@@std@@IAEPAV?$basic_string@DU?$char_traits@D@std@@V?$allocator@D@2@@1@PAV21@00@Z 0043aef0 f i files.obj
 0001:00039f40       ??$_Unchecked@PAV?$basic_string@DU?$char_traits@D@std@@V?$allocator@D@2@@std@@@std@@YAPAV?$basic_string@DU?$char_traits@D@std@@V?$allocator@D@2@@0@PAV10@@Z 0043af40 f i files.obj
 0001:00039f50       ??$_Unfancy@D@std@@YAPADPAD@Z 0043af50 f i files.obj
 0001:00039f60       ??$_Unfancy@V?$basic_string@DU?$char_traits@D@std@@V?$allocator@D@2@@std@@@std@@YAPAV?$basic_string@DU?$char_traits@D@std@@V?$allocator@D@2@@0@PAV10@@Z 0043af60 f i files.obj
 0001:00039f70       ??$_Uninitialized_move@PAV?$basic_string@DU?$char_traits@D@std@@V?$allocator@D@2@@std@@PAV12@V?$allocator@V?$basic_string@DU?$char_traits@D@std@@V?$allocator@D@2@@std@@@2@@std@@YAPAV?$basic_string@DU?$char_traits@D@std@@V?$allocator@D@2@@0@PAV10@00AAU?$_Wrap_alloc@V?$allocator@V?$basic_string@DU?$char_traits@D@std@@V?$allocator@D@2@@std@@@std@@@0@@Z 0043af70 f i files.obj
 0001:00039fe0       ??$_Uninitialized_move_al_unchecked1@PAV?$basic_string@DU?$char_traits@D@std@@V?$allocator@D@2@@std@@PAV12@V?$allocator@V?$basic_string@DU?$char_traits@D@std@@V?$allocator@D@2@@std@@@2@@std@@YAPAV?$basic_string@DU?$char_traits@D@std@@V?$allocator@D@2@@0@PAV10@00AAU?$_Wrap_alloc@V?$allocator@V?$basic_string@DU?$char_traits@D@std@@V?$allocator@D@2@@std@@@std@@@0@U_General_ptr_iterator_tag@0@U_Any_tag@0@@Z 0043afe0 f i files.obj
 0001:0003a100       ??$_Uninitialized_move_al_unchecked@PAV?$basic_string@DU?$char_traits@D@std@@V?$allocator@D@2@@std@@PAV12@V?$allocator@V?$basic_string@DU?$char_traits@D@std@@V?$allocator@D@2@@std@@@2@@std@@YAPAV?$basic_string@DU?$char_traits@D@std@@V?$allocator@D@2@@0@PAV10@00AAU?$_Wrap_alloc@V?$allocator@V?$basic_string@DU?$char_traits@D@std@@V?$allocator@D@2@@std@@@std@@@0@@Z 0043b100 f i files.obj
 0001:0003a180       ??$addressof@PAD@std@@YAPAPADAAPAD@Z 0043b180 f i files.obj
 0001:0003a190       ??$addressof@V?$basic_string@DU?$char_traits@D@std@@V?$allocator@D@2@@std@@@std@@YAPAV?$basic_string@DU?$char_traits@D@std@@V?$allocator@D@2@@0@AAV10@@Z 0043b190 f i files.obj
 0001:0003a1a0       ??$construct@PADAAPAD@?$_Wrap_alloc@V?$allocator@D@std@@@std@@QAEXPAPADAAPAD@Z 0043b1a0 f i files.obj
 0001:0003a1f0       ??$construct@PADAAPAD@?$allocator@D@std@@QAEXPAPADAAPAD@Z 0043b1f0 f i files.obj
 0001:0003a270       ??$construct@PADAAPAD@?$allocator_traits@V?$allocator@D@std@@@std@@SAXAAV?$allocator@D@1@PAPADAAPAD@Z 0043b270 f i files.obj
 0001:0003a2a0       ??$construct@V?$basic_string@DU?$char_traits@D@std@@V?$allocator@D@2@@std@@V12@@?$_Wrap_alloc@V?$allocator@V?$basic_string@DU?$char_traits@D@std@@V?$allocator@D@2@@std@@@std@@@std@@QAEXPAV?$basic_string@DU?$char_traits@D@std@@V?$allocator@D@2@@1@$$QAV21@@Z 0043b2a0 f i files.obj
 0001:0003a2f0       ??$construct@V?$basic_string@DU?$char_traits@D@std@@V?$allocator@D@2@@std@@V12@@?$allocator@V?$basic_string@DU?$char_traits@D@std@@V?$allocator@D@2@@std@@@std@@QAEXPAV?$basic_string@DU?$char_traits@D@std@@V?$allocator@D@2@@1@$$QAV21@@Z 0043b2f0 f i files.obj
 0001:0003a370       ??$construct@V?$basic_string@DU?$char_traits@D@std@@V?$allocator@D@2@@std@@V12@@?$allocator_traits@V?$allocator@V?$basic_string@DU?$char_traits@D@std@@V?$allocator@D@2@@std@@@std@@@std@@SAXAAV?$allocator@V?$basic_string@DU?$char_traits@D@std@@V?$allocator@D@2@@std@@@1@PAV?$basic_string@DU?$char_traits@D@std@@V?$allocator@D@2@@1@$$QAV31@@Z 0043b370 f i files.obj
 0001:0003a3a0       ??$destroy@PAD@?$_Wrap_alloc@V?$allocator@D@std@@@std@@QAEXPAPAD@Z 0043b3a0 f i files.obj
 0001:0003a3e0       ??$destroy@PAD@?$allocator@D@std@@QAEXPAPAD@Z 0043b3e0 f i files.obj
 0001:0003a400       ??$destroy@PAD@?$allocator_traits@V?$allocator@D@std@@@std@@SAXAAV?$allocator@D@1@PAPAD@Z 0043b400 f i files.obj
 0001:0003a420       ??$destroy@V?$basic_string@DU?$char_traits@D@std@@V?$allocator@D@2@@std@@@?$_Wrap_alloc@V?$allocator@V?$basic_string@DU?$char_traits@D@std@@V?$allocator@D@2@@std@@@std@@@std@@QAEXPAV?$basic_string@DU?$char_traits@D@std@@V?$allocator@D@2@@1@@Z 0043b420 f i files.obj
 0001:0003a460       ??$destroy@V?$basic_string@DU?$char_traits@D@std@@V?$allocator@D@2@@std@@@?$allocator@V?$basic_string@DU?$char_traits@D@std@@V?$allocator@D@2@@std@@@std@@QAEXPAV?$basic_string@DU?$char_traits@D@std@@V?$allocator@D@2@@1@@Z 0043b460 f i files.obj
 0001:0003a4a0       ??$destroy@V?$basic_string@DU?$char_traits@D@std@@V?$allocator@D@2@@std@@@?$allocator_traits@V?$allocator@V?$basic_string@DU?$char_traits@D@std@@V?$allocator@D@2@@std@@@std@@@std@@SAXAAV?$allocator@V?$basic_string@DU?$char_traits@D@std@@V?$allocator@D@2@@std@@@1@PAV?$basic_string@DU?$char_traits@D@std@@V?$allocator@D@2@@1@@Z 0043b4a0 f i files.obj
 0001:0003a4c0       ??$forward@AAPAD@std@@YAAAPADAAPAD@Z 0043b4c0 f i files.obj
 0001:0003a4d0       ??$forward@U?$_Wrap_alloc@V?$allocator@D@std@@@std@@@std@@YA$$QAU?$_Wrap_alloc@V?$allocator@D@std@@@0@AAU10@@Z 0043b4d0 f i files.obj
 0001:0003a4e0       ??$forward@V?$basic_string@DU?$char_traits@D@std@@V?$allocator@D@2@@std@@@std@@YA$$QAV?$basic_string@DU?$char_traits@D@std@@V?$allocator@D@2@@0@AAV10@@Z 0043b4e0 f i files.obj
 0001:0003a4f0       ??$move@AAU?$_Wrap_alloc@V?$allocator@D@std@@@std@@@std@@YA$$QAU?$_Wrap_alloc@V?$allocator@D@std@@@0@AAU10@@Z 0043b4f0 f i files.obj
 0001:0003a500       ??$move@AAV?$basic_string@DU?$char_traits@D@std@@V?$allocator@D@2@@std@@@std@@YA$$QAV?$basic_string@DU?$char_traits@D@std@@V?$allocator@D@2@@0@AAV10@@Z 0043b500 f i files.obj
 0001:0003a510       ??0?$_String_alloc@U?$_String_base_types@DV?$allocator@D@std@@@std@@@std@@QAE@XZ 0043b510 f i files.obj
 0001:0003a560       ??0?$_String_val@U?$_Simple_types@D@std@@@std@@QAE@XZ 0043b560 f i files.obj
 0001:0003a5b0       ??0?$_Wrap_alloc@V?$allocator@D@std@@@std@@QAE@$$QAU01@@Z 0043b5b0 f i files.obj
 0001:0003a600       ??0?$_Wrap_alloc@V?$allocator@D@std@@@std@@QAE@XZ 0043b600 f i files.obj
 0001:0003a630       ??0?$allocator@D@std@@QAE@ABV01@@Z 0043b630 f i files.obj
 0001:0003a650       ??0?$allocator@D@std@@QAE@XZ 0043b650 f i files.obj
 0001:0003a670       ??0?$basic_string@DU?$char_traits@D@std@@V?$allocator@D@2@@std@@QAE@$$QAV01@@Z 0043b670 f i files.obj
 0001:0003a720       ??0?$basic_string@DU?$char_traits@D@std@@V?$allocator@D@2@@std@@QAE@PBD@Z 0043b720 f i files.obj
 0001:0003a7c0       ??0_Bxty@?$_String_val@U?$_Simple_types@D@std@@@std@@QAE@XZ 0043b7c0 f i files.obj
 0001:0003a7e0       ??1?$_Compressed_pair@U?$_Wrap_alloc@V?$allocator@D@std@@@std@@V?$_String_val@U?$_Simple_types@D@std@@@2@$00@std@@QAE@XZ 0043b7e0 f i files.obj
 0001:0003a810       ??1?$_String_alloc@U?$_String_base_types@DV?$allocator@D@std@@@std@@@std@@QAE@XZ 0043b810 f i files.obj
 0001:0003a840       ??1?$_String_val@U?$_Simple_types@D@std@@@std@@QAE@XZ 0043b840 f i files.obj
 0001:0003a870       ??1?$basic_string@DU?$char_traits@D@std@@V?$allocator@D@2@@std@@QAE@XZ 0043b870 f i files.obj
 0001:0003a8e0       ??1_Bxty@?$_String_val@U?$_Simple_types@D@std@@@std@@QAE@XZ 0043b8e0 f i files.obj
 0001:0003a900       ??2@YAPAXIPAX@Z            0043b900 f i files.obj
 0001:0003a910       ??_G?$basic_string@DU?$char_traits@D@std@@V?$allocator@D@2@@std@@QAEPAXI@Z 0043b910 f i files.obj
 0001:0003a960       ?_Allocate@std@@YAPAXII_N@Z 0043b960 f i files.obj
 0001:0003aa70       ?_Assign_rv@?$basic_string@DU?$char_traits@D@std@@V?$allocator@D@2@@std@@QAEX$$QAV12@@Z 0043ba70 f i files.obj
 0001:0003ab70       ?_Bx@?$_String_alloc@U?$_String_base_types@DV?$allocator@D@std@@@std@@@std@@QAEAAT_Bxty@?$_String_val@U?$_Simple_types@D@std@@@2@XZ 0043bb70 f i files.obj
 0001:0003aba0       ?_Check_offset@?$basic_string@DU?$char_traits@D@std@@V?$allocator@D@2@@std@@QBEXI@Z 0043bba0 f i files.obj
 0001:0003abf0       ?_Clamp_suffix_size@?$basic_string@DU?$char_traits@D@std@@V?$allocator@D@2@@std@@QBEIII@Z 0043bbf0 f i files.obj
 0001:0003ac50       ?_Copy@?$basic_string@DU?$char_traits@D@std@@V?$allocator@D@2@@std@@QAEXII@Z 0043bc50 f i files.obj
 0001:0003af00       ?_Deallocate@std@@YAXPAXII@Z 0043bf00 f i files.obj
 0001:0003afe0       ?_Destroy@?$vector@V?$basic_string@DU?$char_traits@D@std@@V?$allocator@D@2@@std@@V?$allocator@V?$basic_string@DU?$char_traits@D@std@@V?$allocator@D@2@@std@@@2@@std@@IAEXPAV?$basic_string@DU?$char_traits@D@std@@V?$allocator@D@2@@2@0@Z 0043bfe0 f i files.obj
 0001:0003b030       ?_Eos@?$basic_string@DU?$char_traits@D@std@@V?$allocator@D@2@@std@@QAEXI@Z 0043c030 f i files.obj
 0001:0003b0b0       ?_Get_data@?$_String_alloc@U?$_String_base_types@DV?$allocator@D@std@@@std@@@std@@QAEAAV?$_String_val@U?$_Simple_types@D@std@@@2@XZ 0043c0b0 f i files.obj
 0001:0003b0e0       ?_Get_data@?$_String_alloc@U?$_String_base_types@DV?$allocator@D@std@@@std@@@std@@QBEABV?$_String_val@U?$_Simple_types@D@std@@@2@XZ 0043c0e0 f i files.obj
 0001:0003b110       ?_Get_data@?$_Vector_alloc@U?$_Vec_base_types@V?$basic_string@DU?$char_traits@D@std@@V?$allocator@D@2@@std@@V?$allocator@V?$basic_string@DU?$char_traits@D@std@@V?$allocator@D@2@@std@@@2@@std@@@std@@QAEAAV?$_Vector_val@U?$_Simple_types@V?$basic_string@DU?$char_traits@D@std@@V?$allocator@D@2@@std@@@std@@@2@XZ 0043c110 f i files.obj
 0001:0003b140       ?_Get_data@?$_Vector_alloc@U?$_Vec_base_types@V?$basic_string@DU?$char_traits@D@std@@V?$allocator@D@2@@std@@V?$allocator@V?$basic_string@DU?$char_traits@D@std@@V?$allocator@D@2@@std@@@2@@std@@@std@@QBEABV?$_Vector_val@U?$_Simple_types@V?$basic_string@DU?$char_traits@D@std@@V?$allocator@D@2@@std@@@std@@@2@XZ 0043c140 f i files.obj
 0001:0003b170       ?_Get_first@?$_Compressed_pair@U?$_Wrap_alloc@V?$allocator@D@std@@@std@@V?$_String_val@U?$_Simple_types@D@std@@@2@$00@std@@QAEAAU?$_Wrap_alloc@V?$allocator@D@std@@@2@XZ 0043c170 f i files.obj
 0001:0003b190       ?_Get_first@?$_Compressed_pair@U?$_Wrap_alloc@V?$allocator@D@std@@@std@@V?$_String_val@U?$_Simple_types@D@std@@@2@$00@std@@QBEABU?$_Wrap_alloc@V?$allocator@D@std@@@2@XZ 0043c190 f i files.obj
 0001:0003b1b0       ?_Get_first@?$_Compressed_pair@U?$_Wrap_alloc@V?$allocator@V?$basic_string@DU?$char_traits@D@std@@V?$allocator@D@2@@std@@@std@@@std@@V?$_Vector_val@U?$_Simple_types@V?$basic_string@DU?$char_traits@D@std@@V?$allocator@D@2@@std@@@std@@@2@$00@std@@QAEAAU?$_Wrap_alloc@V?$allocator@V?$basic_string@DU?$char_traits@D@std@@V?$allocator@D@2@@std@@@std@@@2@XZ 0043c1b0 f i files.obj
 0001:0003b1d0       ?_Get_first@?$_Compressed_pair@U?$_Wrap_alloc@V?$allocator@V?$basic_string@DU?$char_traits@D@std@@V?$allocator@D@2@@std@@@std@@@std@@V?$_Vector_val@U?$_Simple_types@V?$basic_string@DU?$char_traits@D@std@@V?$allocator@D@2@@std@@@std@@@2@$00@std@@QBEABU?$_Wrap_alloc@V?$allocator@V?$basic_string@DU?$char_traits@D@std@@V?$allocator@D@2@@std@@@std@@@2@XZ 0043c1d0 f i files.obj
 0001:0003b1f0       ?_Get_second@?$_Compressed_pair@U?$_Wrap_alloc@V?$allocator@D@std@@@std@@V?$_String_val@U?$_Simple_types@D@std@@@2@$00@std@@QAEAAV?$_String_val@U?$_Simple_types@D@std@@@2@XZ 0043c1f0 f i files.obj
 0001:0003b210       ?_Get_second@?$_Compressed_pair@U?$_Wrap_alloc@V?$allocator@D@std@@@std@@V?$_String_val@U?$_Simple_types@D@std@@@2@$00@std@@QBEABV?$_String_val@U?$_Simple_types@D@std@@@2@XZ 0043c210 f i files.obj
 0001:0003b230       ?_Get_second@?$_Compressed_pair@U?$_Wrap_alloc@V?$allocator@V?$basic_string@DU?$char_traits@D@std@@V?$allocator@D@2@@std@@@std@@@std@@V?$_Vector_val@U?$_Simple_types@V?$basic_string@DU?$char_traits@D@std@@V?$allocator@D@2@@std@@@std@@@2@$00@std@@QAEAAV?$_Vector_val@U?$_Simple_types@V?$basic_string@DU?$char_traits@D@std@@V?$allocator@D@2@@std@@@std@@@2@XZ 0043c230 f i files.obj
 0001:0003b250       ?_Get_second@?$_Compressed_pair@U?$_Wrap_alloc@V?$allocator@V?$basic_string@DU?$char_traits@D@std@@V?$allocator@D@2@@std@@@std@@@std@@V?$_Vector_val@U?$_Simple_types@V?$basic_string@DU?$char_traits@D@std@@V?$allocator@D@2@@std@@@std@@@2@$00@std@@QBEABV?$_Vector_val@U?$_Simple_types@V?$basic_string@DU?$char_traits@D@std@@V?$allocator@D@2@@std@@@std@@@2@XZ 0043c250 f i files.obj
 0001:0003b270       ?_Getal@?$_String_alloc@U?$_String_base_types@DV?$allocator@D@std@@@std@@@std@@QAEAAU?$_Wrap_alloc@V?$allocator@D@std@@@2@XZ 0043c270 f i files.obj
 0001:0003b2a0       ?_Getal@?$_String_alloc@U?$_String_base_types@DV?$allocator@D@std@@@std@@@std@@QBEABU?$_Wrap_alloc@V?$allocator@D@std@@@2@XZ 0043c2a0 f i files.obj
 0001:0003b2d0       ?_Getal@?$_Vector_alloc@U?$_Vec_base_types@V?$basic_string@DU?$char_traits@D@std@@V?$allocator@D@2@@std@@V?$allocator@V?$basic_string@DU?$char_traits@D@std@@V?$allocator@D@2@@std@@@2@@std@@@std@@QAEAAU?$_Wrap_alloc@V?$allocator@V?$basic_string@DU?$char_traits@D@std@@V?$allocator@D@2@@std@@@std@@@2@XZ 0043c2d0 f i files.obj
 0001:0003b300       ?_Getal@?$_Vector_alloc@U?$_Vec_base_types@V?$basic_string@DU?$char_traits@D@std@@V?$allocator@D@2@@std@@V?$allocator@V?$basic_string@DU?$char_traits@D@std@@V?$allocator@D@2@@std@@@2@@std@@@std@@QBEABU?$_Wrap_alloc@V?$allocator@V?$basic_string@DU?$char_traits@D@std@@V?$allocator@D@2@@std@@@std@@@2@XZ 0043c300 f i files.obj
 0001:0003b330       ?_Grow@?$basic_string@DU?$char_traits@D@std@@V?$allocator@D@2@@std@@QAE_NI_N@Z 0043c330 f i files.obj
 0001:0003b440       ?_Grow_to@?$vector@V?$basic_string@DU?$char_traits@D@std@@V?$allocator@D@2@@std@@V?$allocator@V?$basic_string@DU?$char_traits@D@std@@V?$allocator@D@2@@std@@@2@@std@@IBEII@Z 0043c440 f i files.obj
 0001:0003b4e0       ?_Inside@?$basic_string@DU?$char_traits@D@std@@V?$allocator@D@2@@std@@QAE_NPBD@Z 0043c4e0 f i files.obj
 0001:0003b550       ?_Inside@?$vector@V?$basic_string@DU?$char_traits@D@std@@V?$allocator@D@2@@std@@V?$allocator@V?$basic_string@DU?$char_traits@D@std@@V?$allocator@D@2@@std@@@2@@std@@IBE_NPBV?$basic_string@DU?$char_traits@D@std@@V?$allocator@D@2@@2@@Z 0043c550 f i files.obj
 0001:0003b5e0       ?_Myend@?$_Vector_alloc@U?$_Vec_base_types@V?$basic_string@DU?$char_traits@D@std@@V?$allocator@D@2@@std@@V?$allocator@V?$basic_string@DU?$char_traits@D@std@@V?$allocator@D@2@@std@@@2@@std@@@std@@QAEAAPAV?$basic_string@DU?$char_traits@D@std@@V?$allocator@D@2@@2@XZ 0043c5e0 f i files.obj
 0001:0003b610       ?_Myend@?$_Vector_alloc@U?$_Vec_base_types@V?$basic_string@DU?$char_traits@D@std@@V?$allocator@D@2@@std@@V?$allocator@V?$basic_string@DU?$char_traits@D@std@@V?$allocator@D@2@@std@@@2@@std@@@std@@QBEABQAV?$basic_string@DU?$char_traits@D@std@@V?$allocator@D@2@@2@XZ 0043c610 f i files.obj
 0001:0003b640       ?_Myfirst@?$_Vector_alloc@U?$_Vec_base_types@V?$basic_string@DU?$char_traits@D@std@@V?$allocator@D@2@@std@@V?$allocator@V?$basic_string@DU?$char_traits@D@std@@V?$allocator@D@2@@std@@@2@@std@@@std@@QAEAAPAV?$basic_string@DU?$char_traits@D@std@@V?$allocator@D@2@@2@XZ 0043c640 f i files.obj
 0001:0003b670       ?_Myfirst@?$_Vector_alloc@U?$_Vec_base_types@V?$basic_string@DU?$char_traits@D@std@@V?$allocator@D@2@@std@@V?$allocator@V?$basic_string@DU?$char_traits@D@std@@V?$allocator@D@2@@std@@@2@@std@@@std@@QBEABQAV?$basic_string@DU?$char_traits@D@std@@V?$allocator@D@2@@2@XZ 0043c670 f i files.obj
 0001:0003b6a0       ?_Mylast@?$_Vector_alloc@U?$_Vec_base_types@V?$basic_string@DU?$char_traits@D@std@@V?$allocator@D@2@@std@@V?$allocator@V?$basic_string@DU?$char_traits@D@std@@V?$allocator@D@2@@std@@@2@@std@@@std@@QAEAAPAV?$basic_string@DU?$char_traits@D@std@@V?$allocator@D@2@@2@XZ 0043c6a0 f i files.obj
 0001:0003b6d0       ?_Mylast@?$_Vector_alloc@U?$_Vec_base_types@V?$basic_string@DU?$char_traits@D@std@@V?$allocator@D@2@@std@@V?$allocator@V?$basic_string@DU?$char_traits@D@std@@V?$allocator@D@2@@std@@@2@@std@@@std@@QBEABQAV?$basic_string@DU?$char_traits@D@std@@V?$allocator@D@2@@2@XZ 0043c6d0 f i files.obj
 0001:0003b700       ?_Myptr@?$_String_alloc@U?$_String_base_types@DV?$allocator@D@std@@@std@@@std@@QAEPADXZ 0043c700 f i files.obj
 0001:0003b740       ?_Myptr@?$_String_alloc@U?$_String_base_types@DV?$allocator@D@std@@@std@@@std@@QBEPBDXZ 0043c740 f i files.obj
 0001:0003b780       ?_Myptr@?$_String_val@U?$_Simple_types@D@std@@@std@@QAEPADXZ 0043c780 f i files.obj
 0001:0003b7e0       ?_Myptr@?$_String_val@U?$_Simple_types@D@std@@@std@@QBEPBDXZ 0043c7e0 f i files.obj
 0001:0003b840       ?_Myres@?$_String_alloc@U?$_String_base_types@DV?$allocator@D@std@@@std@@@std@@QAEAAIXZ 0043c840 f i files.obj
 0001:0003b870       ?_Mysize@?$_String_alloc@U?$_String_base_types@DV?$allocator@D@std@@@std@@@std@@QAEAAIXZ 0043c870 f i files.obj
 0001:0003b8a0       ?_Mysize@?$_String_alloc@U?$_String_base_types@DV?$allocator@D@std@@@std@@@std@@QBEABIXZ 0043c8a0 f i files.obj
 0001:0003b8d0       ?_Orphan_all@?$_Vector_alloc@U?$_Vec_base_types@V?$basic_string@DU?$char_traits@D@std@@V?$allocator@D@2@@std@@V?$allocator@V?$basic_string@DU?$char_traits@D@std@@V?$allocator@D@2@@std@@@2@@std@@@std@@QAEXXZ 0043c8d0 f i files.obj
 0001:0003b910       ?_Orphan_all@_Container_base0@std@@QAEXXZ 0043c910 f i files.obj
 0001:0003b930       ?_Orphan_range@?$vector@V?$basic_string@DU?$char_traits@D@std@@V?$allocator@D@2@@std@@V?$allocator@V?$basic_string@DU?$char_traits@D@std@@V?$allocator@D@2@@std@@@2@@std@@IBEXPAV?$basic_string@DU?$char_traits@D@std@@V?$allocator@D@2@@2@0@Z 0043c930 f i files.obj
 0001:0003b950       ?_Reallocate@?$vector@V?$basic_string@DU?$char_traits@D@std@@V?$allocator@D@2@@std@@V?$allocator@V?$basic_string@DU?$char_traits@D@std@@V?$allocator@D@2@@std@@@2@@std@@IAEXI@Z 0043c950 f i files.obj
 0001:0003bb30       ?_Reserve@?$vector@V?$basic_string@DU?$char_traits@D@std@@V?$allocator@D@2@@std@@V?$allocator@V?$basic_string@DU?$char_traits@D@std@@V?$allocator@D@2@@std@@@2@@std@@IAEXI@Z 0043cb30 f i files.obj
 0001:0003bbc0       ?_Tidy@?$basic_string@DU?$char_traits@D@std@@V?$allocator@D@2@@std@@QAEX_NI@Z 0043cbc0 f i files.obj
 0001:0003bcd0       ?_Unused_capacity@?$vector@V?$basic_string@DU?$char_traits@D@std@@V?$allocator@D@2@@std@@V?$allocator@V?$basic_string@DU?$char_traits@D@std@@V?$allocator@D@2@@std@@@2@@std@@QBEIXZ 0043ccd0 f i files.obj
 0001:0003bd20       ?_Xlen@?$basic_string@DU?$char_traits@D@std@@V?$allocator@D@2@@std@@QBEXXZ 0043cd20 f i files.obj
 0001:0003bd50       ?_Xlen@?$vector@V?$basic_string@DU?$char_traits@D@std@@V?$allocator@D@2@@std@@V?$allocator@V?$basic_string@DU?$char_traits@D@std@@V?$allocator@D@2@@std@@@2@@std@@IBEXXZ 0043cd50 f i files.obj
 0001:0003bd80       ?_Xran@?$basic_string@DU?$char_traits@D@std@@V?$allocator@D@2@@std@@QBEXXZ 0043cd80 f i files.obj
 0001:0003bdb0       ?allocate@?$_Wrap_alloc@V?$allocator@D@std@@@std@@QAEPADI@Z 0043cdb0 f i files.obj
 0001:0003bdf0       ?allocate@?$_Wrap_alloc@V?$allocator@V?$basic_string@DU?$char_traits@D@std@@V?$allocator@D@2@@std@@@std@@@std@@QAEPAV?$basic_string@DU?$char_traits@D@std@@V?$allocator@D@2@@2@I@Z 0043cdf0 f i files.obj
 0001:0003be30       ?allocate@?$allocator@D@std@@QAEPADI@Z 0043ce30 f i files.obj
 0001:0003be70       ?allocate@?$allocator@V?$basic_string@DU?$char_traits@D@std@@V?$allocator@D@2@@std@@@std@@QAEPAV?$basic_string@DU?$char_traits@D@std@@V?$allocator@D@2@@2@I@Z 0043ce70 f i files.obj
 0001:0003beb0       ?assign@?$basic_string@DU?$char_traits@D@std@@V?$allocator@D@2@@std@@QAEAAV12@ABV12@II@Z 0043ceb0 f i files.obj
 0001:0003bf90       ?assign@?$basic_string@DU?$char_traits@D@std@@V?$allocator@D@2@@std@@QAEAAV12@PBD@Z 0043cf90 f i files.obj
 0001:0003bfe0       ?assign@?$basic_string@DU?$char_traits@D@std@@V?$allocator@D@2@@std@@QAEAAV12@PBDI@Z 0043cfe0 f i files.obj
 0001:0003c0a0       ?assign@?$char_traits@D@std@@SAXAADABD@Z 0043d0a0 f i files.obj
 0001:0003c0c0       ?capacity@?$vector@V?$basic_string@DU?$char_traits@D@std@@V?$allocator@D@2@@std@@V?$allocator@V?$basic_string@DU?$char_traits@D@std@@V?$allocator@D@2@@std@@@2@@std@@QBEIXZ 0043d0c0 f i files.obj
 0001:0003c110       ?clear@?$vector@V?$basic_string@DU?$char_traits@D@std@@V?$allocator@D@2@@std@@V?$allocator@V?$basic_string@DU?$char_traits@D@std@@V?$allocator@D@2@@std@@@2@@std@@QAEXXZ 0043d110 f i files.obj
 0001:0003c1c0       ?copy@?$char_traits@D@std@@SAPADPADPBDI@Z 0043d1c0 f i files.obj
 0001:0003c220       ?deallocate@?$_Wrap_alloc@V?$allocator@D@std@@@std@@QAEXPADI@Z 0043d220 f i files.obj
 0001:0003c260       ?deallocate@?$_Wrap_alloc@V?$allocator@V?$basic_string@DU?$char_traits@D@std@@V?$allocator@D@2@@std@@@std@@@std@@QAEXPAV?$basic_string@DU?$char_traits@D@std@@V?$allocator@D@2@@2@I@Z 0043d260 f i files.obj
 0001:0003c2a0       ?deallocate@?$allocator@D@std@@QAEXPADI@Z 0043d2a0 f i files.obj
 0001:0003c2e0       ?deallocate@?$allocator@V?$basic_string@DU?$char_traits@D@std@@V?$allocator@D@2@@std@@@std@@QAEXPAV?$basic_string@DU?$char_traits@D@std@@V?$allocator@D@2@@2@I@Z 0043d2e0 f i files.obj
 0001:0003c320       ?erase@?$basic_string@DU?$char_traits@D@std@@V?$allocator@D@2@@std@@QAEAAV12@I@Z 0043d320 f i files.obj
 0001:0003c370       ?erase@?$basic_string@DU?$char_traits@D@std@@V?$allocator@D@2@@std@@QAEAAV12@II@Z 0043d370 f i files.obj
 0001:0003c440       ?length@?$char_traits@D@std@@SAIPBD@Z 0043d440 f i files.obj
 0001:0003c490       ?max_size@?$_Wrap_alloc@V?$allocator@D@std@@@std@@QBEIU_Nil@2@@Z 0043d490 f i files.obj
 0001:0003c4d0       ?max_size@?$_Wrap_alloc@V?$allocator@V?$basic_string@DU?$char_traits@D@std@@V?$allocator@D@2@@std@@@std@@@std@@QBEIU_Nil@2@@Z 0043d4d0 f i files.obj
 0001:0003c510       ?max_size@?$allocator@D@std@@QBEIXZ 0043d510 f i files.obj
 0001:0003c530       ?max_size@?$allocator@V?$basic_string@DU?$char_traits@D@std@@V?$allocator@D@2@@std@@@std@@QBEIXZ 0043d530 f i files.obj
 0001:0003c550       ?max_size@?$allocator_traits@V?$allocator@D@std@@@std@@SAIABV?$allocator@D@2@@Z 0043d550 f i files.obj
 0001:0003c570       ?max_size@?$allocator_traits@V?$allocator@V?$basic_string@DU?$char_traits@D@std@@V?$allocator@D@2@@std@@@std@@@std@@SAIABV?$allocator@V?$basic_string@DU?$char_traits@D@std@@V?$allocator@D@2@@std@@@2@@Z 0043d570 f i files.obj
 0001:0003c590       ?max_size@?$basic_string@DU?$char_traits@D@std@@V?$allocator@D@2@@std@@QBEIXZ 0043d590 f i files.obj
 0001:0003c600       ?max_size@?$vector@V?$basic_string@DU?$char_traits@D@std@@V?$allocator@D@2@@std@@V?$allocator@V?$basic_string@DU?$char_traits@D@std@@V?$allocator@D@2@@std@@@2@@std@@QBEIXZ 0043d600 f i files.obj
 0001:0003c650       ?move@?$char_traits@D@std@@SAPADPADPBDI@Z 0043d650 f i files.obj
 0001:0003c6b0       ?push_back@?$vector@V?$basic_string@DU?$char_traits@D@std@@V?$allocator@D@2@@std@@V?$allocator@V?$basic_string@DU?$char_traits@D@std@@V?$allocator@D@2@@std@@@2@@std@@QAEX$$QAV?$basic_string@DU?$char_traits@D@std@@V?$allocator@D@2@@2@@Z 0043d6b0 f i files.obj
 0001:0003c8c0       ?size@?$vector@V?$basic_string@DU?$char_traits@D@std@@V?$allocator@D@2@@std@@V?$allocator@V?$basic_string@DU?$char_traits@D@std@@V?$allocator@D@2@@std@@@2@@std@@QBEIXZ 0043d8c0 f i files.obj
 0001:0003c910       ?UpdateSecurityRedbook@@YAXXZ 0043d910 f   game.obj
 0001:0003ca30       ?GetSecurityRedbook@@YAPADXZ 0043da30 f   game.obj
 0001:0003ca50       ?GetSecurityRedbookID@@YAHXZ 0043da50 f   game.obj
 0001:0003ca60       ?GameInit@@YAXPAUsession_node@@@Z 0043da60 f   game.obj
 0001:0003cae0       ?GameExit@@YAXPAUsession_node@@@Z 0043dae0 f   game.obj
 0001:0003cb30       ?GameClientExit@@YAXPAUsession_node@@@Z 0043db30 f   game.obj
 0001:0003cb60       ?GameProcessSessionTimer@@YAXPAUsession_node@@@Z 0043db60 f   game.obj
 0001:0003cc20       ?GameProcessSessionBuffer@@YAXPAUsession_node@@@Z 0043dc20 f   game.obj
 0001:0003cf80       ?GameRandomStreamsStep@@YAIPAUsession_node@@@Z 0043df80 f   game.obj
 0001:0003d010       ?GameSendResync@@YAXPAUsession_node@@@Z 0043e010 f   game.obj
 0001:0003d060       ?GameSyncInit@@YAXPAUsession_node@@@Z 0043e060 f   game.obj
 0001:0003d0a0       ?GameSyncProcessSessionBuffer@@YAXPAUsession_node@@@Z 0043e0a0 f   game.obj
 0001:0003d170       ?GameSyncInputChar@@YAXPAUsession_node@@D@Z 0043e170 f   game.obj
 0001:0003d2f0       ?GameWarnLowCredits@@YAXPAUsession_node@@@Z 0043e2f0 f   game.obj
 0001:0003d470       ?GameProtocolParse@@YAXPAUsession_node@@PAUclient_msg@@@Z 0043e470 f   game.obj
 0001:0003dba0       ?GameStartUser@@YAXPAUsession_node@@PAUuser_struct@@@Z 0043eba0 f   game.obj
 0001:0003dd30       ?GameTryGetUser@@YAXPAUsession_node@@@Z 0043ed30 f   game.obj
 0001:0003dea0       ?GameSendEachUserChoice@@YAXPAUuser_struct@@@Z 0043eea0 f   game.obj
 0001:0003e030       ?GameSendSystemEnter@@YAXPAUsession_node@@@Z 0043f030 f   game.obj
 0001:0003e110       ?GameDMCommand@@YAXPAUsession_node@@HPAD@Z 0043f110 f   game.obj
 0001:0003e400       ?GameEchoPing@@YAXPAUsession_node@@@Z 0043f400 f   game.obj
 0001:0003ebe0       ?GetCRC16@@YAIPADH@Z       0043fbe0 f i game.obj
 0001:0003ec10       ?InitGameLock@@YAXXZ       0043fc10 f   gamelock.obj
 0001:0003ec30       ?SetGameLock@@YAXPAD@Z     0043fc30 f   gamelock.obj
 0001:0003ec60       ?SetGameUnlock@@YAXXZ      0043fc60 f   gamelock.obj
 0001:0003ec70       ?IsGameLocked@@YADXZ       0043fc70 f   gamelock.obj
 0001:0003ec80       ?GetGameLockedReason@@YAPADXZ 0043fc80 f   gamelock.obj
 0001:0003ecb0       ?GarbageCollect@@YAXXZ     0043fcb0 f   garbage.obj
 0001:0003ef50       ?GarbageKickoffGamePick@@YAXPAUsession_node@@@Z 0043ff50 f   garbage.obj
 0001:0003ef90       ?GarbageWarnAdminSession@@YAXPAUsession_node@@@Z 0043ff90 f   garbage.obj
 0001:0003efe0       ?ClearListNodeGarbageRef@@YAXPAUlist_node@@H@Z 0043ffe0 f   garbage.obj
 0001:0003eff0       ?MarkObjectListNodesAndTables@@YAXPAUobject_node@@@Z 0043fff0 f   garbage.obj
 0001:0003f0a0       ?MarkTableListNode@@YAXH@Z 004400a0 f   garbage.obj
 0001:0003f1a0       ?MarkListNode@@YAXH@Z      004401a0 f   garbage.obj
 0001:0003f280       ?RenumberListNode@@YAXPAUlist_node@@H@Z 00440280 f   garbage.obj
 0001:0003f2b0       ?RenumberObjectContainerReferences@@YAXPAUobject_node@@@Z 004402b0 f   garbage.obj
 0001:0003f350       ?RenumberTableListNodeReferences@@YAXPAUtable_struct@@H@Z 00440350 f   garbage.obj
 0001:0003f3d0       ?RenumberListNodeReferences@@YAXPATval_type@@@Z 004403d0 f   garbage.obj
 0001:0003f4d0       ?CompactListNode@@YAXPAUlist_node@@H@Z 004404d0 f   garbage.obj
 0001:0003f500       ?ClearTableGarbageRef@@YAXPAUtable_struct@@H@Z 00440500 f   garbage.obj
 0001:0003f510       ?RenumberTable@@YAXPAUtable_struct@@H@Z 00440510 f   garbage.obj
 0001:0003f540       ?RenumberListNodeTableReferences@@YAXPAUlist_node@@H@Z 00440540 f   garbage.obj
 0001:0003f590       ?RenumberTableReferences@@YAXPATval_type@@@Z 00440590 f   garbage.obj
 0001:0003f6c0       ?CompactTable@@YAXPAUtable_struct@@H@Z 004406c0 f   garbage.obj
 0001:0003f6f0       ?DeleteUnreferencedTable@@YAXPAUtable_struct@@H@Z 004406f0 f   garbage.obj
 0001:0003f720       ?ClearObjectGarbageRef@@YAXPAUobject_node@@@Z 00440720 f   garbage.obj
 0001:0003f730       ?MarkUserObjectNodes@@YAXPAUuser_struct@@@Z 00440730 f   garbage.obj
 0001:0003f750       ?MarkObject@@YAXH@Z        00440750 f   garbage.obj
 0001:0003f880       ?MarkListNodeObject@@YAXH@Z 00440880 f   garbage.obj
 0001:0003f9c0       ?MarkTableObject@@YAXH@Z   004409c0 f   garbage.obj
 0001:0003faf0       ?DeleteUnreferencedObject@@YAXPAUobject_node@@@Z 00440af0 f   garbage.obj
 0001:0003fb20       ?RenumberObject@@YAXPAUobject_node@@@Z 00440b20 f   garbage.obj
 0001:0003fb40       ?RenumberBlockerObjects@@YAXPAUroom_node@@@Z 00440b40 f   garbage.obj
 0001:0003fb90       ?RenumberObjectReferences@@YAXPAUobject_node@@@Z 00440b90 f   garbage.obj
 0001:0003fc50       ?RenumberUserObjectReferences@@YAXPAUuser_struct@@@Z 00440c50 f   garbage.obj
 0001:0003fca0       ?RenumberSessionObjectReferences@@YAXPAUsession_node@@@Z 00440ca0 f   garbage.obj
 0001:0003fd20       ?RenumberTimerObjectReferences@@YAXPAUtimer_struct@@@Z 00440d20 f   garbage.obj
 0001:0003fd80       ?RenumberListNodeObjectReferences@@YAXPAUlist_node@@H@Z 00440d80 f   garbage.obj
 0001:0003fe50       ?RenumberTableObjectReferences@@YAXPAUtable_struct@@H@Z 00440e50 f   garbage.obj
 0001:0003ff20       ?ResetObjectReference@@YADPATval_type@@@Z 00440f20 f   garbage.obj
 0001:0003ff90       ?CompactObject@@YAXPAUobject_node@@@Z 00440f90 f   garbage.obj
 0001:0003ffc0       ?RenumberTimer@@YAXPAUtimer_struct@@@Z 00440fc0 f   garbage.obj
 0001:0003ffe0       ?ResetTimerReference@@YAXPATval_type@@@Z 00440fe0 f   garbage.obj
 0001:00040050       ?CompactTimer@@YAXPAUtimer_struct@@@Z 00441050 f   garbage.obj
 0001:00040070       ?ClearStringGarbageRef@@YAXPAUstring_node@@H@Z 00441070 f   garbage.obj
 0001:00040080       ?MarkObjectStrings@@YAXPAUobject_node@@@Z 00441080 f   garbage.obj
 0001:000400f0       ?MarkListNodeStrings@@YAXPAUlist_node@@H@Z 004410f0 f   garbage.obj
 0001:00040150       ?MarkTableStrings@@YAXPAUtable_struct@@H@Z 00441150 f   garbage.obj
 0001:000401e0       ?MarkString@@YAXH@Z        004411e0 f   garbage.obj
 0001:00040230       ?RenumberString@@YAXPAUstring_node@@H@Z 00441230 f   garbage.obj
 0001:00040260       ?ResetStringReference@@YAXPATval_type@@@Z 00441260 f   garbage.obj
 0001:000402f0       ?CompactString@@YAXPAUstring_node@@H@Z 004412f0 f   garbage.obj
 0001:00040330       ?RenumberObjectTimerStringReferences@@YAXPAUobject_node@@@Z 00441330 f   garbage.obj
 0001:000403d0       ?RenumberListNodeTimerStringReferences@@YAXPAUlist_node@@H@Z 004413d0 f   garbage.obj
 0001:00040460       ?RenumberTableTimerStringReferences@@YAXPAUtable_struct@@H@Z 00441460 f   garbage.obj
 0001:00040b20       ?GetUsedSessions@@YAHXZ    00441b20 f   interface_windows.obj
 0001:00040b30       ?InitInterface@@YAXXZ      00441b30 f   interface_windows.obj
 0001:00040bc0       ?StoreInstanceData@@YAXPAUHINSTANCE__@@H@Z 00441bc0 f   interface_windows.obj
 0001:00040be0       ?StartupPrintf@@YAXPBDZZ   00441be0 f   interface_windows.obj
 0001:00040d30       ?StartupComplete@@YAXXZ    00441d30 f   interface_windows.obj
 0001:00040f30       ?InterfaceUpdate@@YAXXZ    00441f30 f   interface_windows.obj
 0001:00040f70       ?InterfaceLogon@@YAXPAUsession_node@@@Z 00441f70 f   interface_windows.obj
 0001:00040fc0       ?InterfaceLogoff@@YAXPAUsession_node@@@Z 00441fc0 f   interface_windows.obj
 0001:00041010       ?InterfaceUpdateSession@@YAXPAUsession_node@@@Z 00442010 f   interface_windows.obj
 0001:00041060       ?InterfaceUpdateChannel@@YAXXZ 00442060 f   interface_windows.obj
 0001:000410a0       ?InterfaceSignalConsole@@YAXXZ 004420a0 f   interface_windows.obj
 0001:000410e0       ?InterfaceSendBufferList@@YAXPAUbuffer_struct@@@Z 004420e0 f   interface_windows.obj
 0001:00041140       ?InterfaceSendBytes@@YAXPADH@Z 00442140 f   interface_windows.obj
 0001:00041180       ?StartAsyncSocketAccept@@YAXIH@Z 00442180 f   interface_windows.obj
 0001:00041200       ?StartAsyncNameLookup@@YAPAXPAD0@Z 00442200 f   interface_windows.obj
 0001:00041270       ?StartAsyncSession@@YAXPAUsession_node@@@Z 00442270 f   interface_windows.obj
 0001:000412d0       ?FatalErrorShow@@YAXPBDH0@Z 004422d0 f   interface_windows.obj
 0001:00041390       ?InterfaceThread@@YAXPAX@Z 00442390 f   interface_windows.obj
 0001:000415a0       ?InterfaceWindowProc@@YGJPAUHWND__@@IIJ@Z 004425a0 f   interface_windows.obj
 0001:00041ac0       ?InterfaceSetTab@@YAXH@Z   00442ac0 f   interface_windows.obj
 0001:00041b60       ?InterfaceTabChange@@YAXXZ 00442b60 f   interface_windows.obj
 0001:00041c10       ?InterfaceSetup@@YAXXZ     00442c10 f   interface_windows.obj
 0001:00042120       ?InterfaceCreateListControl@@YAXXZ 00443120 f   interface_windows.obj
 0001:000422c0       ?InterfaceCreate@@YAXPAUHWND__@@IJ@Z 004432c0 f   interface_windows.obj
 0001:000422f0       ?InterfaceCreateTabControl@@YAXPAUHWND__@@@Z 004432f0 f   interface_windows.obj
 0001:000426a0       ?InterfaceCommand@@YAXPAUHWND__@@H0I@Z 004436a0 f   interface_windows.obj
 0001:000428b0       ?InterfaceDrawText@@YAXPAUHWND__@@@Z 004438b0 f   interface_windows.obj
 0001:00042bc0       ?InterfaceCheckChannels@@YAXXZ 00443bc0 f   interface_windows.obj
 0001:00042e90       ?InterfaceSave@@YAXXZ      00443e90 f   interface_windows.obj
 0001:00042f70       ?InterfaceReloadSystem@@YAXXZ 00443f70 f   interface_windows.obj
 0001:00042ff0       ?CenterWindow@@YAXPAUHWND__@@0@Z 00443ff0 f   interface_windows.obj
 0001:000431e0       ?InterfaceDialogMotd@@YGHPAUHWND__@@IIJ@Z 004441e0 f   interface_windows.obj
 0001:000433b0       ?InterfaceDialogAbout@@YGHPAUHWND__@@IIJ@Z 004443b0 f   interface_windows.obj
 0001:00043470       ?InterfaceDialogTabPage@@YGHPAUHWND__@@IIJ@Z 00444470 f   interface_windows.obj
 0001:00043500       ?InterfaceTabPageCommand@@YAXPAUHWND__@@H0I@Z 00444500 f   interface_windows.obj
[...]
 0003:004685d4       ___acrt_stderr_buffer      009735d4     libucrt:_sftbuf.obj
 0003:004685d8       ___acrt_current_locale_data 009735d8     libucrt:nlsdata.obj
 0003:004685e0       ___pioinfo                 009735e0     libucrt:ioinit.obj
 0003:00468848       __nhandle                  00973848     libucrt:ioinit.obj
 0003:0046884c       ___fastflag                0097384c     libucrt:fp_flags.obj
 0003:00468af0       ?_timezone@@3V?$dual_state_global@J@__crt_state_management@@A 00973af0     libucrt:timeset.obj
 0003:00468af4       ?_daylight@@3V?$dual_state_global@H@__crt_state_management@@A 00973af4     libucrt:timeset.obj
 0003:00468af8       ?_dstbias@@3V?$dual_state_global@J@__crt_state_management@@A 00973af8     libucrt:timeset.obj
 0003:00468be4       ___mblocalename            00973be4     libucrt:mbctype.obj
 0003:00468be8       ___mbcodepage              00973be8     libucrt:mbctype.obj
 0003:00468bec       ___ismbcodepage            00973bec     libucrt:mbctype.obj
 0003:00468bf0       ___mbulinfo                00973bf0     libucrt:mbctype.obj
 0003:00468c04       ___argc                    00973c04     libucrt:argv_data.obj
 0003:00468c08       ___argv                    00973c08     libucrt:argv_data.obj
 0003:00468c0c       ___wargv                   00973c0c     libucrt:argv_data.obj
 0003:00468c10       __acmdln                   00973c10     libucrt:argv_data.obj
 0003:00468c14       __wcmdln                   00973c14     libucrt:argv_data.obj
 0003:00468c18       __pgmptr                   00973c18     libucrt:argv_data.obj
 0003:00468c1c       __wpgmptr                  00973c1c     libucrt:argv_data.obj
 0003:00468c20       __fmode                    00973c20     libucrt:txtmode.obj
 0003:00468c24       ___acrt_lconv_static_null  00973c24     libucrt:localeconv.obj
 0003:00468c28       ___acrt_lconv_static_W_null 00973c28     libucrt:localeconv.obj
 0003:00468c2c       ___acrt_heap               00973c2c     libucrt:heap_handle.obj
 0003:00468c30       __umaskval                 00973c30     libucrt:umask.obj
 0003:00468c38       ___scrt_ucrt_dll_is_in_use 00973c38     <common>
 0003:00468c44       ___dyn_tls_dtor_callback   00973c44     <common>
 0003:00468c50       ___dyn_tls_init_callback   00973c50     <common>
 0003:00468c5c       __pmatherr                 00973c5c     <common>
 0003:00468c68       ___use_sse2_mathfcns       00973c68     <common>
 0004:00000000       __imp__InitCommonControls@0 00974000     comctl32:COMCTL32.dll
 0004:00000004       __imp__CreateStatusWindowA@16 00974004     comctl32:COMCTL32.dll
 0004:00000008       \177COMCTL32_NULL_THUNK_DATA 00974008     comctl32:COMCTL32.dll
 0004:00000034       __imp__GetStockObject@4    00974034     gdi32:GDI32.dll
 0004:00000038       __imp__CreateFontIndirectA@4 00974038     gdi32:GDI32.dll
 0004:0000003c       \177GDI32_NULL_THUNK_DATA  0097403c     gdi32:GDI32.dll
 0004:00000068       __imp__SetEndOfFile@4      00974068     kernel32:KERNEL32.dll
 0004:0000006c       __imp__SetEnvironmentVariableW@8 0097406c     kernel32:KERNEL32.dll
 0004:00000070       __imp__SetEnvironmentVariableA@8 00974070     kernel32:KERNEL32.dll
 0004:00000074       __imp__FreeEnvironmentStringsW@4 00974074     kernel32:KERNEL32.dll
 0004:00000078       __imp__GetEnvironmentStringsW@0 00974078     kernel32:KERNEL32.dll
 0004:0000007c       __imp__GetCommandLineW@0   0097407c     kernel32:KERNEL32.dll
 0004:00000080       __imp__GetCommandLineA@0   00974080     kernel32:KERNEL32.dll
 0004:00000084       __imp__GetCPInfo@8         00974084     kernel32:KERNEL32.dll
 0004:00000088       __imp__GetOEMCP@0          00974088     kernel32:KERNEL32.dll
 0004:0000008c       __imp__IsValidCodePage@4   0097408c     kernel32:KERNEL32.dll
 0004:00000090       __imp__FindNextFileW@8     00974090     kernel32:KERNEL32.dll
 0004:00000094       __imp__FindFirstFileExW@24 00974094     kernel32:KERNEL32.dll
 0004:00000098       __imp__FindFirstFileExA@24 00974098     kernel32:KERNEL32.dll
 0004:0000009c       __imp__MoveFileExW@12      0097409c     kernel32:KERNEL32.dll
 0004:000000a0       __imp__HeapReAlloc@16      009740a0     kernel32:KERNEL32.dll
 0004:000000a4       __imp__SetFilePointerEx@20 009740a4     kernel32:KERNEL32.dll
 0004:000000a8       __imp__SetConsoleCtrlHandler@8 009740a8     kernel32:KERNEL32.dll
 0004:000000ac       __imp__WaitForSingleObjectEx@12 009740ac     kernel32:KERNEL32.dll
 0004:000000b0       __imp__OutputDebugStringW@4 009740b0     kernel32:KERNEL32.dll
 0004:000000b4       __imp__OutputDebugStringA@4 009740b4     kernel32:KERNEL32.dll
 0004:000000b8       __imp__SetStdHandle@8      009740b8     kernel32:KERNEL32.dll
 0004:000000bc       __imp__EnumSystemLocalesW@8 009740bc     kernel32:KERNEL32.dll
 0004:000000c0       __imp__GetUserDefaultLCID@0 009740c0     kernel32:KERNEL32.dll
 0004:000000c4       __imp__IsValidLocale@8     009740c4     kernel32:KERNEL32.dll
 0004:000000c8       __imp__GetLocaleInfoW@16   009740c8     kernel32:KERNEL32.dll
 0004:000000cc       __imp__LCMapStringW@24     009740cc     kernel32:KERNEL32.dll
 0004:000000d0       __imp__CompareStringW@24   009740d0     kernel32:KERNEL32.dll
 0004:000000d4       __imp__GetFileAttributesExW@12 009740d4     kernel32:KERNEL32.dll
 0004:000000d8       __imp__GetDateFormatW@24   009740d8     kernel32:KERNEL32.dll
 0004:000000dc       __imp__GetFullPathNameA@16 009740dc     kernel32:KERNEL32.dll
 0004:000000e0       __imp__GetFullPathNameW@16 009740e0     kernel32:KERNEL32.dll
 0004:000000e4       __imp__GetCurrentDirectoryW@8 009740e4     kernel32:KERNEL32.dll
 0004:000000e8       __imp__SetCurrentDirectoryW@4 009740e8     kernel32:KERNEL32.dll
 0004:000000ec       __imp__FlushFileBuffers@4  009740ec     kernel32:KERNEL32.dll
 0004:000000f0       __imp__GetStringTypeW@16   009740f0     kernel32:KERNEL32.dll
 0004:000000f4       __imp__GetCurrentThread@0  009740f4     kernel32:KERNEL32.dll
 0004:000000f8       __imp__GetConsoleCP@0      009740f8     kernel32:KERNEL32.dll
 0004:000000fc       __imp__ReadConsoleW@20     009740fc     kernel32:KERNEL32.dll
 0004:00000100       __imp__GetConsoleMode@8    00974100     kernel32:KERNEL32.dll
 0004:00000104       __imp__GetACP@0            00974104     kernel32:KERNEL32.dll
 0004:00000108       __imp__WriteFile@20        00974108     kernel32:KERNEL32.dll
 0004:0000010c       __imp__ReadFile@20         0097410c     kernel32:KERNEL32.dll
 0004:00000110       __imp__WriteConsoleW@20    00974110     kernel32:KERNEL32.dll
 0004:00000114       __imp__GetModuleFileNameA@12 00974114     kernel32:KERNEL32.dll
 0004:00000118       __imp__GetStdHandle@4      00974118     kernel32:KERNEL32.dll
 0004:0000011c       __imp__ExitProcess@4       0097411c     kernel32:KERNEL32.dll
 0004:00000120       __imp__GetModuleHandleExW@12 00974120     kernel32:KERNEL32.dll
 0004:00000124       __imp__FreeLibraryAndExitThread@8 00974124     kernel32:KERNEL32.dll
 0004:00000128       __imp__ResumeThread@4      00974128     kernel32:KERNEL32.dll
 0004:0000012c       __imp__ExitThread@4        0097412c     kernel32:KERNEL32.dll
 0004:00000130       __imp__CreateThread@24     00974130     kernel32:KERNEL32.dll
 0004:00000134       __imp__FileTimeToSystemTime@8 00974134     kernel32:KERNEL32.dll
 0004:00000138       __imp__SystemTimeToTzSpecificLocalTime@12 00974138     kernel32:KERNEL32.dll
 0004:0000013c       __imp__PeekNamedPipe@24    0097413c     kernel32:KERNEL32.dll
 0004:00000140       __imp__GetFileType@4       00974140     kernel32:KERNEL32.dll
 0004:00000144       __imp__GetDriveTypeW@4     00974144     kernel32:KERNEL32.dll
 0004:00000148       __imp__CreateFileW@28      00974148     kernel32:KERNEL32.dll
 0004:0000014c       __imp__TlsFree@4           0097414c     kernel32:KERNEL32.dll
 0004:00000150       __imp__DeleteFileW@4       00974150     kernel32:KERNEL32.dll
 0004:00000154       __imp__HeapSize@12         00974154     kernel32:KERNEL32.dll
 0004:00000158       __imp__GetTimeFormatW@24   00974158     kernel32:KERNEL32.dll
 0004:0000015c       __imp__TlsSetValue@8       0097415c     kernel32:KERNEL32.dll
 0004:00000160       __imp__TlsGetValue@4       00974160     kernel32:KERNEL32.dll
 0004:00000164       __imp__TlsAlloc@0          00974164     kernel32:KERNEL32.dll
 0004:00000168       __imp__InitializeCriticalSectionAndSpinCount@8 00974168     kernel32:KERNEL32.dll
 0004:0000016c       __imp__DeleteCriticalSection@4 0097416c     kernel32:KERNEL32.dll
 0004:00000170       __imp__EncodePointer@4     00974170     kernel32:KERNEL32.dll
 0004:00000174       __imp__SetLastError@4      00974174     kernel32:KERNEL32.dll
 0004:00000178       __imp__InterlockedFlushSList@4 00974178     kernel32:KERNEL32.dll
 0004:0000017c       __imp__InterlockedPushEntrySList@8 0097417c     kernel32:KERNEL32.dll
 0004:00000180       __imp__LoadLibraryExW@12   00974180     kernel32:KERNEL32.dll
 0004:00000184       __imp__GetModuleFileNameW@12 00974184     kernel32:KERNEL32.dll
 0004:00000188       __imp__RtlUnwind@16        00974188     kernel32:KERNEL32.dll
 0004:0000018c       __imp__GetModuleHandleW@4  0097418c     kernel32:KERNEL32.dll
 0004:00000190       __imp__GetStartupInfoW@4   00974190     kernel32:KERNEL32.dll
 0004:00000194       __imp__GetLastError@0      00974194     kernel32:KERNEL32.dll
 0004:00000198       __imp__InitializeCriticalSection@4 00974198     kernel32:KERNEL32.dll
 0004:0000019c       __imp__EnterCriticalSection@4 0097419c     kernel32:KERNEL32.dll
 0004:000001a0       __imp__LeaveCriticalSection@4 009741a0     kernel32:KERNEL32.dll
 0004:000001a4       __imp__CloseHandle@4       009741a4     kernel32:KERNEL32.dll
 0004:000001a8       __imp__ReleaseMutex@4      009741a8     kernel32:KERNEL32.dll
 0004:000001ac       __imp__WaitForSingleObject@8 009741ac     kernel32:KERNEL32.dll
 0004:000001b0       __imp__CreateMutexA@12     009741b0     kernel32:KERNEL32.dll
 0004:000001b4       __imp__Sleep@4             009741b4     kernel32:KERNEL32.dll
 0004:000001b8       __imp__DeleteFileA@4       009741b8     kernel32:KERNEL32.dll
 0004:000001bc       __imp__FindClose@4         009741bc     kernel32:KERNEL32.dll
 0004:000001c0       __imp__FindFirstFileA@8    009741c0     kernel32:KERNEL32.dll
 0004:000001c4       __imp__FindNextFileA@8     009741c4     kernel32:KERNEL32.dll
 0004:000001c8       __imp__CopyFileA@12        009741c8     kernel32:KERNEL32.dll
 0004:000001cc       __imp__SetEvent@4          009741cc     kernel32:KERNEL32.dll
 0004:000001d0       __imp__CreateEventA@16     009741d0     kernel32:KERNEL32.dll
 0004:000001d4       __imp__LoadLibraryA@4      009741d4     kernel32:KERNEL32.dll
 0004:000001d8       __imp__GetCurrentThreadId@0 009741d8     kernel32:KERNEL32.dll
 0004:000001dc       __imp__FormatMessageA@28   009741dc     kernel32:KERNEL32.dll
 0004:000001e0       __imp__QueryPerformanceCounter@4 009741e0     kernel32:KERNEL32.dll
 0004:000001e4       __imp__QueryPerformanceFrequency@4 009741e4     kernel32:KERNEL32.dll
 0004:000001e8       __imp__GetTimeZoneInformation@4 009741e8     kernel32:KERNEL32.dll
 0004:000001ec       __imp__UnhandledExceptionFilter@4 009741ec     kernel32:KERNEL32.dll
 0004:000001f0       __imp__SetUnhandledExceptionFilter@4 009741f0     kernel32:KERNEL32.dll
 0004:000001f4       __imp__GetCurrentProcess@0 009741f4     kernel32:KERNEL32.dll
 0004:000001f8       __imp__TerminateProcess@8  009741f8     kernel32:KERNEL32.dll
 0004:000001fc       __imp__IsProcessorFeaturePresent@4 009741fc     kernel32:KERNEL32.dll
 0004:00000200       __imp__IsDebuggerPresent@0 00974200     kernel32:KERNEL32.dll
 0004:00000204       __imp__RaiseException@16   00974204     kernel32:KERNEL32.dll
 0004:00000208       __imp__MultiByteToWideChar@24 00974208     kernel32:KERNEL32.dll
 0004:0000020c       __imp__WideCharToMultiByte@32 0097420c     kernel32:KERNEL32.dll
 0004:00000210       __imp__HeapAlloc@12        00974210     kernel32:KERNEL32.dll
 0004:00000214       __imp__HeapFree@12         00974214     kernel32:KERNEL32.dll
 0004:00000218       __imp__GetProcessHeap@0    00974218     kernel32:KERNEL32.dll
 0004:0000021c       __imp__VirtualQuery@12     0097421c     kernel32:KERNEL32.dll
 0004:00000220       __imp__FreeLibrary@4       00974220     kernel32:KERNEL32.dll
 0004:00000224       __imp__GetProcAddress@8    00974224     kernel32:KERNEL32.dll
 0004:00000228       __imp__GetCurrentProcessId@0 00974228     kernel32:KERNEL32.dll
 0004:0000022c       __imp__GetSystemTimeAsFileTime@4 0097422c     kernel32:KERNEL32.dll
 0004:00000230       __imp__InitializeSListHead@4 00974230     kernel32:KERNEL32.dll
 0004:00000234       __imp__DecodePointer@4     00974234     kernel32:KERNEL32.dll
 0004:00000238       \177KERNEL32_NULL_THUNK_DATA 00974238     kernel32:KERNEL32.dll
 0004:000002c0       __imp__mysql_real_connect@32 009742c0     libmysql:LIBMYSQL.dll
 0004:000002c4       __imp__mysql_query@8       009742c4     libmysql:LIBMYSQL.dll
 0004:000002c8       __imp__mysql_close@4       009742c8     libmysql:LIBMYSQL.dll
 0004:000002cc       __imp__mysql_stmt_close@4  009742cc     libmysql:LIBMYSQL.dll
 0004:000002d0       __imp__mysql_stmt_bind_param@8 009742d0     libmysql:LIBMYSQL.dll
 0004:000002d4       __imp__mysql_stmt_execute@4 009742d4     libmysql:LIBMYSQL.dll
 0004:000002d8       __imp__mysql_stmt_prepare@12 009742d8     libmysql:LIBMYSQL.dll
 0004:000002dc       __imp__mysql_stmt_init@4   009742dc     libmysql:LIBMYSQL.dll
 0004:000002e0       __imp__mysql_options@12    009742e0     libmysql:LIBMYSQL.dll
 0004:000002e4       __imp__mysql_ping@4        009742e4     libmysql:LIBMYSQL.dll
 0004:000002e8       __imp__mysql_init@4        009742e8     libmysql:LIBMYSQL.dll
 0004:000002ec       \177LIBMYSQL_NULL_THUNK_DATA 009742ec     libmysql:LIBMYSQL.dll
 0004:00000320       __imp__PostThreadMessageA@16 00974320     user32:USER32.dll
 0004:00000324       __imp__GetMessageA@16      00974324     user32:USER32.dll
 0004:00000328       __imp__TranslateMessage@4  00974328     user32:USER32.dll
 0004:0000032c       __imp__DispatchMessageA@4  0097432c     user32:USER32.dll
 0004:00000330       __imp__SendMessageA@16     00974330     user32:USER32.dll
 0004:00000334       __imp__PostMessageA@16     00974334     user32:USER32.dll
 0004:00000338       __imp__DefWindowProcA@16   00974338     user32:USER32.dll
 0004:0000033c       __imp__PostQuitMessage@4   0097433c     user32:USER32.dll
 0004:00000340       __imp__CallWindowProcA@20  00974340     user32:USER32.dll
 0004:00000344       __imp__RegisterClassA@4    00974344     user32:USER32.dll
 0004:00000348       __imp__CreateWindowExA@48  00974348     user32:USER32.dll
 0004:0000034c       __imp__DestroyWindow@4     0097434c     user32:USER32.dll
 0004:00000350       __imp__ShowWindow@8        00974350     user32:USER32.dll
 0004:00000354       __imp__FlashWindow@8       00974354     user32:USER32.dll
 0004:00000358       __imp__SetWindowPos@28     00974358     user32:USER32.dll
 0004:0000035c       __imp__CreateDialogParamA@20 0097435c     user32:USER32.dll
 0004:00000360       __imp__DialogBoxParamA@20  00974360     user32:USER32.dll
 0004:00000364       __imp__EndDialog@8         00974364     user32:USER32.dll
 0004:00000368       __imp__GetDlgItem@8        00974368     user32:USER32.dll
 0004:0000036c       __imp__MsgWaitForMultipleObjects@20 0097436c     user32:USER32.dll
 0004:00000370       __imp__PeekMessageA@20     00974370     user32:USER32.dll
 0004:00000374       __imp__LoadIconA@8         00974374     user32:USER32.dll
 0004:00000378       __imp__GetDesktopWindow@0  00974378     user32:USER32.dll
 0004:0000037c       __imp__SetWindowLongA@12   0097437c     user32:USER32.dll
 0004:00000380       __imp__OffsetRect@12       00974380     user32:USER32.dll
 0004:00000384       __imp__MessageBeep@4       00974384     user32:USER32.dll
 0004:00000388       __imp__MessageBoxA@16      00974388     user32:USER32.dll
 0004:0000038c       __imp__GetWindowRect@8     0097438c     user32:USER32.dll
 0004:00000390       __imp__GetClientRect@8     00974390     user32:USER32.dll
 0004:00000394       __imp__GetWindowTextA@12   00974394     user32:USER32.dll
 0004:00000398       __imp__SetWindowTextA@8    00974398     user32:USER32.dll
 0004:0000039c       __imp__InvalidateRect@12   0097439c     user32:USER32.dll
 0004:000003a0       __imp__UpdateWindow@4      009743a0     user32:USER32.dll
 0004:000003a4       __imp__GetSystemMetrics@4  009743a4     user32:USER32.dll
 0004:000003a8       __imp__TranslateAcceleratorA@12 009743a8     user32:USER32.dll
 0004:000003ac       __imp__DestroyAcceleratorTable@4 009743ac     user32:USER32.dll
 0004:000003b0       __imp__LoadAcceleratorsA@8 009743b0     user32:USER32.dll
 0004:000003b4       __imp__KillTimer@8         009743b4     user32:USER32.dll
 0004:000003b8       __imp__SetTimer@16         009743b8     user32:USER32.dll
 0004:000003bc       __imp__SetFocus@4          009743bc     user32:USER32.dll
 0004:000003c0       __imp__SendDlgItemMessageA@20 009743c0     user32:USER32.dll
 0004:000003c4       __imp__SetDlgItemTextA@12  009743c4     user32:USER32.dll
 0004:000003c8       __imp__SetDlgItemInt@16    009743c8     user32:USER32.dll
 0004:000003cc       \177USER32_NULL_THUNK_DATA 009743cc     user32:USER32.dll
 0004:00000418       __imp__PlaySoundA@12       00974418     winmm:WINMM.dll
 0004:0000041c       \177WINMM_NULL_THUNK_DATA  0097441c     winmm:WINMM.dll
 0004:00000448       __imp__inet_pton@12        00974448     ws2_32:WS2_32.dll
 0004:0000044c       __imp__inet_ntop@16        0097444c     ws2_32:WS2_32.dll
 0004:00000450       \177WS2_32_NULL_THUNK_DATA 00974450     ws2_32:WS2_32.dll
 0004:0000047c       __imp__send@16             0097447c     wsock32:WSOCK32.dll
 0004:00000480       __imp__setsockopt@20       00974480     wsock32:WSOCK32.dll
 0004:00000484       __imp__socket@12           00974484     wsock32:WSOCK32.dll
 0004:00000488       __imp__accept@12           00974488     wsock32:WSOCK32.dll
 0004:0000048c       __imp__recv@16             0097448c     wsock32:WSOCK32.dll
 0004:00000490       __imp__WSAStartup@8        00974490     wsock32:WSOCK32.dll
 0004:00000494       __imp__WSACleanup@0        00974494     wsock32:WSOCK32.dll
 0004:00000498       __imp__WSAAsyncGetHostByAddr@28 00974498     wsock32:WSOCK32.dll
 0004:0000049c       __imp__WSAAsyncSelect@16   0097449c     wsock32:WSOCK32.dll
 0004:000004a0       __imp__listen@8            009744a0     wsock32:WSOCK32.dll
 0004:000004a4       __imp__htons@4             009744a4     wsock32:WSOCK32.dll
 0004:000004a8       __imp__closesocket@4       009744a8     wsock32:WSOCK32.dll
 0004:000004ac       __imp__getpeername@12      009744ac     wsock32:WSOCK32.dll
 0004:000004b0       __imp__bind@12             009744b0     wsock32:WSOCK32.dll
 0004:000004b4       \177WSOCK32_NULL_THUNK_DATA 009744b4     wsock32:WSOCK32.dll
 0004:000004e8       __IMPORT_DESCRIPTOR_GDI32  009744e8     gdi32:GDI32.dll
 0004:000004fc       __IMPORT_DESCRIPTOR_USER32 009744fc     user32:USER32.dll
 0004:00000510       __IMPORT_DESCRIPTOR_WSOCK32 00974510     wsock32:WSOCK32.dll
 0004:00000524       __IMPORT_DESCRIPTOR_WINMM  00974524     winmm:WINMM.dll
 0004:00000538       __IMPORT_DESCRIPTOR_COMCTL32 00974538     comctl32:COMCTL32.dll
 0004:0000054c       __IMPORT_DESCRIPTOR_LIBMYSQL 0097454c     libmysql:LIBMYSQL.dll
 0004:00000560       __IMPORT_DESCRIPTOR_WS2_32 00974560     ws2_32:WS2_32.dll
 0004:00000574       __IMPORT_DESCRIPTOR_KERNEL32 00974574     kernel32:KERNEL32.dll
 0004:00000588       __NULL_IMPORT_DESCRIPTOR   00974588     gdi32:GDI32.dll
 0006:00000000       ___guard_check_icall_fptr  00977000     LIBCMT:guard_support.obj
