 blakserv

 Timestamp is 5ab052d0 (Mon Mar 19 19:16:16 2018)

 Preferred load address is 00400000

 Start         Length     Name                   Class
 0001:00000000 000cf860H .text$mn                CODE
 0001:000cf860 000013e3H .text$x                 CODE
 0002:00000000 00000104H .CRT$XCA                DATA
 0002:00000104 00000104H .CRT$XCAA               DATA
 0002:00000208 00000104H .CRT$XCZ                DATA
 0002:0000030c 00000104H .CRT$XIA                DATA
 0002:00000410 00000104H .CRT$XIAA               DATA
 0002:00000514 00000104H .CRT$XIAC               DATA
 0002:00000618 00000114H .CRT$XIC                DATA
 0002:0000072c 00000104H .CRT$XIZ                DATA
 0002:00000830 00000104H .CRT$XPA                DATA
 0002:00000934 0000010cH .CRT$XPX                DATA
 0002:00000a40 00000104H .CRT$XPXA               DATA
 0002:00000b44 00000104H .CRT$XPZ                DATA
 0002:00000c48 00000104H .CRT$XTA                DATA
 0002:00000d4c 00000104H .CRT$XTZ                DATA
 0002:00000e50 00024ef0H .rdata                  DATA
 0002:00025d40 00000810H .rdata$r                DATA
 0002:00026550 00000174H .rdata$sxdata           DATA
 0002:000266c4 0000016cH .rdata$zzzdbg           DATA
 0002:00026830 00000104H .rtc$IAA                DATA
 0002:00026934 00000104H .rtc$IZZ                DATA
 0002:00026a38 00000104H .rtc$TAA                DATA
 0002:00026b3c 00000104H .rtc$TZZ                DATA
 0002:00026c40 00001704H .xdata$x                DATA
 0002:00028344 00000000H .edata                  DATA
 0003:00000000 000082ecH .data                   DATA
 0003:000082ec 000003bcH .data$r                 DATA
 0003:000086a8 004605a4H .bss                    DATA
 0004:00000000 000004e4H .idata$5                DATA
 0004:000004e4 000000a0H .idata$2                DATA
 0004:00000584 00000014H .idata$3                DATA
 0004:00000598 000004e4H .idata$4                DATA
 0004:00000a7c 00000f34H .idata$6                DATA
 0005:00000000 000003f8H .gfids$y                DATA
 0006:00000000 00000104H .00cfg                  DATA
 0007:00000000 00000680H .rsrc$01                DATA
 0007:00000680 0000d4b0H .rsrc$02                DATA

  Address         Publics by Value              Rva+Base       Lib:Object

 0000:00000000       ___guard_longjmp_count     00000000     <absolute>
 0000:00000000       ___guard_iat_table         00000000     <absolute>
 0000:00000000       ___guard_iat_count         00000000     <absolute>
 0000:00000000       ___guard_fids_count        00000000     <absolute>
 0000:00000000       ___guard_fids_table        00000000     <absolute>
 0000:00000000       ___guard_longjmp_table     00000000     <absolute>
 0000:00000000       ___dynamic_value_reloc_table 00000000     <absolute>
 0000:00000000       __except_list              00000000     <absolute>
 0000:00000018       ___safe_se_handler_count   00000018     <absolute>
 0000:00000100       ___guard_flags             00000100     <absolute>
 0000:00000000       ___ImageBase               00400000     <linker-defined>
 0001:0000a620       _WinMain@16                0040b620 f   main.obj
 0001:0000a650       ?MainReloadGameData@@YAXXZ 0040b650 f   main.obj
 0001:0000a6d0       ?GetLastErrorStr@@YAPADXZ  0040b6d0 f   main.obj
 0001:0000a740       ?MainServer@@YAXXZ         0040b740 f   main_windows.obj
 0001:0000a8c0       ?MainExitServer@@YAXXZ     0040b8c0 f   main_windows.obj
 0001:0000aa00       ?InitLoadBof@@YAXXZ        0040ba00 f   loadkod.obj
 0001:0000aa10       ?ResetLoadBof@@YAXXZ       0040ba10 f   loadkod.obj
 0001:0000aa80       ?LoadBof@@YAXXZ            0040ba80 f   loadkod.obj
 0001:0000ad60       ?LoadBofName@@YADPAD@Z     0040bd60 f   loadkod.obj
 0001:0000aef0       ?AddFileMem@@YAXPAD0H@Z    0040bef0 f   loadkod.obj
 0001:0000afb0       ?FindClasses@@YAXPAD0@Z    0040bfb0 f   loadkod.obj
 0001:0000b0b0       ?FindMessages@@YAXPADHPAUbof_dispatch@@@Z 0040c0b0 f   loadkod.obj
 0001:0000b2f0       ??$?0$$V@?$_Compressed_pair@U?$_Wrap_alloc@V?$allocator@V?$basic_string@DU?$char_traits@D@std@@V?$allocator@D@2@@std@@@std@@@std@@V?$_Vector_val@U?$_Simple_types@V?$basic_string@DU?$char_traits@D@std@@V?$allocator@D@2@@std@@@std@@@2@$00@std@@QAE@U_Zero_then_variadic_args_t@1@@Z 0040c2f0 f i loadkod.obj
 0001:0000b320       ??$_Destroy_range1@V?$allocator@V?$basic_string@DU?$char_traits@D@std@@V?$allocator@D@2@@std@@@std@@PAV?$basic_string@DU?$char_traits@D@std@@V?$allocator@D@2@@2@@std@@YAXPAV?$basic_string@DU?$char_traits@D@std@@V?$allocator@D@2@@0@0AAU?$_Wrap_alloc@V?$allocator@V?$basic_string@DU?$char_traits@D@std@@V?$allocator@D@2@@std@@@std@@@0@U?$integral_constant@_N$0A@@0@@Z 0040c320 f i loadkod.obj
 0001:0000b360       ??$_Destroy_range@V?$allocator@V?$basic_string@DU?$char_traits@D@std@@V?$allocator@D@2@@std@@@std@@PAV?$basic_string@DU?$char_traits@D@std@@V?$allocator@D@2@@2@@std@@YAXPAV?$basic_string@DU?$char_traits@D@std@@V?$allocator@D@2@@0@0AAU?$_Wrap_alloc@V?$allocator@V?$basic_string@DU?$char_traits@D@std@@V?$allocator@D@2@@std@@@std@@@0@@Z 0040c360 f i loadkod.obj
 0001:0000b390       ??$_Unfancy@D@std@@YAPADPAD@Z 0040c390 f i loadkod.obj
 0001:0000b3a0       ??$_Unfancy@V?$basic_string@DU?$char_traits@D@std@@V?$allocator@D@2@@std@@@std@@YAPAV?$basic_string@DU?$char_traits@D@std@@V?$allocator@D@2@@0@PAV10@@Z 0040c3a0 f i loadkod.obj
 0001:0000b3b0       ??$__vcrt_va_start_verify_argument_type@QBD@@YAXXZ 0040c3b0 f i loadkod.obj
 0001:0000b3c0       ??$addressof@PAD@std@@YAPAPADAAPAD@Z 0040c3c0 f i loadkod.obj
 0001:0000b3d0       ??$addressof@V?$basic_string@DU?$char_traits@D@std@@V?$allocator@D@2@@std@@@std@@YAPAV?$basic_string@DU?$char_traits@D@std@@V?$allocator@D@2@@0@AAV10@@Z 0040c3d0 f i loadkod.obj
 0001:0000b3e0       ??$destroy@PAD@?$_Wrap_alloc@V?$allocator@D@std@@@std@@QAEXPAPAD@Z 0040c3e0 f i loadkod.obj
 0001:0000b410       ??$destroy@PAD@?$allocator@D@std@@QAEXPAPAD@Z 0040c410 f i loadkod.obj
 0001:0000b420       ??$destroy@PAD@?$allocator_traits@V?$allocator@D@std@@@std@@SAXAAV?$allocator@D@1@PAPAD@Z 0040c420 f i loadkod.obj
 0001:0000b440       ??$destroy@V?$basic_string@DU?$char_traits@D@std@@V?$allocator@D@2@@std@@@?$_Wrap_alloc@V?$allocator@V?$basic_string@DU?$char_traits@D@std@@V?$allocator@D@2@@std@@@std@@@std@@QAEXPAV?$basic_string@DU?$char_traits@D@std@@V?$allocator@D@2@@1@@Z 0040c440 f i loadkod.obj
 0001:0000b470       ??$destroy@V?$basic_string@DU?$char_traits@D@std@@V?$allocator@D@2@@std@@@?$allocator@V?$basic_string@DU?$char_traits@D@std@@V?$allocator@D@2@@std@@@std@@QAEXPAV?$basic_string@DU?$char_traits@D@std@@V?$allocator@D@2@@1@@Z 0040c470 f i loadkod.obj
 0001:0000b490       ??$destroy@V?$basic_string@DU?$char_traits@D@std@@V?$allocator@D@2@@std@@@?$allocator_traits@V?$allocator@V?$basic_string@DU?$char_traits@D@std@@V?$allocator@D@2@@std@@@std@@@std@@SAXAAV?$allocator@V?$basic_string@DU?$char_traits@D@std@@V?$allocator@D@2@@std@@@1@PAV?$basic_string@DU?$char_traits@D@std@@V?$allocator@D@2@@1@@Z 0040c490 f i loadkod.obj
 0001:0000b4b0       ??0?$_Vector_alloc@U?$_Vec_base_types@V?$basic_string@DU?$char_traits@D@std@@V?$allocator@D@2@@std@@V?$allocator@V?$basic_string@DU?$char_traits@D@std@@V?$allocator@D@2@@std@@@2@@std@@@std@@QAE@XZ 0040c4b0 f i loadkod.obj
 0001:0000b4e0       ??0?$_Vector_const_iterator@V?$_Vector_val@U?$_Simple_types@V?$basic_string@DU?$char_traits@D@std@@V?$allocator@D@2@@std@@@std@@@std@@@std@@QAE@PAV?$basic_string@DU?$char_traits@D@std@@V?$allocator@D@2@@1@PBU_Container_base0@1@@Z 0040c4e0 f i loadkod.obj
 0001:0000b510       ??0?$_Vector_iterator@V?$_Vector_val@U?$_Simple_types@V?$basic_string@DU?$char_traits@D@std@@V?$allocator@D@2@@std@@@std@@@std@@@std@@QAE@PAV?$basic_string@DU?$char_traits@D@std@@V?$allocator@D@2@@1@PBU_Container_base0@1@@Z 0040c510 f i loadkod.obj
 0001:0000b540       ??0?$_Vector_val@U?$_Simple_types@V?$basic_string@DU?$char_traits@D@std@@V?$allocator@D@2@@std@@@std@@@std@@QAE@XZ 0040c540 f i loadkod.obj
 0001:0000b580       ??0?$_Wrap_alloc@V?$allocator@V?$basic_string@DU?$char_traits@D@std@@V?$allocator@D@2@@std@@@std@@@std@@QAE@XZ 0040c580 f i loadkod.obj
 0001:0000b5a0       ??0?$allocator@V?$basic_string@DU?$char_traits@D@std@@V?$allocator@D@2@@std@@@std@@QAE@XZ 0040c5a0 f i loadkod.obj
 0001:0000b5c0       ??0?$vector@V?$basic_string@DU?$char_traits@D@std@@V?$allocator@D@2@@std@@V?$allocator@V?$basic_string@DU?$char_traits@D@std@@V?$allocator@D@2@@std@@@2@@std@@QAE@XZ 0040c5c0 f i loadkod.obj
 0001:0000b610       ??1?$_Compressed_pair@U?$_Wrap_alloc@V?$allocator@D@std@@@std@@V?$_String_val@U?$_Simple_types@D@std@@@2@$00@std@@QAE@XZ 0040c610 f i loadkod.obj
 0001:0000b630       ??1?$_String_alloc@U?$_String_base_types@DV?$allocator@D@std@@@std@@@std@@QAE@XZ 0040c630 f i loadkod.obj
 0001:0000b650       ??1?$_String_val@U?$_Simple_types@D@std@@@std@@QAE@XZ 0040c650 f i loadkod.obj
 0001:0000b670       ??1?$basic_string@DU?$char_traits@D@std@@V?$allocator@D@2@@std@@QAE@XZ 0040c670 f i loadkod.obj
 0001:0000b6d0       ??1?$vector@V?$basic_string@DU?$char_traits@D@std@@V?$allocator@D@2@@std@@V?$allocator@V?$basic_string@DU?$char_traits@D@std@@V?$allocator@D@2@@std@@@2@@std@@QAE@XZ 0040c6d0 f i loadkod.obj
 0001:0000b720       ??1_Bxty@?$_String_val@U?$_Simple_types@D@std@@@std@@QAE@XZ 0040c720 f i loadkod.obj
 0001:0000b730       ??8?$_Vector_const_iterator@V?$_Vector_val@U?$_Simple_types@V?$basic_string@DU?$char_traits@D@std@@V?$allocator@D@2@@std@@@std@@@std@@@std@@QBE_NABV01@@Z 0040c730 f i loadkod.obj
 0001:0000b780       ??9?$_Vector_const_iterator@V?$_Vector_val@U?$_Simple_types@V?$basic_string@DU?$char_traits@D@std@@V?$allocator@D@2@@std@@@std@@@std@@@std@@QBE_NABV01@@Z 0040c780 f i loadkod.obj
 0001:0000b7d0       ??C?$_Vector_iterator@V?$_Vector_val@U?$_Simple_types@V?$basic_string@DU?$char_traits@D@std@@V?$allocator@D@2@@std@@@std@@@std@@@std@@QBEPAV?$basic_string@DU?$char_traits@D@std@@V?$allocator@D@2@@1@XZ 0040c7d0 f i loadkod.obj
 0001:0000b800       ??D?$_Vector_const_iterator@V?$_Vector_val@U?$_Simple_types@V?$basic_string@DU?$char_traits@D@std@@V?$allocator@D@2@@std@@@std@@@std@@@std@@QBEABV?$basic_string@DU?$char_traits@D@std@@V?$allocator@D@2@@1@XZ 0040c800 f i loadkod.obj
 0001:0000b820       ??D?$_Vector_iterator@V?$_Vector_val@U?$_Simple_types@V?$basic_string@DU?$char_traits@D@std@@V?$allocator@D@2@@std@@@std@@@std@@@std@@QBEAAV?$basic_string@DU?$char_traits@D@std@@V?$allocator@D@2@@1@XZ 0040c820 f i loadkod.obj
 0001:0000b840       ??E?$_Vector_const_iterator@V?$_Vector_val@U?$_Simple_types@V?$basic_string@DU?$char_traits@D@std@@V?$allocator@D@2@@std@@@std@@@std@@@std@@QAEAAV01@XZ 0040c840 f i loadkod.obj
 0001:0000b870       ??E?$_Vector_iterator@V?$_Vector_val@U?$_Simple_types@V?$basic_string@DU?$char_traits@D@std@@V?$allocator@D@2@@std@@@std@@@std@@@std@@QAEAAV01@XZ 0040c870 f i loadkod.obj
 0001:0000b890       ??_G?$basic_string@DU?$char_traits@D@std@@V?$allocator@D@2@@std@@QAEPAXI@Z 0040c890 f i loadkod.obj
 0001:0000b8d0       ?_Adopt@_Iterator_base0@std@@QAEXPBX@Z 0040c8d0 f i loadkod.obj
 0001:0000b8e0       ?_Bx@?$_String_alloc@U?$_String_base_types@DV?$allocator@D@std@@@std@@@std@@QAEAAT_Bxty@?$_String_val@U?$_Simple_types@D@std@@@2@XZ 0040c8e0 f i loadkod.obj
 0001:0000b900       ?_Compat@?$_Vector_const_iterator@V?$_Vector_val@U?$_Simple_types@V?$basic_string@DU?$char_traits@D@std@@V?$allocator@D@2@@std@@@std@@@std@@@std@@QBEXABV12@@Z 0040c900 f i loadkod.obj
 0001:0000b910       ?_Deallocate@std@@YAXPAXII@Z 0040c910 f i loadkod.obj
 0001:0000b9d0       ?_Destroy@?$vector@V?$basic_string@DU?$char_traits@D@std@@V?$allocator@D@2@@std@@V?$allocator@V?$basic_string@DU?$char_traits@D@std@@V?$allocator@D@2@@std@@@2@@std@@IAEXPAV?$basic_string@DU?$char_traits@D@std@@V?$allocator@D@2@@2@0@Z 0040c9d0 f i loadkod.obj
 0001:0000ba00       ?_Eos@?$basic_string@DU?$char_traits@D@std@@V?$allocator@D@2@@std@@QAEXI@Z 0040ca00 f i loadkod.obj
 0001:0000ba50       ?_Get_data@?$_String_alloc@U?$_String_base_types@DV?$allocator@D@std@@@std@@@std@@QAEAAV?$_String_val@U?$_Simple_types@D@std@@@2@XZ 0040ca50 f i loadkod.obj
 0001:0000ba70       ?_Get_data@?$_String_alloc@U?$_String_base_types@DV?$allocator@D@std@@@std@@@std@@QBEABV?$_String_val@U?$_Simple_types@D@std@@@2@XZ 0040ca70 f i loadkod.obj
 0001:0000ba90       ?_Get_data@?$_Vector_alloc@U?$_Vec_base_types@V?$basic_string@DU?$char_traits@D@std@@V?$allocator@D@2@@std@@V?$allocator@V?$basic_string@DU?$char_traits@D@std@@V?$allocator@D@2@@std@@@2@@std@@@std@@QAEAAV?$_Vector_val@U?$_Simple_types@V?$basic_string@DU?$char_traits@D@std@@V?$allocator@D@2@@std@@@std@@@2@XZ 0040ca90 f i loadkod.obj
 0001:0000bab0       ?_Get_data@?$_Vector_alloc@U?$_Vec_base_types@V?$basic_string@DU?$char_traits@D@std@@V?$allocator@D@2@@std@@V?$allocator@V?$basic_string@DU?$char_traits@D@std@@V?$allocator@D@2@@std@@@2@@std@@@std@@QBEABV?$_Vector_val@U?$_Simple_types@V?$basic_string@DU?$char_traits@D@std@@V?$allocator@D@2@@std@@@std@@@2@XZ 0040cab0 f i loadkod.obj
 0001:0000bad0       ?_Get_first@?$_Compressed_pair@U?$_Wrap_alloc@V?$allocator@D@std@@@std@@V?$_String_val@U?$_Simple_types@D@std@@@2@$00@std@@QAEAAU?$_Wrap_alloc@V?$allocator@D@std@@@2@XZ 0040cad0 f i loadkod.obj
 0001:0000baf0       ?_Get_first@?$_Compressed_pair@U?$_Wrap_alloc@V?$allocator@V?$basic_string@DU?$char_traits@D@std@@V?$allocator@D@2@@std@@@std@@@std@@V?$_Vector_val@U?$_Simple_types@V?$basic_string@DU?$char_traits@D@std@@V?$allocator@D@2@@std@@@std@@@2@$00@std@@QAEAAU?$_Wrap_alloc@V?$allocator@V?$basic_string@DU?$char_traits@D@std@@V?$allocator@D@2@@std@@@std@@@2@XZ 0040caf0 f i loadkod.obj
 0001:0000bb10       ?_Get_second@?$_Compressed_pair@U?$_Wrap_alloc@V?$allocator@D@std@@@std@@V?$_String_val@U?$_Simple_types@D@std@@@2@$00@std@@QAEAAV?$_String_val@U?$_Simple_types@D@std@@@2@XZ 0040cb10 f i loadkod.obj
 0001:0000bb30       ?_Get_second@?$_Compressed_pair@U?$_Wrap_alloc@V?$allocator@D@std@@@std@@V?$_String_val@U?$_Simple_types@D@std@@@2@$00@std@@QBEABV?$_String_val@U?$_Simple_types@D@std@@@2@XZ 0040cb30 f i loadkod.obj
 0001:0000bb50       ?_Get_second@?$_Compressed_pair@U?$_Wrap_alloc@V?$allocator@V?$basic_string@DU?$char_traits@D@std@@V?$allocator@D@2@@std@@@std@@@std@@V?$_Vector_val@U?$_Simple_types@V?$basic_string@DU?$char_traits@D@std@@V?$allocator@D@2@@std@@@std@@@2@$00@std@@QAEAAV?$_Vector_val@U?$_Simple_types@V?$basic_string@DU?$char_traits@D@std@@V?$allocator@D@2@@std@@@std@@@2@XZ 0040cb50 f i loadkod.obj
 0001:0000bb70       ?_Get_second@?$_Compressed_pair@U?$_Wrap_alloc@V?$allocator@V?$basic_string@DU?$char_traits@D@std@@V?$allocator@D@2@@std@@@std@@@std@@V?$_Vector_val@U?$_Simple_types@V?$basic_string@DU?$char_traits@D@std@@V?$allocator@D@2@@std@@@std@@@2@$00@std@@QBEABV?$_Vector_val@U?$_Simple_types@V?$basic_string@DU?$char_traits@D@std@@V?$allocator@D@2@@std@@@std@@@2@XZ 0040cb70 f i loadkod.obj
 0001:0000bb90       ?_Getal@?$_String_alloc@U?$_String_base_types@DV?$allocator@D@std@@@std@@@std@@QAEAAU?$_Wrap_alloc@V?$allocator@D@std@@@2@XZ 0040cb90 f i loadkod.obj
 0001:0000bbb0       ?_Getal@?$_Vector_alloc@U?$_Vec_base_types@V?$basic_string@DU?$char_traits@D@std@@V?$allocator@D@2@@std@@V?$allocator@V?$basic_string@DU?$char_traits@D@std@@V?$allocator@D@2@@std@@@2@@std@@@std@@QAEAAU?$_Wrap_alloc@V?$allocator@V?$basic_string@DU?$char_traits@D@std@@V?$allocator@D@2@@std@@@std@@@2@XZ 0040cbb0 f i loadkod.obj
 0001:0000bbd0       ?_Myend@?$_Vector_alloc@U?$_Vec_base_types@V?$basic_string@DU?$char_traits@D@std@@V?$allocator@D@2@@std@@V?$allocator@V?$basic_string@DU?$char_traits@D@std@@V?$allocator@D@2@@std@@@2@@std@@@std@@QAEAAPAV?$basic_string@DU?$char_traits@D@std@@V?$allocator@D@2@@2@XZ 0040cbd0 f i loadkod.obj
 0001:0000bbf0       ?_Myfirst@?$_Vector_alloc@U?$_Vec_base_types@V?$basic_string@DU?$char_traits@D@std@@V?$allocator@D@2@@std@@V?$allocator@V?$basic_string@DU?$char_traits@D@std@@V?$allocator@D@2@@std@@@2@@std@@@std@@QAEAAPAV?$basic_string@DU?$char_traits@D@std@@V?$allocator@D@2@@2@XZ 0040cbf0 f i loadkod.obj
 0001:0000bc10       ?_Myfirst@?$_Vector_alloc@U?$_Vec_base_types@V?$basic_string@DU?$char_traits@D@std@@V?$allocator@D@2@@std@@V?$allocator@V?$basic_string@DU?$char_traits@D@std@@V?$allocator@D@2@@std@@@2@@std@@@std@@QBEABQAV?$basic_string@DU?$char_traits@D@std@@V?$allocator@D@2@@2@XZ 0040cc10 f i loadkod.obj
 0001:0000bc30       ?_Mylast@?$_Vector_alloc@U?$_Vec_base_types@V?$basic_string@DU?$char_traits@D@std@@V?$allocator@D@2@@std@@V?$allocator@V?$basic_string@DU?$char_traits@D@std@@V?$allocator@D@2@@std@@@2@@std@@@std@@QAEAAPAV?$basic_string@DU?$char_traits@D@std@@V?$allocator@D@2@@2@XZ 0040cc30 f i loadkod.obj
 0001:0000bc50       ?_Mylast@?$_Vector_alloc@U?$_Vec_base_types@V?$basic_string@DU?$char_traits@D@std@@V?$allocator@D@2@@std@@V?$allocator@V?$basic_string@DU?$char_traits@D@std@@V?$allocator@D@2@@std@@@2@@std@@@std@@QBEABQAV?$basic_string@DU?$char_traits@D@std@@V?$allocator@D@2@@2@XZ 0040cc50 f i loadkod.obj
 0001:0000bc70       ?_Myptr@?$_String_alloc@U?$_String_base_types@DV?$allocator@D@std@@@std@@@std@@QBEPBDXZ 0040cc70 f i loadkod.obj
 0001:0000bc90       ?_Myptr@?$_String_val@U?$_Simple_types@D@std@@@std@@QAEPADXZ 0040cc90 f i loadkod.obj
 0001:0000bcd0       ?_Myptr@?$_String_val@U?$_Simple_types@D@std@@@std@@QBEPBDXZ 0040ccd0 f i loadkod.obj
 0001:0000bd10       ?_Myres@?$_String_alloc@U?$_String_base_types@DV?$allocator@D@std@@@std@@@std@@QAEAAIXZ 0040cd10 f i loadkod.obj
 0001:0000bd30       ?_Orphan_all@?$_Vector_alloc@U?$_Vec_base_types@V?$basic_string@DU?$char_traits@D@std@@V?$allocator@D@2@@std@@V?$allocator@V?$basic_string@DU?$char_traits@D@std@@V?$allocator@D@2@@std@@@2@@std@@@std@@QAEXXZ 0040cd30 f i loadkod.obj
 0001:0000bd50       ?_Orphan_all@_Container_base0@std@@QAEXXZ 0040cd50 f i loadkod.obj
 0001:0000bd60       ?_Tidy@?$basic_string@DU?$char_traits@D@std@@V?$allocator@D@2@@std@@QAEX_NI@Z 0040cd60 f i loadkod.obj
 0001:0000be50       ?_Tidy@?$vector@V?$basic_string@DU?$char_traits@D@std@@V?$allocator@D@2@@std@@V?$allocator@V?$basic_string@DU?$char_traits@D@std@@V?$allocator@D@2@@std@@@2@@std@@IAEXXZ 0040ce50 f i loadkod.obj
 0001:0000bf30       ?assign@?$char_traits@D@std@@SAXAADABD@Z 0040cf30 f i loadkod.obj
 0001:0000bf50       ?begin@?$vector@V?$basic_string@DU?$char_traits@D@std@@V?$allocator@D@2@@std@@V?$allocator@V?$basic_string@DU?$char_traits@D@std@@V?$allocator@D@2@@std@@@2@@std@@QAE?AV?$_Vector_iterator@V?$_Vector_val@U?$_Simple_types@V?$basic_string@DU?$char_traits@D@std@@V?$allocator@D@2@@std@@@std@@@std@@@2@XZ 0040cf50 f i loadkod.obj
 0001:0000bfc0       ?c_str@?$basic_string@DU?$char_traits@D@std@@V?$allocator@D@2@@std@@QBEPBDXZ 0040cfc0 f i loadkod.obj
 0001:0000c010       ?copy@?$char_traits@D@std@@SAPADPADPBDI@Z 0040d010 f i loadkod.obj
 0001:0000c050       ?deallocate@?$_Wrap_alloc@V?$allocator@D@std@@@std@@QAEXPADI@Z 0040d050 f i loadkod.obj
 0001:0000c080       ?deallocate@?$_Wrap_alloc@V?$allocator@V?$basic_string@DU?$char_traits@D@std@@V?$allocator@D@2@@std@@@std@@@std@@QAEXPAV?$basic_string@DU?$char_traits@D@std@@V?$allocator@D@2@@2@I@Z 0040d080 f i loadkod.obj
 0001:0000c0b0       ?deallocate@?$allocator@D@std@@QAEXPADI@Z 0040d0b0 f i loadkod.obj
 0001:0000c0e0       ?deallocate@?$allocator@V?$basic_string@DU?$char_traits@D@std@@V?$allocator@D@2@@std@@@std@@QAEXPAV?$basic_string@DU?$char_traits@D@std@@V?$allocator@D@2@@2@I@Z 0040d0e0 f i loadkod.obj
 0001:0000c110       ?end@?$vector@V?$basic_string@DU?$char_traits@D@std@@V?$allocator@D@2@@std@@V?$allocator@V?$basic_string@DU?$char_traits@D@std@@V?$allocator@D@2@@std@@@2@@std@@QAE?AV?$_Vector_iterator@V?$_Vector_val@U?$_Simple_types@V?$basic_string@DU?$char_traits@D@std@@V?$allocator@D@2@@std@@@std@@@std@@@2@XZ 0040d110 f i loadkod.obj
 0001:0000c180       ?pointer_to@?$pointer_traits@PAV?$basic_string@DU?$char_traits@D@std@@V?$allocator@D@2@@std@@@std@@SAPAV?$basic_string@DU?$char_traits@D@std@@V?$allocator@D@2@@2@AAV32@@Z 0040d180 f i loadkod.obj
 0001:0000c1a0       ?size@?$vector@V?$basic_string@DU?$char_traits@D@std@@V?$allocator@D@2@@std@@V?$allocator@V?$basic_string@DU?$char_traits@D@std@@V?$allocator@D@2@@std@@@2@@std@@QBEIXZ 0040d1a0 f i loadkod.obj
 0001:0000c1e0       ?strrchr@@YAPADQADH@Z      0040d1e0 f i loadkod.obj
 0001:0000c200       ___local_stdio_printf_options 0040d200 f i loadkod.obj
 0001:0000c210       __vsnprintf_l              0040d210 f i loadkod.obj
 0001:0000c280       __vsprintf_l               0040d280 f i loadkod.obj
 0001:0000c2b0       _sprintf                   0040d2b0 f i loadkod.obj
 0001:0000c300       ?InitClass@@YAXXZ          0040d300 f   class.obj
 0001:0000c380       ?ResetClass@@YAXXZ         0040d380 f   class.obj
 0001:0000c580       ?AddClass@@YAXHPAUbof_class_header@@PAD1PAUbof_dstring@@PAUbof_line_table@@PAUbof_class_props@@@Z 0040d580 f   class.obj
 0001:0000c7c0       ?SetClassName@@YAXHPAD@Z   0040d7c0 f   class.obj
 0001:0000c850       ?SetClassesSuperPtr@@YAXXZ 0040d850 f   class.obj
 0001:0000c910       ?SetClassVariables@@YAXXZ  0040d910 f   class.obj
 0001:0000c9a0       ?AddClassPropertyName@@YAXPAUclass_struct@@PADH@Z 0040d9a0 f   class.obj
 0001:0000ca20       ?SetClassPropertyNames@@YAXXZ 0040da20 f   class.obj
 0001:0000ca90       ?GetClassByName@@YAPAUclass_struct@@PBD@Z 0040da90 f   class.obj
 0001:0000cad0       ?GetClassByID@@YAPAUclass_struct@@H@Z 0040dad0 f   class.obj
 0001:0000cb20       ?GetPropertyNameByID@@YAPBDPAUclass_struct@@H@Z 0040db20 f   class.obj
 0001:0000cb40       ?GetPropertyIDByName@@YAHPAUclass_struct@@PBD@Z 0040db40 f   class.obj
 0001:0000cba0       ?GetClassVarNameByID@@YAPADPAUclass_struct@@H@Z 0040dba0 f   class.obj
 0001:0000cc00       ?GetClassVarIDByName@@YAHPAUclass_struct@@PBD@Z 0040dc00 f   class.obj
 0001:0000cc80       ?ForEachClass@@YAXP6AXPAUclass_struct@@@Z@Z 0040dc80 f   class.obj
 0001:0000cce0       ?GetClassDebugStr@@YAPBDPAUclass_struct@@H@Z 0040dce0 f   class.obj
 0001:0000cd30       ?GetSourceLine@@YAHPAUclass_struct@@PAD@Z 0040dd30 f   class.obj
 0001:0000cdb0       ?SetOneClassVariables@@YAXPAUclass_struct@@0@Z 0040ddb0 f   class.obj
 0001:0000ce80       ?SetOneClassPropertyNames@@YAXPAUclass_struct@@@Z 0040de80 f   class.obj
 0001:0000d200       ?InitMessage@@YAXXZ        0040e200 f   message.obj
 0001:0000d220       ?ResetMessage@@YAXXZ       0040e220 f   message.obj
 0001:0000d250       ?SetClassNumMessages@@YAXHH@Z 0040e250 f   message.obj
 0001:0000d2d0       ?AddMessage@@YAXHHHPADH@Z  0040e2d0 f   message.obj
 0001:0000d3c0       ?SetMessagesPropagate@@YAXXZ 0040e3c0 f   message.obj
 0001:0000d3e0       ?GetHighestMessageCount@@YAHXZ 0040e3e0 f   message.obj
 0001:0000d3f0       ?GetNumMessageHashCollisions@@YAHXZ 0040e3f0 f   message.obj
 0001:0000d400       ?GetMessageByID@@YAPAUmessage_struct@@HHPAPAUclass_struct@@@Z 0040e400 f   message.obj
 0001:0000d4a0       ?GetMessageByName@@YAPAUmessage_struct@@HPADPAPAUclass_struct@@@Z 0040e4a0 f   message.obj
 0001:0000d4f0       ?ResetMessageClass@@YAXPAUclass_struct@@@Z 0040e4f0 f   message.obj
 0001:0000d5a0       ?SetEachClassMessagesPropagate@@YAXPAUclass_struct@@@Z 0040e5a0 f   message.obj
 0001:0000d730       ?InitObject@@YAXXZ         0040e730 f   object.obj
 0001:0000d770       ?ResetObject@@YAXXZ        0040e770 f   object.obj
 0001:0000d850       ?ClearObject@@YAXXZ        0040e850 f   object.obj
 0001:0000d8a0       ?GetObjectsUsed@@YAHXZ     0040e8a0 f   object.obj
 0001:0000d8b0       ?CreateObject@@YAHHHQAUparm_node@@@Z 0040e8b0 f   object.obj
 0001:0000d9f0       ?LoadObject@@YADHPAD@Z     0040e9f0 f   object.obj
 0001:0000db20       ?DeleteBlakodObject@@YAXH@Z 0040eb20 f   object.obj
 0001:0000dbb0       ?GetObjectByID@@YAPAUobject_node@@H@Z 0040ebb0 f   object.obj
 0001:0000dc50       ?GetObjectByIDQuietly@@YAPAUobject_node@@H@Z 0040ec50 f   object.obj
 0001:0000dcb0       ?IsObjectByID@@YADH@Z      0040ecb0 f   object.obj
 0001:0000dce0       ?GetObjectByIDEvenDeleted@@YAPAUobject_node@@H@Z 0040ece0 f   object.obj
 0001:0000dd20       ?SetObjectPropertyByName@@YADHPADTval_type@@@Z 0040ed20 f   object.obj
 0001:0000de40       ?ForEachObject@@YAXP6AXPAUobject_node@@@Z@Z 0040ee40 f   object.obj
 0001:0000de90       ?MoveObject@@YAXHH@Z       0040ee90 f   object.obj
 0001:0000df50       ?SetNumObjects@@YAXH@Z     0040ef50 f   object.obj
 0001:0000df60       ?SetObjectProperties@@YAXHPAUclass_struct@@@Z 0040ef60 f   object.obj
 0001:0000e050       ?AllocateObject@@YAHH@Z    0040f050 f   object.obj
 0001:0000e420       ?InitProfiling@@YAXXZ      0040f420 f   sendmsg.obj
 0001:0000e550       ?InitTimeProfiling@@YAXXZ  0040f550 f   sendmsg.obj
 0001:0000e560       ?EndTimeProfiling@@YAXXZ   0040f560 f   sendmsg.obj
 0001:0000e570       ?InitBkodInterpret@@YAXXZ  0040f570 f   sendmsg.obj
 0001:0000ec50       ?GetKodStats@@YAPAUkod_statistics@@XZ 0040fc50 f   sendmsg.obj
 0001:0000ec60       ?GetBkodPtr@@YAPADXZ       0040fc60 f   sendmsg.obj
 0001:0000ec70       ?IsInterpreting@@YADXZ     0040fc70 f   sendmsg.obj
 0001:0000ec90       ?PostBlakodMessage@@YAXHHHQAUparm_node@@@Z 0040fc90 f   sendmsg.obj
 0001:0000ed70       ?SendTopLevelBlakodMessage@@YAHHHHQAUparm_node@@@Z 0040fd70 f   sendmsg.obj
 0001:0000f020       ?SendBlakodMessage@@YAHHHHQAUparm_node@@@Z 00410020 f   sendmsg.obj
 0001:0000f4d0       ?SendBlakodClassMessage@@YAHHHHQAUparm_node@@@Z 004104d0 f   sendmsg.obj
 0001:0000f520       ?BlakodDebugInfo@@YAPADXZ  00410520 f   sendmsg.obj
 0001:0000f5b0       ?BlakodStackInfo@@YAPADXZ  004105b0 f   sendmsg.obj
 0001:0000f950       ?CreateOpcodeTable@@YAXXZ  00410950 f   sendmsg.obj
 0001:0000fd70       ?InterpretAtMessage@@YAHHPAUclass_struct@@PAUmessage_struct@@HQAUparm_node@@PATval_type@@@Z 00410d70 f   sendmsg.obj
 0001:000101f0       ?TraceInfo@@YAXHPADHHQAUparm_node@@@Z 004111f0 f   sendmsg.obj
 0001:00010430       ?SendClassMessage@@YAXPAUobject_node@@@Z 00411430 f   sendmsg.obj
 0001:000104a0       ?InterpretGotoUncond@@YAXHPAUlocal_var_type@@@Z 004114a0 f   sendmsg.obj
 0001:000104c0       ?InterpretGotoIfTrueConstant@@YAXHPAUlocal_var_type@@@Z 004114c0 f   sendmsg.obj
 0001:00010500       ?InterpretGotoIfTrueLocal@@YAXHPAUlocal_var_type@@@Z 00411500 f   sendmsg.obj
 0001:00010540       ?InterpretGotoIfTrueProperty@@YAXHPAUlocal_var_type@@@Z 00411540 f   sendmsg.obj
 0001:00010590       ?InterpretGotoIfTrueClassVar@@YAXHPAUlocal_var_type@@@Z 00411590 f   sendmsg.obj
 0001:000105e0       ?InterpretGotoIfFalseConstant@@YAXHPAUlocal_var_type@@@Z 004115e0 f   sendmsg.obj
 0001:00010620       ?InterpretGotoIfFalseLocal@@YAXHPAUlocal_var_type@@@Z 00411620 f   sendmsg.obj
 0001:00010660       ?InterpretGotoIfFalseProperty@@YAXHPAUlocal_var_type@@@Z 00411660 f   sendmsg.obj
 0001:000106b0       ?InterpretGotoIfFalseClassVar@@YAXHPAUlocal_var_type@@@Z 004116b0 f   sendmsg.obj
 0001:00010700       ?InterpretCallStoreNone@@YAXHPAUlocal_var_type@@@Z 00411700 f   sendmsg.obj
 0001:000109b0       ?InterpretCallStoreLocal@@YAXHPAUlocal_var_type@@@Z 004119b0 f   sendmsg.obj
 0001:00010c80       ?InterpretCallStoreProperty@@YAXHPAUlocal_var_type@@@Z 00411c80 f   sendmsg.obj
 0001:00010f50       ?InterpretUnaryNot_L@@YAXHPAUlocal_var_type@@@Z 00411f50 f   sendmsg.obj
 0001:00011040       ?InterpretUnaryNot_P@@YAXHPAUlocal_var_type@@@Z 00412040 f   sendmsg.obj
 0001:00011130       ?InterpretUnaryNeg_L@@YAXHPAUlocal_var_type@@@Z 00412130 f   sendmsg.obj
 0001:00011200       ?InterpretUnaryNeg_P@@YAXHPAUlocal_var_type@@@Z 00412200 f   sendmsg.obj
 0001:000112d0       ?InterpretUnaryNone_L@@YAXHPAUlocal_var_type@@@Z 004122d0 f   sendmsg.obj
 0001:00011350       ?InterpretUnaryNone_P@@YAXHPAUlocal_var_type@@@Z 00412350 f   sendmsg.obj
 0001:000113d0       ?InterpretUnaryBitNot_L@@YAXHPAUlocal_var_type@@@Z 004123d0 f   sendmsg.obj
 0001:000114a0       ?InterpretUnaryBitNot_P@@YAXHPAUlocal_var_type@@@Z 004124a0 f   sendmsg.obj
 0001:00011570       ?InterpretUnaryPostInc@@YAXHPAUlocal_var_type@@@Z 00412570 f   sendmsg.obj
 0001:000116a0       ?InterpretUnaryPostDec@@YAXHPAUlocal_var_type@@@Z 004126a0 f   sendmsg.obj
 0001:000117d0       ?InterpretUnaryPreInc@@YAXHPAUlocal_var_type@@@Z 004127d0 f   sendmsg.obj
 0001:00011900       ?InterpretUnaryPreDec@@YAXHPAUlocal_var_type@@@Z 00412900 f   sendmsg.obj
 0001:00011a30       ?InterpretBinaryAdd_L@@YAXHPAUlocal_var_type@@@Z 00412a30 f   sendmsg.obj
 0001:00011b50       ?InterpretBinaryAdd_P@@YAXHPAUlocal_var_type@@@Z 00412b50 f   sendmsg.obj
 0001:00011c70       ?InterpretBinarySub_L@@YAXHPAUlocal_var_type@@@Z 00412c70 f   sendmsg.obj
 0001:00011d90       ?InterpretBinarySub_P@@YAXHPAUlocal_var_type@@@Z 00412d90 f   sendmsg.obj
 0001:00011eb0       ?InterpretBinaryMul_L@@YAXHPAUlocal_var_type@@@Z 00412eb0 f   sendmsg.obj
 0001:00011fe0       ?InterpretBinaryMul_P@@YAXHPAUlocal_var_type@@@Z 00412fe0 f   sendmsg.obj
 0001:00012110       ?InterpretBinaryDiv_L@@YAXHPAUlocal_var_type@@@Z 00413110 f   sendmsg.obj
 0001:00012250       ?InterpretBinaryDiv_P@@YAXHPAUlocal_var_type@@@Z 00413250 f   sendmsg.obj
 0001:00012390       ?InterpretBinaryMod_L@@YAXHPAUlocal_var_type@@@Z 00413390 f   sendmsg.obj
 0001:000124e0       ?InterpretBinaryMod_P@@YAXHPAUlocal_var_type@@@Z 004134e0 f   sendmsg.obj
 0001:00012630       ?InterpretBinaryAnd_L@@YAXHPAUlocal_var_type@@@Z 00413630 f   sendmsg.obj
 0001:00012770       ?InterpretBinaryAnd_P@@YAXHPAUlocal_var_type@@@Z 00413770 f   sendmsg.obj
 0001:000128b0       ?InterpretBinaryOr_L@@YAXHPAUlocal_var_type@@@Z 004138b0 f   sendmsg.obj
 0001:000129f0       ?InterpretBinaryOr_P@@YAXHPAUlocal_var_type@@@Z 004139f0 f   sendmsg.obj
 0001:00012b30       ?InterpretBinaryEqual_L@@YAXHPAUlocal_var_type@@@Z 00413b30 f   sendmsg.obj
 0001:00012c50       ?InterpretBinaryEqual_P@@YAXHPAUlocal_var_type@@@Z 00413c50 f   sendmsg.obj
 0001:00012d70       ?InterpretBinaryNEq_L@@YAXHPAUlocal_var_type@@@Z 00413d70 f   sendmsg.obj
 0001:00012e90       ?InterpretBinaryNEq_P@@YAXHPAUlocal_var_type@@@Z 00413e90 f   sendmsg.obj
 0001:00012fb0       ?InterpretBinaryLess_L@@YAXHPAUlocal_var_type@@@Z 00413fb0 f   sendmsg.obj
 0001:000130f0       ?InterpretBinaryLess_P@@YAXHPAUlocal_var_type@@@Z 004140f0 f   sendmsg.obj
 0001:00013230       ?InterpretBinaryGreater_L@@YAXHPAUlocal_var_type@@@Z 00414230 f   sendmsg.obj
 0001:00013370       ?InterpretBinaryGreater_P@@YAXHPAUlocal_var_type@@@Z 00414370 f   sendmsg.obj
 0001:000134b0       ?InterpretBinaryLEq_L@@YAXHPAUlocal_var_type@@@Z 004144b0 f   sendmsg.obj
 0001:000135f0       ?InterpretBinaryLEq_P@@YAXHPAUlocal_var_type@@@Z 004145f0 f   sendmsg.obj
 0001:00013730       ?InterpretBinaryGEq_L@@YAXHPAUlocal_var_type@@@Z 00414730 f   sendmsg.obj
 0001:00013870       ?InterpretBinaryGEq_P@@YAXHPAUlocal_var_type@@@Z 00414870 f   sendmsg.obj
 0001:000139b0       ?InterpretBinaryBitAnd_L@@YAXHPAUlocal_var_type@@@Z 004149b0 f   sendmsg.obj
 0001:00013ad0       ?InterpretBinaryBitAnd_P@@YAXHPAUlocal_var_type@@@Z 00414ad0 f   sendmsg.obj
 0001:00013bf0       ?InterpretBinaryBitOr_L@@YAXHPAUlocal_var_type@@@Z 00414bf0 f   sendmsg.obj
 0001:00013d10       ?InterpretBinaryBitOr_P@@YAXHPAUlocal_var_type@@@Z 00414d10 f   sendmsg.obj
 0001:00013e30       ?InterpretIsClass_L@@YAXHPAUlocal_var_type@@@Z 00414e30 f   sendmsg.obj
 0001:00014070       ?InterpretIsClass_P@@YAXHPAUlocal_var_type@@@Z 00415070 f   sendmsg.obj
 0001:000142b0       ?InterpretIsClassConst_L@@YAXHPAUlocal_var_type@@@Z 004152b0 f   sendmsg.obj
 0001:00014470       ?InterpretIsClassConst_P@@YAXHPAUlocal_var_type@@@Z 00415470 f   sendmsg.obj
 0001:00015ec0       ?RetrieveClassVar@@YA?ATval_type@@HH@Z 00416ec0 f i sendmsg.obj
 0001:00016010       ?RetrieveValue@@YA?ATval_type@@HPAUlocal_var_type@@HH@Z 00417010 f i sendmsg.obj
 0001:00016230       ?StoreLocal@@YAXPAUlocal_var_type@@HTval_type@@@Z 00417230 f i sendmsg.obj
 0001:00016280       ?StoreProperty@@YAXHHTval_type@@@Z 00417280 f i sendmsg.obj
 0001:00016320       ?StoreValue@@YAXHPAUlocal_var_type@@HHTval_type@@@Z 00417320 f i sendmsg.obj
 0001:00016450       ?get_int@@YAIXZ            00417450 f i sendmsg.obj
 0001:00016480       ?BSPGetHeight@@YA_NPAUroom_type@@PAUV2@@PAM22PAPAUBspLeaf@@@Z 00417480 f   roofile.obj
 0001:000166f0       ?BSPCanMoveInRoom@@YA_NPAUroom_type@@PAUV2@@1H_NPAPAUWall@@@Z 004176f0 f   roofile.obj
 0001:00016990       ?BSPLineOfSightView@@YA_NPAUV2@@0H@Z 00417990 f   roofile.obj
 0001:00016b60       ?BSPLineOfSight@@YA_NPAUroom_type@@PAUV3@@1@Z 00417b60 f   roofile.obj
 0001:00016e00       ?BSPChangeTexture@@YAXPAUroom_type@@IGI@Z 00417e00 f   roofile.obj
 0001:00017070       ?BSPMoveSector@@YAXPAUroom_type@@I_NMM@Z 00418070 f   roofile.obj
 0001:00017100       ?BSPGetLocationInfo@@YA_NPAUroom_type@@PAUV2@@IPAIPAM33PAPAUBspLeaf@@@Z 00418100 f   roofile.obj
 0001:00017370       ?BSPGetRandomPoint@@YA_NPAUroom_type@@HPAUV2@@@Z 00418370 f   roofile.obj
 0001:00017580       ?BSPGetStepTowards@@YA_NPAUroom_type@@PAUV2@@11PAIH@Z 00418580 f   roofile.obj
 0001:00017e70       ?BSPBlockerAdd@@YA_NPAUroom_type@@HPAUV2@@@Z 00418e70 f   roofile.obj
 0001:00017f10       ?BSPBlockerMove@@YA_NPAUroom_type@@HPAUV2@@@Z 00418f10 f   roofile.obj
 0001:00017f90       ?BSPBlockerRemove@@YA_NPAUroom_type@@H@Z 00418f90 f   roofile.obj
 0001:00018010       ?BSPBlockerClear@@YAXPAUroom_type@@@Z 00419010 f   roofile.obj
 0001:00018060       ?BSPLoadRoom@@YA_NPADPAUroom_type@@@Z 00419060 f   roofile.obj
 0001:00019f10       ?BSPFreeRoom@@YAXPAUroom_type@@@Z 0041af10 f   roofile.obj
 0001:0001a110       ?BSPLineOfSightTree@@YA_NPBUBspNode@@PBUV3@@1@Z 0041b110 f   roofile.obj
 0001:0001aee0       ?BSPCanMoveInRoomTree@@YA_NPBUBspNode@@PBUV2@@1PAPAUWall@@@Z 0041bee0 f   roofile.obj
 0001:0001c7b0       ?BSPCanMoveInRoomTreeInternal@@YA_NPBUSectorNode@@0PBUSide@@1PBUV2@@@Z 0041d7b0 f i roofile.obj
 0001:0001c940       ?BSPGetSectorHeightFloorWithDepth@@YAMPBUSectorNode@@PBUV2@@@Z 0041d940 f i roofile.obj
 0001:0001ca80       ?BSPIntersectLineSplitter@@YA_NPBUBspNode@@PBUV2@@1PAU2@@Z 0041da80 f i roofile.obj
 0001:0001cda0       ?BSPUpdateLeafHeights@@YAXPBUroom_type@@PBUSectorNode@@_N@Z 0041dda0 f i roofile.obj
 0001:0001cfe0       ?IntersectLineCircle@@YA_NPBUV2@@M00@Z 0041dfe0 f i roofile.obj
 0001:0001d250       ?IntersectLineTriangle@@YA_NPBUV3@@0000@Z 0041e250 f i roofile.obj
 0001:0001d6f0       ?MinSquaredDistanceToLineSegment@@YAMPBUV2@@00@Z 0041e6f0 f i roofile.obj
 0001:0001d990       ?V2ROTATE@@YAXPAUV2@@M@Z   0041e990 f i roofile.obj
 0001:0001da50       ?fabs@@YAMM@Z              0041ea50 f i roofile.obj
 0001:0001dab0       ?fmax@@YAMMM@Z             0041eab0 f i roofile.obj
 0001:0001db20       ?fmin@@YAMMM@Z             0041eb20 f i roofile.obj
 0001:0001db90       _atan2f                    0041eb90 f i roofile.obj
 0001:0001dbd0       _cosf                      0041ebd0 f i roofile.obj
 0001:0001dc00       _fabsf                     0041ec00 f i roofile.obj
 0001:0001dc30       _sinf                      0041ec30 f i roofile.obj
 0001:0001dc60       _sqrtf                     0041ec60 f i roofile.obj
 0001:0001dc90       ?InitBufferPool@@YAXXZ     0041ec90 f   bufpool.obj
 0001:0001dcc0       ?ResetBufferPool@@YAXXZ    0041ecc0 f   bufpool.obj
 0001:0001dd60       ?GetBuffer@@YAPAUbuffer_struct@@XZ 0041ed60 f   bufpool.obj
 0001:0001de90       ?DeleteBuffer@@YAXPAUbuffer_struct@@@Z 0041ee90 f   bufpool.obj
 0001:0001def0       ?AddToBufferList@@YAPAUbuffer_struct@@PAU1@PAXH@Z 0041eef0 f   bufpool.obj
 0001:0001dff0       ?AddByteToBufferList@@YAPAUbuffer_struct@@PAU1@D@Z 0041eff0 f   bufpool.obj
 0001:0001e010       ?CopyBufferList@@YAPAUbuffer_struct@@PAU1@@Z 0041f010 f   bufpool.obj
 0001:0001e0b0       ?DeleteBufferList@@YAXPAUbuffer_struct@@@Z 0041f0b0 f   bufpool.obj
 0001:0001e1f0       ??$min@H@std@@YAABHABH0@Z  0041f1f0 f i bufpool.obj
 0001:0001e230       ?C_Invalid@@YAHHPAUlocal_var_type@@HQAUparm_node@@H1@Z 0041f230 f   ccode.obj
 0001:0001e250       ?C_SaveGame@@YAHHPAUlocal_var_type@@HQAUparm_node@@H1@Z 0041f250 f   ccode.obj
 0001:0001e360       ?C_LoadGame@@YAHHPAUlocal_var_type@@HQAUparm_node@@H1@Z 0041f360 f   ccode.obj
 0001:0001e470       ?C_AddPacket@@YAHHPAUlocal_var_type@@HQAUparm_node@@H1@Z 0041f470 f   ccode.obj
 0001:0001e530       ?C_SendPacket@@YAHHPAUlocal_var_type@@HQAUparm_node@@H1@Z 0041f530 f   ccode.obj
 0001:0001e5c0       ?C_SendCopyPacket@@YAHHPAUlocal_var_type@@HQAUparm_node@@H1@Z 0041f5c0 f   ccode.obj
 0001:0001e650       ?C_ClearPacket@@YAHHPAUlocal_var_type@@HQAUparm_node@@H1@Z 0041f650 f   ccode.obj
 0001:0001e660       ?C_GodLog@@YAHHPAUlocal_var_type@@HQAUparm_node@@H1@Z 0041f660 f   ccode.obj
 0001:0001ec30       ?C_Debug@@YAHHPAUlocal_var_type@@HQAUparm_node@@H1@Z 0041fc30 f   ccode.obj
 0001:0001f230       ?C_GetInactiveTime@@YAHHPAUlocal_var_type@@HQAUparm_node@@H1@Z 00420230 f   ccode.obj
 0001:0001f350       ?C_DumpStack@@YAHHPAUlocal_var_type@@HQAUparm_node@@H1@Z 00420350 f   ccode.obj
 0001:0001f3b0       ?C_SendMessage@@YAHHPAUlocal_var_type@@HQAUparm_node@@H1@Z 004203b0 f   ccode.obj
 0001:0001f620       ?C_PostMessage@@YAHHPAUlocal_var_type@@HQAUparm_node@@H1@Z 00420620 f   ccode.obj
 0001:0001f8a0       ?C_SendListMessage@@YAHHPAUlocal_var_type@@HQAUparm_node@@H1@Z 004208a0 f   ccode.obj
 0001:0001fbb0       ?C_SendListMessageBreak@@YAHHPAUlocal_var_type@@HQAUparm_node@@H1@Z 00420bb0 f   ccode.obj
 0001:0001fec0       ?C_SendListMessageByClass@@YAHHPAUlocal_var_type@@HQAUparm_node@@H1@Z 00420ec0 f   ccode.obj
 0001:00020260       ?C_SendListMessageByClassBreak@@YAHHPAUlocal_var_type@@HQAUparm_node@@H1@Z 00421260 f   ccode.obj
 0001:00020600       ?C_CreateObject@@YAHHPAUlocal_var_type@@HQAUparm_node@@H1@Z 00421600 f   ccode.obj
 0001:000206c0       ?C_GetClass@@YAHHPAUlocal_var_type@@HQAUparm_node@@H1@Z 004216c0 f   ccode.obj
 0001:000207a0       ?C_StringEqual@@YAHHPAUlocal_var_type@@HQAUparm_node@@H1@Z 004217a0 f   ccode.obj
 0001:00020bd0       ?C_StringSubstitute@@YAHHPAUlocal_var_type@@HQAUparm_node@@H1@Z 00421bd0 f   ccode.obj
 0001:00021290       ?C_StringContain@@YAHHPAUlocal_var_type@@HQAUparm_node@@H1@Z 00422290 f   ccode.obj
 0001:000216f0       ?C_SetResource@@YAHHPAUlocal_var_type@@HQAUparm_node@@H1@Z 004226f0 f   ccode.obj
 0001:00021940       ?C_ParseString@@YAHHPAUlocal_var_type@@HQAUparm_node@@H1@Z 00422940 f   ccode.obj
 0001:00021c10       ?C_SetString@@YAHHPAUlocal_var_type@@HQAUparm_node@@H1@Z 00422c10 f   ccode.obj
 0001:00022080       ?C_AppendTempString@@YAHHPAUlocal_var_type@@HQAUparm_node@@H1@Z 00423080 f   ccode.obj
 0001:000222e0       ?C_ClearTempString@@YAHHPAUlocal_var_type@@HQAUparm_node@@H1@Z 004232e0 f   ccode.obj
 0001:00022310       ?C_GetTempString@@YAHHPAUlocal_var_type@@HQAUparm_node@@H1@Z 00423310 f   ccode.obj
 0001:00022340       ?C_CreateString@@YAHHPAUlocal_var_type@@HQAUparm_node@@H1@Z 00423340 f   ccode.obj
 0001:00022390       ?C_IsString@@YAHHPAUlocal_var_type@@HQAUparm_node@@H1@Z 00423390 f   ccode.obj
 0001:00022420       ?C_StringLength@@YAHHPAUlocal_var_type@@HQAUparm_node@@H1@Z 00423420 f   ccode.obj
 0001:000224c0       ?C_StringConsistsOf@@YAHHPAUlocal_var_type@@HQAUparm_node@@H1@Z 004234c0 f   ccode.obj
 0001:00022600       ?C_CreateTimer@@YAHHPAUlocal_var_type@@HQAUparm_node@@H1@Z 00423600 f   ccode.obj
 0001:00022830       ?C_DeleteTimer@@YAHHPAUlocal_var_type@@HQAUparm_node@@H1@Z 00423830 f   ccode.obj
 0001:000228f0       ?C_GetTimeRemaining@@YAHHPAUlocal_var_type@@HQAUparm_node@@H1@Z 004238f0 f   ccode.obj
 0001:00022a10       ?C_IsTimer@@YAHHPAUlocal_var_type@@HQAUparm_node@@H1@Z 00423a10 f   ccode.obj
 0001:00022ac0       ?C_LoadRoom@@YAHHPAUlocal_var_type@@HQAUparm_node@@H1@Z 00423ac0 f   ccode.obj
 0001:00022b50       ?C_FreeRoom@@YAHHPAUlocal_var_type@@HQAUparm_node@@H1@Z 00423b50 f   ccode.obj
 0001:00022c10       ?C_RoomData@@YAHHPAUlocal_var_type@@HQAUparm_node@@H1@Z 00423c10 f   ccode.obj
 0001:00022ed0       ?C_GetLocationInfoBSP@@YAHHPAUlocal_var_type@@HQAUparm_node@@H1@Z 00423ed0 f   ccode.obj
 0001:000237f0       ?C_CanMoveInRoomBSP@@YAHHPAUlocal_var_type@@HQAUparm_node@@H1@Z 004247f0 f   ccode.obj
 0001:00023e60       ?C_LineOfSightBSP@@YAHHPAUlocal_var_type@@HQAUparm_node@@H1@Z 00424e60 f   ccode.obj
 0001:00024470       ?C_LineOfSightView@@YAHHPAUlocal_var_type@@HQAUparm_node@@H1@Z 00425470 f   ccode.obj
 0001:000249a0       ?C_ChangeTextureBSP@@YAHHPAUlocal_var_type@@HQAUparm_node@@H1@Z 004259a0 f   ccode.obj
 0001:00024bf0       ?C_MoveSectorBSP@@YAHHPAUlocal_var_type@@HQAUparm_node@@H1@Z 00425bf0 f   ccode.obj
 0001:00024f00       ?C_BlockerAddBSP@@YAHHPAUlocal_var_type@@HQAUparm_node@@H1@Z 00425f00 f   ccode.obj
 0001:000252b0       ?C_BlockerMoveBSP@@YAHHPAUlocal_var_type@@HQAUparm_node@@H1@Z 004262b0 f   ccode.obj
 0001:00025660       ?C_BlockerRemoveBSP@@YAHHPAUlocal_var_type@@HQAUparm_node@@H1@Z 00426660 f   ccode.obj
 0001:000257e0       ?C_BlockerClearBSP@@YAHHPAUlocal_var_type@@HQAUparm_node@@H1@Z 004267e0 f   ccode.obj
 0001:000258c0       ?C_GetRandomPointBSP@@YAHHPAUlocal_var_type@@HQAUparm_node@@H1@Z 004268c0 f   ccode.obj
 0001:00025de0       ?C_GetStepTowardsBSP@@YAHHPAUlocal_var_type@@HQAUparm_node@@H1@Z 00426de0 f   ccode.obj
 0001:00026650       ?C_AppendListElem@@YAHHPAUlocal_var_type@@HQAUparm_node@@H1@Z 00427650 f   ccode.obj
 0001:00026750       ?C_Cons@@YAHHPAUlocal_var_type@@HQAUparm_node@@H1@Z 00427750 f   ccode.obj
 0001:00026850       ?C_First@@YAHHPAUlocal_var_type@@HQAUparm_node@@H1@Z 00427850 f   ccode.obj
 0001:00026920       ?C_Rest@@YAHHPAUlocal_var_type@@HQAUparm_node@@H1@Z 00427920 f   ccode.obj
 0001:000269f0       ?C_Length@@YAHHPAUlocal_var_type@@HQAUparm_node@@H1@Z 004279f0 f   ccode.obj
 0001:00026ae0       ?C_Last@@YAHHPAUlocal_var_type@@HQAUparm_node@@H1@Z 00427ae0 f   ccode.obj
 0001:00026b70       ?C_Nth@@YAHHPAUlocal_var_type@@HQAUparm_node@@H1@Z 00427b70 f   ccode.obj
 0001:00026cc0       ?C_IsListMatch@@YAHHPAUlocal_var_type@@HQAUparm_node@@H1@Z 00427cc0 f   ccode.obj
 0001:00026e10       ?C_List@@YAHHPAUlocal_var_type@@HQAUparm_node@@H1@Z 00427e10 f   ccode.obj
 0001:00026ec0       ?C_IsList@@YAHHPAUlocal_var_type@@HQAUparm_node@@H1@Z 00427ec0 f   ccode.obj
 0001:00026f50       ?C_SetFirst@@YAHHPAUlocal_var_type@@HQAUparm_node@@H1@Z 00427f50 f   ccode.obj
 0001:00027020       ?C_SwapListElem@@YAHHPAUlocal_var_type@@HQAUparm_node@@H1@Z 00428020 f   ccode.obj
 0001:000271f0       ?C_SetNth@@YAHHPAUlocal_var_type@@HQAUparm_node@@H1@Z 004281f0 f   ccode.obj
 0001:00027340       ?C_FindListElem@@YAHHPAUlocal_var_type@@HQAUparm_node@@H1@Z 00428340 f   ccode.obj
 0001:00027450       ?C_GetAllListNodesByClass@@YAHHPAUlocal_var_type@@HQAUparm_node@@H1@Z 00428450 f   ccode.obj
 0001:00027600       ?C_GetListNode@@YAHHPAUlocal_var_type@@HQAUparm_node@@H1@Z 00428600 f   ccode.obj
 0001:000277a0       ?C_GetListElemByClass@@YAHHPAUlocal_var_type@@HQAUparm_node@@H1@Z 004287a0 f   ccode.obj
 0001:000278c0       ?C_ListCopy@@YAHHPAUlocal_var_type@@HQAUparm_node@@H1@Z 004288c0 f   ccode.obj
 0001:00027990       ?C_InsertListElem@@YAHHPAUlocal_var_type@@HQAUparm_node@@H1@Z 00428990 f   ccode.obj
 0001:00027b60       ?C_DelListElem@@YAHHPAUlocal_var_type@@HQAUparm_node@@H1@Z 00428b60 f   ccode.obj
 0001:00027c30       ?C_DelLastListElem@@YAHHPAUlocal_var_type@@HQAUparm_node@@H1@Z 00428c30 f   ccode.obj
 0001:00027cc0       ?C_GetTimeZoneOffset@@YAHHPAUlocal_var_type@@HQAUparm_node@@H1@Z 00428cc0 f   ccode.obj
 0001:00027d00       ?C_GetTime@@YAHHPAUlocal_var_type@@HQAUparm_node@@H1@Z 00428d00 f   ccode.obj
 0001:00027d50       ?C_GetTickCount@@YAHHPAUlocal_var_type@@HQAUparm_node@@H1@Z 00428d50 f   ccode.obj
 0001:00027da0       ?C_Random@@YAHHPAUlocal_var_type@@HQAUparm_node@@H1@Z 00428da0 f   ccode.obj
 0001:00027f20       ?C_Abs@@YAHHPAUlocal_var_type@@HQAUparm_node@@H1@Z 00428f20 f   ccode.obj
 0001:00028000       ?C_Sqrt@@YAHHPAUlocal_var_type@@HQAUparm_node@@H1@Z 00429000 f   ccode.obj
 0001:000280f0       ?C_Bound@@YAHHPAUlocal_var_type@@HQAUparm_node@@H1@Z 004290f0 f   ccode.obj
 0001:000282c0       ?C_CreateTable@@YAHHPAUlocal_var_type@@HQAUparm_node@@H1@Z 004292c0 f   ccode.obj
 0001:000283a0       ?C_AddTableEntry@@YAHHPAUlocal_var_type@@HQAUparm_node@@H1@Z 004293a0 f   ccode.obj
 0001:00028510       ?C_GetTableEntry@@YAHHPAUlocal_var_type@@HQAUparm_node@@H1@Z 00429510 f   ccode.obj
 0001:000285e0       ?C_DeleteTableEntry@@YAHHPAUlocal_var_type@@HQAUparm_node@@H1@Z 004295e0 f   ccode.obj
 0001:000286b0       ?C_DeleteTable@@YAHHPAUlocal_var_type@@HQAUparm_node@@H1@Z 004296b0 f   ccode.obj
 0001:00028740       ?C_IsTable@@YAHHPAUlocal_var_type@@HQAUparm_node@@H1@Z 00429740 f   ccode.obj
 0001:000287e0       ?C_RecycleUser@@YAHHPAUlocal_var_type@@HQAUparm_node@@H1@Z 004297e0 f   ccode.obj
 0001:00028930       ?C_IsObject@@YAHHPAUlocal_var_type@@HQAUparm_node@@H1@Z 00429930 f   ccode.obj
 0001:000289d0       ?C_StringToNumber@@YAHHPAUlocal_var_type@@HQAUparm_node@@H1@Z 004299d0 f   ccode.obj
 0001:00028ae0       ?C_RecordStat@@YAHHPAUlocal_var_type@@HQAUparm_node@@H1@Z 00429ae0 f   ccode.obj
 0001:00029cd0       ?C_GetSessionIP@@YAHHPAUlocal_var_type@@HQAUparm_node@@H1@Z 0042acd0 f   ccode.obj
 0001:00029e30       ?C_SetClassVar@@YAHHPAUlocal_var_type@@HQAUparm_node@@H1@Z 0042ae30 f   ccode.obj
 0001:0002a0e0       ?FuzzyCollapseString@@YAXPADPBDH@Z 0042b0e0 f   ccode.obj
 0001:0002a1e0       ?FuzzyBufferEqual@@YA_NPBDH0H@Z 0042b1e0 f   ccode.obj
 0001:0002a3c0       ?FuzzyBufferContain@@YA_NPBDH0H@Z 0042b3c0 f   ccode.obj
 0001:0002a440       ?stristr@@YAPBDPBD0@Z      0042b440 f   ccode.obj
 0001:0002a4c0       ?LookupString@@YA_NTval_type@@PBDPAPBDPAH@Z 0042b4c0 f   ccode.obj
 0001:0002d7b0       ?strstr@@YAPADQADQBD@Z     0042e7b0 f i ccode.obj
 0001:0002d7d0       _snprintf                  0042e7d0 f i ccode.obj
 0001:0002d820       _vsnprintf                 0042e820 f i ccode.obj
 0001:0002d890       ?OpenDefaultChannels@@YAXXZ 0042e890 f   channel.obj
 0001:0002d920       ?CloseDefaultChannels@@YAXXZ 0042e920 f   channel.obj
 0001:0002d970       ?FlushDefaultChannels@@YAXXZ 0042e970 f   channel.obj
 0001:0002d9c0       ?aprintf@@YAXPBDZZ         0042e9c0 f   channel.obj
 0001:0002da50       ?dprintf@@YAXPBDZZ         0042ea50 f   channel.obj
 0001:0002db20       ?eprintf@@YAXPBDZZ         0042eb20 f   channel.obj
 0001:0002dbc0       ?bprintf@@YAXPBDZZ         0042ebc0 f   channel.obj
 0001:0002dca0       ?lprintf@@YAXPBDZZ         0042eca0 f   channel.obj
 0001:0002dd70       ?gprintf@@YAXPBDZZ         0042ed70 f   channel.obj
 0001:0002df00       ?WriteStrChannel@@YAXHPAD@Z 0042ef00 f   channel.obj
 0001:0002df70       ?CreateFileChannel@@YAPAU_iobuf@@H@Z 0042ef70 f   channel.obj
 0001:0002e1b0       ??$__vcrt_va_start_verify_argument_type@PBD@@YAXXZ 0042f1b0 f i channel.obj
 0001:0002e1c0       _vsprintf                  0042f1c0 f i channel.obj
 0001:0002e1f0       ?InitList@@YAXXZ           0042f1f0 f   list.obj
 0001:0002e230       ?ResetList@@YAXXZ          0042f230 f   list.obj
 0001:0002e240       ?ClearList@@YAXXZ          0042f240 f   list.obj
 0001:0002e290       ?GetListNodesUsed@@YAHXZ   0042f290 f   list.obj
 0001:0002e2a0       ?LoadList@@YADHTval_type@@0@Z 0042f2a0 f   list.obj
 0001:0002e2f0       ?GetListNodeByID@@YAPAUlist_node@@H@Z 0042f2f0 f   list.obj
 0001:0002e330       ?IsListNodeByID@@YADH@Z    0042f330 f   list.obj
 0001:0002e350       ?First@@YAHH@Z             0042f350 f   list.obj
 0001:0002e390       ?Rest@@YAHH@Z              0042f390 f   list.obj
 0001:0002e3d0       ?AppendListElem@@YAHTval_type@@0@Z 0042f3d0 f   list.obj
 0001:0002e590       ?Cons@@YAHTval_type@@0@Z   0042f590 f   list.obj
 0001:0002e6a0       ?Length@@YAHH@Z            0042f6a0 f   list.obj
 0001:0002e710       ?Nth@@YAHHH@Z              0042f710 f   list.obj
 0001:0002e7e0       ?IsListMatch@@YAHHH@Z      0042f7e0 f   list.obj
 0001:0002e9b0       ?Last@@YAHH@Z              0042f9b0 f   list.obj
 0001:0002ea30       ?SetFirst@@YAHHTval_type@@@Z 0042fa30 f   list.obj
 0001:0002ea60       ?SetNth@@YAHHHTval_type@@@Z 0042fa60 f   list.obj
 0001:0002eb20       ?SwapListElem@@YAHHHH@Z    0042fb20 f   list.obj
 0001:0002ec20       ?FindListElem@@YAHTval_type@@0@Z 0042fc20 f   list.obj
 0001:0002ecc0       ?GetAllListNodesByClass@@YAHHHH@Z 0042fcc0 f   list.obj
 0001:0002f0d0       ?GetListNode@@YAHTval_type@@H0@Z 004300d0 f   list.obj
 0001:0002f230       ?GetListElemByClass@@YAHTval_type@@H@Z 00430230 f   list.obj
 0001:0002f400       ?ListCopy@@YAHH@Z          00430400 f   list.obj
 0001:0002f700       ?InsertListElem@@YAHHHTval_type@@@Z 00430700 f   list.obj
 0001:0002f960       ?DelListElem@@YAHTval_type@@0@Z 00430960 f   list.obj
 0001:0002fa40       ?DelLastListElem@@YAHTval_type@@@Z 00430a40 f   list.obj
 0001:0002fb00       ?SendListMessage@@YAHH_NHHQAUparm_node@@@Z 00430b00 f   list.obj
 0001:0002fc70       ?SendFirstListMessage@@YAHH_NHHQAUparm_node@@@Z 00430c70 f   list.obj
 0001:0002fee0       ?SendNthListMessage@@YAHHH_NHHQAUparm_node@@@Z 00430ee0 f   list.obj
 0001:000300f0       ?SendListMessageByClass@@YAHHH_NHHQAUparm_node@@@Z 004310f0 f   list.obj
 0001:00030350       ?SendFirstListMessageByClass@@YAHHH_NHHQAUparm_node@@@Z 00431350 f   list.obj
 0001:000306b0       ?SendNthListMessageByClass@@YAHHHH_NHHQAUparm_node@@@Z 004316b0 f   list.obj
 0001:00030990       ?ForEachListNode@@YAXP6AXPAUlist_node@@H@Z@Z 00431990 f   list.obj
 0001:000309d0       ?MoveListNode@@YAXHH@Z     004319d0 f   list.obj
 0001:00030a50       ?SetNumListNodes@@YAXH@Z   00431a50 f   list.obj
 0001:00030a60       ?AllocateListNode@@YAHXZ   00431a60 f   list.obj
 0001:00031520       ?TimerHeapCheck@@YA_NHH@Z  00432520 f   timer.obj
 0001:00031650       ?InitTimer@@YAXXZ          00432650 f   timer.obj
 0001:000316f0       ?ResetTimer@@YAXXZ         004326f0 f   timer.obj
 0001:00031700       ?ClearTimer@@YAXXZ         00432700 f   timer.obj
 0001:00031720       ?PauseTimers@@YAXXZ        00432720 f   timer.obj
 0001:00031760       ?UnpauseTimers@@YAXXZ      00432760 f   timer.obj
 0001:00031800       ?CreateTimer@@YAHHHH@Z     00432800 f   timer.obj
 0001:00031890       ?LoadTimer@@YADHHPADH@Z    00432890 f   timer.obj
 0001:00031980       ?DeleteTimer@@YADH@Z       00432980 f   timer.obj
 0001:000319d0       ?ServiceTimers@@YAXXZ      004329d0 f   timer.obj
 0001:00031be0       ?GetTimerByID@@YAPAUtimer_struct@@H@Z 00432be0 f   timer.obj
 0001:00031c40       ?ForEachTimer@@YAXP6AXPAUtimer_struct@@@Z@Z 00432c40 f   timer.obj
 0001:00031c90       ?ForEachTimerMatchingMsgID@@YAXP6AXPAUtimer_struct@@@ZH@Z 00432c90 f   timer.obj
 0001:00031cf0       ?ForEachTimerMatchingObjID@@YAXP6AXPAUtimer_struct@@@ZH@Z 00432cf0 f   timer.obj
 0001:00031d50       ?SetNumTimers@@YAXH@Z      00432d50 f   timer.obj
 0001:00031d60       ?InMainLoop@@YADXZ         00432d60 f   timer.obj
 0001:00031d70       ?GetNumActiveTimers@@YAHXZ 00432d70 f   timer.obj
 0001:00031d80       ?ReallocTimerNodes@@YAXXZ  00432d80 f   timer.obj
 0001:00031e20       ?ResetLastMessageTimes@@YAXPAUsession_node@@@Z 00432e20 f   timer.obj
 0001:00031f80       ?TimerHeapRemove@@YAXH@Z   00432f80 f   timer.obj
 0001:00031fe0       ?TimerActivate@@YAXXZ      00432fe0 f   timer.obj
 0001:000323f0       ?TimerAddNode@@YAXPAUtimer_struct@@@Z 004333f0 f i timer.obj
 0001:00032530       ?TimerHeapHeapify@@YAXH@Z  00433530 f i timer.obj
 0001:000326f0       ?InitSession@@YAXXZ        004336f0 f   session.obj
 0001:000327c0       ?GetEpoch@@YAHXZ           004337c0 f   session.obj
 0001:000327d0       ?NewEpoch@@YAXXZ           004337d0 f   session.obj
 0001:00032800       ?GetTransmittedBytes@@YAHXZ 00433800 f   session.obj
 0001:00032810       ?ResetTransmittedBytes@@YAXXZ 00433810 f   session.obj
 0001:00032820       ?EnterSessionLock@@YAXXZ   00433820 f   session.obj
 0001:00032830       ?LeaveSessionLock@@YAXXZ   00433830 f   session.obj
 0001:00032840       ?SendBytes@@YAXPAUsession_node@@PADH@Z 00433840 f   session.obj
 0001:000329b0       ?InitSessionState@@YAXPAUsession_node@@H@Z 004339b0 f   session.obj
 0001:00032a80       ?CreateSession@@YAPAUsession_node@@Uconnection_node@@@Z 00433a80 f   session.obj
 0001:00032b20       ?GetSessionByAccount@@YAPAUsession_node@@PAUaccount_node_struct@@@Z 00433b20 f   session.obj
 0001:00032b90       ?GetSessionBySocket@@YAPAUsession_node@@I@Z 00433b90 f   session.obj
 0001:00032c30       ?ForEachSession@@YAXP6AXPAUsession_node@@@Z@Z 00433c30 f   session.obj
 0001:00032c90       ?GetStateName@@YAPBDPAUsession_node@@@Z 00433c90 f   session.obj
 0001:00032de0       ?GetSessionByID@@YAPAUsession_node@@H@Z 00433de0 f   session.obj
 0001:00032e30       ?SetSessionState@@YAXPAUsession_node@@H@Z 00433e30 f   session.obj
 0001:00032e60       ?SetSessionTimer@@YAXPAUsession_node@@H@Z 00433e60 f   session.obj
 0001:00032e80       ?ClearSessionTimer@@YAXPAUsession_node@@@Z 00433e80 f   session.obj
 0001:00032ea0       ?GetSessionReadBytes@@YAHPAUsession_node@@@Z 00433ea0 f   session.obj
 0001:00032f10       ?ReadSessionBytes@@YADPAUsession_node@@HPAX@Z 00433f10 f   session.obj
 0001:000330c0       ?PeekSessionBytes@@YADPAUsession_node@@HPAX@Z 004340c0 f   session.obj
 0001:000331d0       ?SendClientStr@@YAXHPAD@Z  004341d0 f   session.obj
 0001:00033200       ?SendClient@@YAXHPADG@Z    00434200 f   session.obj
 0001:000332b0       ?SendClientBufferList@@YAXHPAUbuffer_struct@@@Z 004342b0 f   session.obj
 0001:00033350       ?HangupSessionNow@@YAXPAUsession_node@@@Z 00434350 f   session.obj
 0001:00033390       ?HangupSession@@YAXPAUsession_node@@@Z 00434390 f   session.obj
 0001:000333b0       ?CloseAllSessions@@YAXXZ   004343b0 f   session.obj
 0001:00033400       ?PollSessions@@YAXXZ       00434400 f   session.obj
 0001:000334a0       ?PollSession@@YAXH@Z       004344a0 f   session.obj
 0001:000335a0       ?VerifiedLoginSession@@YAXH@Z 004345a0 f   session.obj
 0001:00033610       ?AllocateSession@@YAPAUsession_node@@XZ 00434610 f   session.obj
 0001:00033800       ?CloseSession@@YAXH@Z      00434800 f   session.obj
 0001:00033a70       ?CloseConnection@@YAXUconnection_node@@@Z 00434a70 f   session.obj
 0001:00033a90       ?ProcessSessionTimer@@YAXPAUsession_node@@@Z 00434a90 f   session.obj
 0001:00033b20       ?ProcessSessionBuffer@@YAXPAUsession_node@@@Z 00434b20 f   session.obj
 0001:00033be0       ?SendGameClient@@YAXPAUsession_node@@PADGH@Z 00434be0 f   session.obj
 0001:00033cb0       ?SendGameClientBufferList@@YAXPAUsession_node@@PAUbuffer_struct@@D@Z 00434cb0 f   session.obj
 0001:00033d80       ?SendBufferList@@YAXPAUsession_node@@PAUbuffer_struct@@@Z 00434d80 f   session.obj
 0001:00033f20       ?SessionAddBufferList@@YAXPAUsession_node@@PAUbuffer_struct@@@Z 00434f20 f   session.obj
 0001:00034020       ?ExitSessionState@@YAXPAUsession_node@@@Z 00435020 f   session.obj
 0001:00034720       ?GetCRC16@@YAIPADH@Z       00435720 f i session.obj
 0001:00034740       ?GetCRC16BufferList@@YAGPAUbuffer_struct@@@Z 00435740 f i session.obj
 0001:000347c0       ?LoadRsc@@YAXXZ            004357c0 f   loadrsc.obj
 0001:000349b0       ?LoadDynamicRsc@@YAXPAD@Z  004359b0 f   loadrsc.obj
 0001:000349e0       ?EachLoadRsc@@YA_NPADHH0@Z 004359e0 f   loadrsc.obj
 0001:00034a00       ?LoadDynamicRscName@@YADPAD@Z 00435a00 f   loadrsc.obj
 0001:00034c90       ?LoadRSBHash@@YAXPAD@Z     00435c90 f   loadrsc.obj
 0001:00034ef0       ?SaveRsbMD5@@YAXPAD@Z      00435ef0 f   blakres.obj
 0001:00034f30       ?GetRsbMD5@@YAPADXZ        00435f30 f   blakres.obj
 0001:00034f40       ?InitResource@@YAXXZ       00435f40 f   blakres.obj
 0001:00034fd0       ?ResetResource@@YAXXZ      00435fd0 f   blakres.obj
 0001:00035110       ?AddResource@@YAXHHPAD@Z   00436110 f   blakres.obj
 0001:00035230       ?SetResourceName@@YAXHPAD@Z 00436230 f   blakres.obj
 0001:000352c0       ?AddDynamicResource@@YAHPAD@Z 004362c0 f   blakres.obj
 0001:00035330       ?ChangeDynamicResourceStr@@YAXPAUresource_struct@@PAD@Z 00436330 f   blakres.obj
 0001:00035360       ?ChangeDynamicResource@@YAXPAUresource_struct@@PADH@Z 00436360 f   blakres.obj
 0001:00035430       ?GetResourceByID@@YAPAUresource_struct@@H@Z 00436430 f   blakres.obj
 0001:00035480       ?GetResourceStrByLanguageID@@YAPADHH@Z 00436480 f   blakres.obj
 0001:00035520       ?IsResourceByID@@YADH@Z    00436520 f   blakres.obj
 0001:00035550       ?GetResourceByName@@YAPAUresource_struct@@PBD@Z 00436550 f   blakres.obj
 0001:00035590       ?ForEachResource@@YAXP6AXPAUresource_struct@@@Z@Z 00436590 f   blakres.obj
 0001:000355f0       ?ForEachDynamicRsc@@YAXP6AXPAUresource_struct@@@Z@Z 004365f0 f   blakres.obj
 0001:00035650       ?DynamicResourceChangeNotify@@YAXPAUsession_node@@@Z 00436650 f   blakres.obj
 0001:000358c0       ?InitRooms@@YAXXZ          004368c0 f   roomdata.obj
 0001:000358f0       ?ExitRooms@@YAXXZ          004368f0 f   roomdata.obj
 0001:00035910       ?ResetRooms@@YAXXZ         00436910 f   roomdata.obj
 0001:000359b0       ?LoadRoom@@YAHH@Z          004369b0 f   roomdata.obj
 0001:00035b50       ?UnloadRoom@@YAXPAUroom_node@@@Z 00436b50 f   roomdata.obj
 0001:00035c80       ?GetRoomDataByID@@YAPAUroom_node@@H@Z 00436c80 f   roomdata.obj
 0001:00035cd0       ?PrintRoomTable@@YAXXZ     00436cd0 f   roomdata.obj
 0001:00035d60       ?ForEachRoom@@YAXP6AXPAUroom_node@@@Z@Z 00436d60 f   roomdata.obj
 0001:00035ef0       ?InitCommCli@@YAXXZ        00436ef0 f   commcli.obj
 0001:00035f00       ?AddBlakodToPacket@@YAXTval_type@@0@Z 00436f00 f   commcli.obj
 0001:00036150       ?AddByteToPacket@@YAXE@Z   00437150 f   commcli.obj
 0001:00036170       ?AddShortToPacket@@YAXF@Z  00437170 f   commcli.obj
 0001:00036190       ?AddIntToPacket@@YAXH@Z    00437190 f   commcli.obj
 0001:000361b0       ?AddStringToPacket@@YAXHPBD@Z 004371b0 f   commcli.obj
 0001:00036200       ?SecurePacketBufferList@@YAXHPAUbuffer_struct@@@Z 00437200 f   commcli.obj
 0001:00036380       ?SendPacket@@YAXH@Z        00437380 f   commcli.obj
 0001:000363c0       ?SendCopyPacket@@YAXH@Z    004373c0 f   commcli.obj
 0001:00036400       ?ClearPacket@@YAXXZ        00437400 f   commcli.obj
 0001:00036420       ?ClientHangupToBlakod@@YAXPAUsession_node@@@Z 00437420 f   commcli.obj
 0001:000364f0       ?SendBlakodBeginSystemEvent@@YAXH@Z 004374f0 f   commcli.obj
 0001:00036580       ?SendBlakodEndSystemEvent@@YAXH@Z 00437580 f   commcli.obj
 0001:000367d0       ?InitString@@YAXXZ         004377d0 f   string.obj
 0001:00036840       ?ResetString@@YAXXZ        00437840 f   string.obj
 0001:000368e0       ?GetStringsUsed@@YAHXZ     004378e0 f   string.obj
 0001:000368f0       ?GetStringByID@@YAPAUstring_node@@H@Z 004378f0 f   string.obj
 0001:00036930       ?IsStringByID@@YADH@Z      00437930 f   string.obj
 0001:00036950       ?CreateString@@YAHPBD@Z    00437950 f   string.obj
 0001:00036970       ?CreateStringWithLen@@YAHPBDH@Z 00437970 f   string.obj
 0001:000369e0       ?LoadBlakodString@@YADPAU_iobuf@@HH@Z 004379e0 f   string.obj
 0001:00036a80       ?ForEachString@@YAXP6AXPAUstring_node@@H@Z@Z 00437a80 f   string.obj
 0001:00036ac0       ?FreeString@@YAXH@Z        00437ac0 f   string.obj
 0001:00036b30       ?MoveStringNode@@YAXHH@Z   00437b30 f   string.obj
 0001:00036bf0       ?SetNumStrings@@YAXH@Z     00437bf0 f   string.obj
 0001:00036c00       ?GetNumStrings@@YAHXZ      00437c00 f   string.obj
 0001:00036c10       ?SetString@@YAXPAUstring_node@@PADH@Z 00437c10 f   string.obj
 0001:00036ca0       ?SetTempString@@YAXPADH@Z  00437ca0 f   string.obj
 0001:00036d00       ?ClearTempString@@YAXXZ    00437d00 f   string.obj
 0001:00036d20       ?AppendTempString@@YAXPBDH@Z 00437d20 f   string.obj
 0001:00036d90       ?AppendNumToTempString@@YAXH@Z 00437d90 f   string.obj
 0001:00036de0       ?GetTempString@@YAPAUstring_node@@XZ 00437de0 f   string.obj
 0001:00036df0       ?AllocateString@@YAHXZ     00437df0 f   string.obj
 0001:00037050       ?AsyncSocketStart@@YAXXZ   00438050 f   async.obj
 0001:00037080       ?AsyncNameLookup@@YAXPAXH@Z 00438080 f   async.obj
 0001:000370b0       ?AsyncSocketClose@@YAXI@Z  004380b0 f   async.obj
 0001:000370e0       ?AsyncSocketWrite@@YAXI@Z  004380e0 f   async.obj
 0001:00037260       ?AsyncSocketRead@@YAXI@Z   00438260 f   async.obj
 0001:000374b0       ?AcceptSocketConnections@@YAXHH@Z 004384b0 f   async.obj
 0001:000376c0       ?AsyncEachSessionNameLookup@@YAXPAUsession_node@@@Z 004386c0 f   async.obj
 0001:000378c0       ?InitAsyncConnections@@YAXXZ 004388c0 f   async_windows.obj
 0001:000379b0       ?ExitAsyncConnections@@YAXXZ 004389b0 f   async_windows.obj
 0001:000379d0       ?AsyncSocketAccept@@YAXIHHH@Z 004389d0 f   async_windows.obj
 0001:00037c50       ?AsyncSocketSelect@@YAXIHH@Z 00438c50 f   async_windows.obj
 0001:00037cf0       ?CheckMaintenanceMask@@YADPAUsockaddr_in6@@H@Z 00438cf0 f   async_windows.obj
 0001:00037f10       ?LoadGame@@YADPAD@Z        00438f10 f   loadgame.obj
 0001:00038170       ?LoadGameOpen@@YADPAD@Z    00439170 f   loadgame.obj
 0001:000381b0       ?LoadGameParse@@YADPAD@Z   004391b0 f   loadgame.obj
 0001:00038350       ?LoadGameClose@@YAXXZ      00439350 f   loadgame.obj
 0001:00038370       ?LoadGameVersion@@YADXZ    00439370 f   loadgame.obj
 0001:000383c0       ?LoadGameBuiltInObjects@@YADXZ 004393c0 f   loadgame.obj
 0001:00038510       ?LoadGameObject@@YADXZ     00439510 f   loadgame.obj
 0001:000386f0       ?LoadGameListNodes@@YADXZ  004396f0 f   loadgame.obj
 0001:00038810       ?LoadGameTables@@YADXZ     00439810 f   loadgame.obj
 0001:00038a30       ?LoadGameTimer@@YADXZ      00439a30 f   loadgame.obj
 0001:00038bf0       ?LoadGameUser@@YADXZ       00439bf0 f   loadgame.obj
 0001:00038c80       ?LoadGameClass@@YADXZ      00439c80 f   loadgame.obj
 0001:00038ef0       ?LoadAddPropertyName@@YAXPAUload_game_class_struct@@HPAD@Z 00439ef0 f   loadgame.obj
 0001:00038f70       ?LoadGameResource@@YADXZ   00439f70 f   loadgame.obj
 0001:000390a0       ?CreateLoadGameClass@@YAPAUload_game_class_struct@@HPADH@Z 0043a0a0 f   loadgame.obj
 0001:00039180       ?CreateLoadGameResource@@YAXHPAD@Z 0043a180 f   loadgame.obj
 0001:000391a0       ?GetLoadGameClassByID@@YAPAUload_game_class_struct@@H@Z 0043a1a0 f   loadgame.obj
 0001:000391f0       ?GetLoadGamePropertyNameByID@@YAPADPAUload_game_class_struct@@H@Z 0043a1f0 f   loadgame.obj
 0001:00039220       ?GetLoadGameResourceByID@@YAPBDH@Z 0043a220 f   loadgame.obj
 0001:00039240       ?LoadGameTranslateVal@@YAXPATval_type@@@Z 0043a240 f   loadgame.obj
 0001:00039930       ?UpdateSecurityRedbook@@YAXXZ 0043a930 f   game.obj
 0001:00039a30       ?GetSecurityRedbook@@YAPADXZ 0043aa30 f   game.obj
 0001:00039a50       ?GetSecurityRedbookID@@YAHXZ 0043aa50 f   game.obj
 0001:00039a60       ?GameInit@@YAXPAUsession_node@@@Z 0043aa60 f   game.obj
 0001:00039ad0       ?GameExit@@YAXPAUsession_node@@@Z 0043aad0 f   game.obj
 0001:00039b20       ?GameClientExit@@YAXPAUsession_node@@@Z 0043ab20 f   game.obj
 0001:00039b40       ?GameProcessSessionTimer@@YAXPAUsession_node@@@Z 0043ab40 f   game.obj
 0001:00039c00       ?GameProcessSessionBuffer@@YAXPAUsession_node@@@Z 0043ac00 f   game.obj
 0001:00039f20       ?GameRandomStreamsStep@@YAIPAUsession_node@@@Z 0043af20 f   game.obj
 0001:00039fa0       ?GameSendResync@@YAXPAUsession_node@@@Z 0043afa0 f   game.obj
 0001:00039fe0       ?GameSyncInit@@YAXPAUsession_node@@@Z 0043afe0 f   game.obj
 0001:0003a020       ?GameSyncProcessSessionBuffer@@YAXPAUsession_node@@@Z 0043b020 f   game.obj
 0001:0003a0a0       ?GameSyncInputChar@@YAXPAUsession_node@@D@Z 0043b0a0 f   game.obj
 0001:0003a200       ?GameWarnLowCredits@@YAXPAUsession_node@@@Z 0043b200 f   game.obj
 0001:0003a2f0       ?GameProtocolParse@@YAXPAUsession_node@@PAUclient_msg@@@Z 0043b2f0 f   game.obj
 0001:0003aa00       ?GameStartUser@@YAXPAUsession_node@@PAUuser_struct@@@Z 0043ba00 f   game.obj
 0001:0003ab20       ?GameTryGetUser@@YAXPAUsession_node@@@Z 0043bb20 f   game.obj
 0001:0003ac70       ?GameSendEachUserChoice@@YAXPAUuser_struct@@@Z 0043bc70 f   game.obj
 0001:0003ad90       ?GameSendSystemEnter@@YAXPAUsession_node@@@Z 0043bd90 f   game.obj
 0001:0003ae00       ?GameDMCommand@@YAXPAUsession_node@@HPAD@Z 0043be00 f   game.obj
 0001:0003b0a0       ?GameEchoPing@@YAXPAUsession_node@@@Z 0043c0a0 f   game.obj
 0001:0003b780       ?cprintf@@YAXHPBDZZ        0043c780 f   term.obj
 0001:0003b7f0       ?TermConvertBuffer@@YAXPADH@Z 0043c7f0 f   term.obj
 0001:0003b8d0       ?GetTagName@@YAPBDTval_type@@@Z 0043c8d0 f   term.obj
 0001:0003b9f0       ?GetDataName@@YAPBDTval_type@@@Z 0043c9f0 f   term.obj
 0001:0003bb70       ?GetTagNum@@YAHPBD@Z       0043cb70 f   term.obj
 0001:0003bcf0       ?GetDataNum@@YAHHPBD@Z     0043ccf0 f   term.obj
 0001:0003bfd0       ___local_stdio_scanf_options 0043cfd0 f i term.obj
 0001:0003bfe0       __vsscanf_l                0043cfe0 f i term.obj
 0001:0003c020       _sscanf                    0043d020 f i term.obj
 0001:0003c070       ?AccountValidateEmail@@YA_NPAD@Z 0043d070 f   account.obj
 0001:0003c0b0       ?InitAccount@@YAXXZ        0043d0b0 f   account.obj
 0001:0003c190       ?ResetAccount@@YAXXZ       0043d190 f   account.obj
 0001:0003c250       ?GetConsoleAccount@@YAPAUaccount_node_struct@@XZ 0043d250 f   account.obj
 0001:0003c260       ?GetNextAccountID@@YAHXZ   0043d260 f   account.obj
 0001:0003c270       ?GetUsedGuestAccounts@@YAHXZ 0043d270 f   account.obj
 0001:0003c2a0       ?CreateAccount@@YADPAD00HPAH@Z 0043d2a0 f   account.obj
 0001:0003c460       ?CreateAccountSecurePassword@@YAHPAD00H@Z 0043d460 f   account.obj
 0001:0003c630       ?RecreateAccountSecurePassword@@YAHHPAD00H@Z 0043d630 f   account.obj
 0001:0003c830       ?LoadAccount@@YAXHPAD00HHHH@Z 0043d830 f   account.obj
 0001:0003c980       ?DeleteAccount@@YADH@Z     0043d980 f   account.obj
 0001:0003cb00       ?SetAccountName@@YAXPAUaccount_node_struct@@PAD@Z 0043db00 f   account.obj
 0001:0003cb70       ?SetAccountPassword@@YAXPAUaccount_node_struct@@PAD@Z 0043db70 f   account.obj
 0001:0003cc20       ?SetAccountPasswordAlreadyEncrypted@@YAXPAUaccount_node_struct@@PAD@Z 0043dc20 f   account.obj
 0001:0003cc90       ?SetAccountEmail@@YAXPAUaccount_node_struct@@PAD@Z 0043dc90 f   account.obj
 0001:0003cd00       ?SetNextAccountID@@YAXH@Z  0043dd00 f   account.obj
 0001:0003cd10       ?GetAccountByID@@YAPAUaccount_node_struct@@H@Z 0043dd10 f   account.obj
 0001:0003cd50       ?GetAccountByName@@YAPAUaccount_node_struct@@PAD@Z 0043dd50 f   account.obj
 0001:0003cd90       ?GetAccountByEmail@@YAPAUaccount_node_struct@@PAD@Z 0043dd90 f   account.obj
 0001:0003cdd0       ?AccountLoginByName@@YAPAUaccount_node_struct@@PAD@Z 0043ddd0 f   account.obj
 0001:0003ce80       ?AccountLogoff@@YAXPAUaccount_node_struct@@@Z 0043de80 f   account.obj
 0001:0003ce90       ?DoneLoadAccounts@@YAXXZ   0043de90 f   account.obj
 0001:0003ceb0       ?ForEachAccount@@YAXP6AXPAUaccount_node_struct@@@Z@Z 0043deb0 f   account.obj
 0001:0003cee0       ?ForEachAccountWithString@@YAXP6AXPAUaccount_node_struct@@PAD@Z1@Z 0043dee0 f   account.obj
 0001:0003cf10       ?DeleteAccountAndAssociatedUsersByID@@YAXH@Z 0043df10 f   account.obj
 0001:0003d030       ?DeleteAccountsIfUnused@@YAXXZ 0043e030 f   account.obj
 0001:0003d070       ?DeleteAccountIfUnused@@YAXPAUaccount_node_struct@@@Z 0043e070 f   account.obj
 0001:0003d090       ?CompactAccounts@@YAXXZ    0043e090 f   account.obj
 0001:0003d100       ?SuspendAccountAbsolute@@YADPAUaccount_node_struct@@H@Z 0043e100 f   account.obj
 0001:0003d230       ?SuspendAccountRelative@@YADPAUaccount_node_struct@@H@Z 0043e230 f   account.obj
 0001:0003d280       ?GetActiveAccountCount@@YAHXZ 0043e280 f   account.obj
 0001:0003d2c0       ?InsertAccount@@YAXPAUaccount_node_struct@@@Z 0043e2c0 f   account.obj
 0001:0003d340       ?CountUsedGuestAccounts@@YAXPAUsession_node@@@Z 0043e340 f   account.obj
 0001:0003d850       ??$max@H@std@@YAABHABH0@Z  0043e850 f i account.obj
 0001:0003d890       ?strchr@@YAPADQADH@Z       0043e890 f i account.obj
 0001:0003d8b0       ?LoadAccounts@@YADPAD@Z    0043e8b0 f   loadacco.obj
 0001:0003db40       ?LoadLineAccount@@YADPAD0000000@Z 0043eb40 f   loadacco.obj
 0001:0003de20       ?SaveAccounts@@YADPAD@Z    0043ee20 f   saveacco.obj
 0001:0003de90       ?SaveEachAccount@@YAXPAUaccount_node_struct@@@Z 0043ee90 f   saveacco.obj
 0001:0003dfa0       __vfprintf_l               0043efa0 f i saveacco.obj
 0001:0003dfe0       _fprintf                   0043efe0 f i saveacco.obj
 0001:0003e030       ?SaveStrings@@YADPAD@Z     0043f030 f   savestr.obj
 0001:0003e100       ?SaveEachString@@YAXPAUstring_node@@H@Z 0043f100 f   savestr.obj
 0001:0003e120       ?SaveStrCopyIntBuffer@@YAXH@Z 0043f120 f   savestr.obj
 0001:0003e170       ?SaveStrCopySnodBuffer@@YAXPAUstring_node@@@Z 0043f170 f   savestr.obj
 0001:0003e240       ?SaveStrFlushBuffer@@YAXXZ 0043f240 f   savestr.obj
 0001:0003e320       ?LoadBlakodStrings@@YADPAD@Z 0043f320 f   loadstr.obj
 0001:0003e480       ?InitNameID@@YAXXZ         0043f480 f   nameid.obj
 0001:0003e4d0       ?ResetNameID@@YAXXZ        0043f4d0 f   nameid.obj
 0001:0003e590       ?CreateNameID@@YAXPADH@Z   0043f590 f   nameid.obj
 0001:0003e6f0       ?GetNameIDNode@@YAPAUnameid_struct@@H@Z 0043f6f0 f   nameid.obj
 0001:0003e730       ?GetIDByName@@YAHPBD@Z     0043f730 f   nameid.obj
 0001:0003e770       ?GetNameByID@@YAPADH@Z     0043f770 f   nameid.obj
 0001:0003e7c0       ?GetMaxNameID@@YAHXZ       0043f7c0 f   nameid.obj
 0001:0003e7d0       ?ForEachNameID@@YAXP6AXPAUnameid_struct@@@Z@Z 0043f7d0 f   nameid.obj
 0001:0003e950       ?InitTime@@YAXXZ           0043f950 f   time.obj
 0001:0003e960       ?GetTime@@YAHXZ            0043f960 f   time.obj
 0001:0003e970       ?GetTimeZoneOffset@@YAHXZ  0043f970 f   time.obj
 0001:0003e9e0       ?TimeStr@@YAPBD_J@Z        0043f9e0 f   time.obj
 0001:0003ea60       ?ShortTimeStr@@YAPBD_J@Z   0043fa60 f   time.obj
 0001:0003ead0       ?FileTimeStr@@YAPBD_J@Z    0043fad0 f   time.obj
 0001:0003eb20       ?RelativeTimeStr@@YAPBDH@Z 0043fb20 f   time.obj
 0001:0003ecc0       ?GetMilliCount@@YA_KXZ     0043fcc0 f   time.obj
 0001:0003ed40       ?GetMicroCountDouble@@YANXZ 0043fd40 f   time.obj
 0001:0003ef00       ?InitDLlist@@YAXXZ         0043ff00 f   dllist.obj
 0001:0003ef10       ?ResetDLlist@@YAXXZ        0043ff10 f   dllist.obj
 0001:0003ef60       ?GetDLNodeByFilename@@YAPAUdllist_struct@@PAD@Z 0043ff60 f   dllist.obj
 0001:0003efa0       ?CountNewDLFile@@YAHPAUsession_node@@@Z 0043ffa0 f   dllist.obj
 0001:0003f010       ?ForEachNewDLFile@@YAXPAUsession_node@@P6AXPADHHH@Z@Z 00440010 f   dllist.obj
 0001:0003f090       ?ForEachDLlist@@YAXP6AXPAUdllist_struct@@@Z@Z 00440090 f   dllist.obj
 0001:0003f0c0       ?AddBuiltInDLlist@@YAXXZ   004400c0 f   dllist.obj
 0001:0003f2e0       ?AddDLlist@@YAXPADHHH@Z    004402e0 f   dllist.obj
 0001:0003f3e0       ?AddOrUpdateDLlist@@YAXPADHHH@Z 004403e0 f   dllist.obj
 0001:0003f690       ?TrySyncInit@@YAXPAUsession_node@@@Z 00440690 f   trysync.obj
 0001:0003f6e0       ?TrySyncExit@@YAXPAUsession_node@@@Z 004406e0 f   trysync.obj
 0001:0003f6f0       ?TrySyncProcessSessionTimer@@YAXPAUsession_node@@@Z 004406f0 f   trysync.obj
 0001:0003f720       ?TrySyncProcessSessionBuffer@@YAXPAUsession_node@@@Z 00440720 f   trysync.obj
 0001:0003f770       ?TrySyncInputChar@@YAXPAUsession_node@@D@Z 00440770 f   trysync.obj
 0001:0003f830       ?SaveAll@@YAHXZ            00440830 f   saveall.obj
 0001:0003f9e0       ?SaveControlFile@@YAXH@Z   004409e0 f   saveall.obj
 0001:0003fcc0       ?LoadAll@@YADXZ            00440cc0 f   loadall.obj
 0001:0003fde0       ?LoadAllButAccount@@YADXZ  00440de0 f   loadall.obj
 0001:0003fe40       ?LoadFromKod@@YADH@Z       00440e40 f   loadall.obj
 0001:0003ff00       ?LoadAllButAccountAtTime@@YADPAD@Z 00440f00 f   loadall.obj
 0001:00040010       ?LoadControlFile@@YADPAH@Z 00441010 f   loadall.obj
 0001:000402d0       ?SynchedInit@@YAXPAUsession_node@@@Z 004412d0 f   synched.obj
 0001:00040370       ?SynchedExit@@YAXPAUsession_node@@@Z 00441370 f   synched.obj
 0001:00040380       ?SynchedProcessSessionTimer@@YAXPAUsession_node@@@Z 00441380 f   synched.obj
 0001:000403b0       ?SynchedProcessSessionBuffer@@YAXPAUsession_node@@@Z 004413b0 f   synched.obj
 0001:00040520       ?SendSynchedMessage@@YAXPAUsession_node@@PADD@Z 00441520 f   synched.obj
 0001:00040570       ?VerifyLogin@@YAXPAUsession_node@@@Z 00441570 f   synched.obj
 0001:000407d0       ?SynchedProtocolParse@@YAXPAUsession_node@@PAUclient_msg@@@Z 004417d0 f   synched.obj
 0001:00040ef0       ?SynchedAcceptLogin@@YAXPAUsession_node@@PAD1@Z 00441ef0 f   synched.obj
 0001:000412d0       ?SynchedSendGetClient@@YAXPAUsession_node@@@Z 004422d0 f   synched.obj
 0001:00041350       ?SynchedSendClientPatchClassic@@YAXPAUsession_node@@@Z 00442350 f   synched.obj
 0001:00041480       ?SynchedSendClientPatchOgre@@YAXPAUsession_node@@@Z 00442480 f   synched.obj
 0001:000415b0       ?SynchedSendClientPatchOldClassic@@YAXPAUsession_node@@@Z 004425b0 f   synched.obj
 0001:000416c0       ?LogUserData@@YAXPAUsession_node@@@Z 004426c0 f   synched.obj
 0001:00041aa0       ?SynchedSendMenuChoice@@YAXPAUsession_node@@@Z 00442aa0 f   synched.obj
 0001:00041b80       ?SynchedDoMenu@@YAXPAUsession_node@@@Z 00442b80 f   synched.obj
 0001:00041bc0       ?SynchedGotoGame@@YAXPAUsession_node@@H@Z 00442bc0 f   synched.obj
 0001:00041e50       ?SynchedSendDLFileInfo@@YAXPADHHH@Z 00442e50 f   synched.obj
 0001:00041ea0       ?SynchedAddDelFile@@YAXPAD@Z 00442ea0 f   synched.obj
 0001:00041ec0       ?CheckIPAddress@@YAXPAUsession_node@@@Z 00442ec0 f   synched.obj
 0001:00042660       ?InitMotd@@YAXXZ           00443660 f   motd.obj
 0001:00042670       ?LoadMotd@@YAXXZ           00443670 f   motd.obj
 0001:00042750       ?ResetLoadMotd@@YAXXZ      00443750 f   motd.obj
 0001:00042790       ?SetMotd@@YAXPAD@Z         00443790 f   motd.obj
 0001:00042890       ?GetMotdLength@@YAHXZ      00443890 f   motd.obj
 0001:000428d0       ?GetMotd@@YAPADXZ          004438d0 f   motd.obj
 0001:00042900       ?LoadMotdName@@YADPAD@Z    00443900 f   motd.obj
 0001:00042ad0       ?AdminInit@@YAXPAUsession_node@@@Z 00443ad0 f   admin.obj
 0001:00042b10       ?AdminExit@@YAXPAUsession_node@@@Z 00443b10 f   admin.obj
 0001:00042b20       ?AdminProcessSessionBuffer@@YAXPAUsession_node@@@Z 00443b20 f   admin.obj
 0001:00042bf0       ?AdminInputChar@@YAXPAUsession_node@@D@Z 00443bf0 f   admin.obj
 0001:00042db0       ?GarbageCollect@@YAXXZ     00443db0 f   garbage.obj
 0001:00043040       ?GarbageKickoffGamePick@@YAXPAUsession_node@@@Z 00444040 f   garbage.obj
 0001:00043080       ?GarbageWarnAdminSession@@YAXPAUsession_node@@@Z 00444080 f   garbage.obj
 0001:000430d0       ?ClearListNodeGarbageRef@@YAXPAUlist_node@@H@Z 004440d0 f   garbage.obj
 0001:000430e0       ?MarkObjectListNodesAndTables@@YAXPAUobject_node@@@Z 004440e0 f   garbage.obj
 0001:00043180       ?MarkTableListNode@@YAXH@Z 00444180 f   garbage.obj
 0001:00043260       ?MarkListNode@@YAXH@Z      00444260 f   garbage.obj
 0001:00043330       ?RenumberListNode@@YAXPAUlist_node@@H@Z 00444330 f   garbage.obj
 0001:00043360       ?RenumberObjectContainerReferences@@YAXPAUobject_node@@@Z 00444360 f   garbage.obj
 0001:000433f0       ?RenumberTableListNodeReferences@@YAXPAUtable_struct@@H@Z 004443f0 f   garbage.obj
 0001:00043460       ?RenumberListNodeReferences@@YAXPATval_type@@@Z 00444460 f   garbage.obj
 0001:00043550       ?CompactListNode@@YAXPAUlist_node@@H@Z 00444550 f   garbage.obj
 0001:00043580       ?ClearTableGarbageRef@@YAXPAUtable_struct@@H@Z 00444580 f   garbage.obj
 0001:00043590       ?RenumberTable@@YAXPAUtable_struct@@H@Z 00444590 f   garbage.obj
 0001:000435c0       ?RenumberListNodeTableReferences@@YAXPAUlist_node@@H@Z 004445c0 f   garbage.obj
 0001:00043610       ?RenumberTableReferences@@YAXPATval_type@@@Z 00444610 f   garbage.obj
 0001:00043720       ?CompactTable@@YAXPAUtable_struct@@H@Z 00444720 f   garbage.obj
 0001:00043750       ?DeleteUnreferencedTable@@YAXPAUtable_struct@@H@Z 00444750 f   garbage.obj
 0001:00043770       ?ClearObjectGarbageRef@@YAXPAUobject_node@@@Z 00444770 f   garbage.obj
 0001:00043780       ?MarkUserObjectNodes@@YAXPAUuser_struct@@@Z 00444780 f   garbage.obj
 0001:000437a0       ?MarkObject@@YAXH@Z        004447a0 f   garbage.obj
 0001:000438b0       ?MarkListNodeObject@@YAXH@Z 004448b0 f   garbage.obj
 0001:000439e0       ?MarkTableObject@@YAXH@Z   004449e0 f   garbage.obj
 0001:00043af0       ?DeleteUnreferencedObject@@YAXPAUobject_node@@@Z 00444af0 f   garbage.obj
 0001:00043b10       ?RenumberObject@@YAXPAUobject_node@@@Z 00444b10 f   garbage.obj
 0001:00043b30       ?RenumberBlockerObjects@@YAXPAUroom_node@@@Z 00444b30 f   garbage.obj
 0001:00043b70       ?RenumberObjectReferences@@YAXPAUobject_node@@@Z 00444b70 f   garbage.obj
 0001:00043c20       ?RenumberUserObjectReferences@@YAXPAUuser_struct@@@Z 00444c20 f   garbage.obj
 0001:00043c60       ?RenumberSessionObjectReferences@@YAXPAUsession_node@@@Z 00444c60 f   garbage.obj
 0001:00043cd0       ?RenumberTimerObjectReferences@@YAXPAUtimer_struct@@@Z 00444cd0 f   garbage.obj
 0001:00043d20       ?RenumberListNodeObjectReferences@@YAXPAUlist_node@@H@Z 00444d20 f   garbage.obj
 0001:00043de0       ?RenumberTableObjectReferences@@YAXPAUtable_struct@@H@Z 00444de0 f   garbage.obj
 0001:00043ea0       ?ResetObjectReference@@YADPATval_type@@@Z 00444ea0 f   garbage.obj
 0001:00043f00       ?CompactObject@@YAXPAUobject_node@@@Z 00444f00 f   garbage.obj
 0001:00043f20       ?RenumberTimer@@YAXPAUtimer_struct@@@Z 00444f20 f   garbage.obj
 0001:00043f40       ?ResetTimerReference@@YAXPATval_type@@@Z 00444f40 f   garbage.obj
 0001:00043fa0       ?CompactTimer@@YAXPAUtimer_struct@@@Z 00444fa0 f   garbage.obj
 0001:00043fc0       ?ClearStringGarbageRef@@YAXPAUstring_node@@H@Z 00444fc0 f   garbage.obj
 0001:00043fd0       ?MarkObjectStrings@@YAXPAUobject_node@@@Z 00444fd0 f   garbage.obj
 0001:00044030       ?MarkListNodeStrings@@YAXPAUlist_node@@H@Z 00445030 f   garbage.obj
 0001:00044080       ?MarkTableStrings@@YAXPAUtable_struct@@H@Z 00445080 f   garbage.obj
 0001:000440f0       ?MarkString@@YAXH@Z        004450f0 f   garbage.obj
 0001:00044130       ?RenumberString@@YAXPAUstring_node@@H@Z 00445130 f   garbage.obj
 0001:00044160       ?ResetStringReference@@YAXPATval_type@@@Z 00445160 f   garbage.obj
 0001:000441e0       ?CompactString@@YAXPAUstring_node@@H@Z 004451e0 f   garbage.obj
 0001:00044210       ?RenumberObjectTimerStringReferences@@YAXPAUobject_node@@@Z 00445210 f   garbage.obj
 0001:000442a0       ?RenumberListNodeTimerStringReferences@@YAXPAUlist_node@@H@Z 004452a0 f   garbage.obj
 0001:00044330       ?RenumberTableTimerStringReferences@@YAXPAUtable_struct@@H@Z 00445330 f   garbage.obj
 0001:00044940       ?LoadKodbase@@YAXXZ        00445940 f   kodbase.obj
 0001:00044e20       ?LoadKodbaseClass@@YAXPADH@Z 00445e20 f   kodbase.obj
 0001:00044e70       ?LoadKodbaseProperty@@YAXPADH@Z 00445e70 f   kodbase.obj
 0001:00044eb0       ?LoadKodbaseClassVariable@@YAXPADH@Z 00445eb0 f   kodbase.obj
 0001:00044f50       ?LoadKodbaseMessage@@YAXPADH@Z 00445f50 f   kodbase.obj
 0001:00044f70       ?LoadKodbaseParameter@@YAXPADH@Z 00445f70 f   kodbase.obj
 0001:00044f90       ?LoadKodbaseResource@@YAXPADH@Z 00445f90 f   kodbase.obj
[...]
 0003:004687dc       __nstream                  009637dc     libucrt:_file.obj
 0003:004687e0       ___piob                    009637e0     libucrt:_file.obj
 0003:004687e8       __cflush                   009637e8     libucrt:_file.obj
 0003:004687f0       ___acrt_stdout_buffer      009637f0     libucrt:_sftbuf.obj
 0003:004687f4       ___acrt_stderr_buffer      009637f4     libucrt:_sftbuf.obj
 0003:004687f8       ___acrt_current_locale_data 009637f8     libucrt:nlsdata.obj
 0003:004689b4       ?_timezone@@3V?$dual_state_global@J@__crt_state_management@@A 009639b4     libucrt:timeset.obj
 0003:004689b8       ?_daylight@@3V?$dual_state_global@H@__crt_state_management@@A 009639b8     libucrt:timeset.obj
 0003:004689bc       ?_dstbias@@3V?$dual_state_global@J@__crt_state_management@@A 009639bc     libucrt:timeset.obj
 0003:00468bc4       __mbctype                  00963bc4     libucrt:mbctype.obj
 0003:00468bc8       __mbcasemap                00963bc8     libucrt:mbctype.obj
 0003:00468bcc       ___acrt_current_multibyte_data 00963bcc     libucrt:mbctype.obj
 0003:00468bd8       ___argc                    00963bd8     libucrt:argv_data.obj
 0003:00468bdc       ___argv                    00963bdc     libucrt:argv_data.obj
 0003:00468be0       ___wargv                   00963be0     libucrt:argv_data.obj
 0003:00468be4       __acmdln                   00963be4     libucrt:argv_data.obj
 0003:00468be8       __wcmdln                   00963be8     libucrt:argv_data.obj
 0003:00468bec       __pgmptr                   00963bec     libucrt:argv_data.obj
 0003:00468bf0       __wpgmptr                  00963bf0     libucrt:argv_data.obj
 0003:00468bf4       __fmode                    00963bf4     libucrt:txtmode.obj
 0003:00468bf8       ___acrt_lconv_static_null  00963bf8     libucrt:localeconv.obj
 0003:00468bfc       ___acrt_lconv_static_W_null 00963bfc     libucrt:localeconv.obj
 0003:00468c00       ___acrt_heap               00963c00     libucrt:heap_handle.obj
 0003:00468c04       __umaskval                 00963c04     libucrt:umask.obj
 0003:00468c08       ___fastflag                00963c08     libucrt:fp_flags.obj
 0003:00468c10       ___scrt_ucrt_dll_is_in_use 00963c10     <common>
 0003:00468c1c       ___dyn_tls_dtor_callback   00963c1c     <common>
 0003:00468c28       ___dyn_tls_init_callback   00963c28     <common>
 0003:00468c34       __pmatherr                 00963c34     <common>
 0003:00468c40       ___use_sse2_mathfcns       00963c40     <common>
 0004:00000000       __imp__InitCommonControls@0 00964000     comctl32:COMCTL32.dll
 0004:00000004       __imp__CreateStatusWindowA@16 00964004     comctl32:COMCTL32.dll
 0004:00000008       \177COMCTL32_NULL_THUNK_DATA 00964008     comctl32:COMCTL32.dll
 0004:00000034       __imp__GetStockObject@4    00964034     gdi32:GDI32.dll
 0004:00000038       __imp__CreateFontIndirectA@4 00964038     gdi32:GDI32.dll
 0004:0000003c       \177GDI32_NULL_THUNK_DATA  0096403c     gdi32:GDI32.dll
 0004:00000068       __imp__GetFileAttributesExW@12 00964068     kernel32:KERNEL32.dll
 0004:0000006c       __imp__GetProcessHeap@0    0096406c     kernel32:KERNEL32.dll
 0004:00000070       __imp__GetStringTypeW@16   00964070     kernel32:KERNEL32.dll
 0004:00000074       __imp__SetEnvironmentVariableW@8 00964074     kernel32:KERNEL32.dll
 0004:00000078       __imp__SetEnvironmentVariableA@8 00964078     kernel32:KERNEL32.dll
 0004:0000007c       __imp__FreeEnvironmentStringsW@4 0096407c     kernel32:KERNEL32.dll
 0004:00000080       __imp__GetEnvironmentStringsW@0 00964080     kernel32:KERNEL32.dll
 0004:00000084       __imp__GetCommandLineW@0   00964084     kernel32:KERNEL32.dll
 0004:00000088       __imp__GetCommandLineA@0   00964088     kernel32:KERNEL32.dll
 0004:0000008c       __imp__GetCPInfo@8         0096408c     kernel32:KERNEL32.dll
 0004:00000090       __imp__GetOEMCP@0          00964090     kernel32:KERNEL32.dll
 0004:00000094       __imp__IsValidCodePage@4   00964094     kernel32:KERNEL32.dll
 0004:00000098       __imp__FindNextFileW@8     00964098     kernel32:KERNEL32.dll
 0004:0000009c       __imp__FindFirstFileExW@24 0096409c     kernel32:KERNEL32.dll
 0004:000000a0       __imp__FindFirstFileExA@24 009640a0     kernel32:KERNEL32.dll
 0004:000000a4       __imp__HeapReAlloc@16      009640a4     kernel32:KERNEL32.dll
 0004:000000a8       __imp__MoveFileExW@12      009640a8     kernel32:KERNEL32.dll
 0004:000000ac       __imp__EnumSystemLocalesW@8 009640ac     kernel32:KERNEL32.dll
 0004:000000b0       __imp__GetUserDefaultLCID@0 009640b0     kernel32:KERNEL32.dll
 0004:000000b4       __imp__IsValidLocale@8     009640b4     kernel32:KERNEL32.dll
 0004:000000b8       __imp__GetLocaleInfoW@16   009640b8     kernel32:KERNEL32.dll
 0004:000000bc       __imp__LCMapStringW@24     009640bc     kernel32:KERNEL32.dll
 0004:000000c0       __imp__CompareStringW@24   009640c0     kernel32:KERNEL32.dll
 0004:000000c4       __imp__GetTimeFormatW@24   009640c4     kernel32:KERNEL32.dll
 0004:000000c8       __imp__GetDateFormatW@24   009640c8     kernel32:KERNEL32.dll
 0004:000000cc       __imp__OutputDebugStringW@4 009640cc     kernel32:KERNEL32.dll
 0004:000000d0       __imp__OutputDebugStringA@4 009640d0     kernel32:KERNEL32.dll
 0004:000000d4       __imp__SetEndOfFile@4      009640d4     kernel32:KERNEL32.dll
 0004:000000d8       __imp__FlushFileBuffers@4  009640d8     kernel32:KERNEL32.dll
 0004:000000dc       __imp__SetFilePointerEx@20 009640dc     kernel32:KERNEL32.dll
 0004:000000e0       __imp__SetStdHandle@8      009640e0     kernel32:KERNEL32.dll
 0004:000000e4       __imp__GetFullPathNameA@16 009640e4     kernel32:KERNEL32.dll
 0004:000000e8       __imp__GetFullPathNameW@16 009640e8     kernel32:KERNEL32.dll
 0004:000000ec       __imp__GetCurrentDirectoryW@8 009640ec     kernel32:KERNEL32.dll
 0004:000000f0       __imp__SetCurrentDirectoryW@4 009640f0     kernel32:KERNEL32.dll
 0004:000000f4       __imp__GetCurrentThread@0  009640f4     kernel32:KERNEL32.dll
 0004:000000f8       __imp__HeapAlloc@12        009640f8     kernel32:KERNEL32.dll
 0004:000000fc       __imp__HeapFree@12         009640fc     kernel32:KERNEL32.dll
 0004:00000100       __imp__ReadConsoleW@20     00964100     kernel32:KERNEL32.dll
 0004:00000104       __imp__GetConsoleMode@8    00964104     kernel32:KERNEL32.dll
 0004:00000108       __imp__GetConsoleCP@0      00964108     kernel32:KERNEL32.dll
 0004:0000010c       __imp__GetACP@0            0096410c     kernel32:KERNEL32.dll
 0004:00000110       __imp__WriteFile@20        00964110     kernel32:KERNEL32.dll
 0004:00000114       __imp__FreeLibraryAndExitThread@8 00964114     kernel32:KERNEL32.dll
 0004:00000118       __imp__ResumeThread@4      00964118     kernel32:KERNEL32.dll
 0004:0000011c       __imp__ExitThread@4        0096411c     kernel32:KERNEL32.dll
 0004:00000120       __imp__CreateThread@24     00964120     kernel32:KERNEL32.dll
 0004:00000124       __imp__ExitProcess@4       00964124     kernel32:KERNEL32.dll
 0004:00000128       __imp__WideCharToMultiByte@32 00964128     kernel32:KERNEL32.dll
 0004:0000012c       __imp__MultiByteToWideChar@24 0096412c     kernel32:KERNEL32.dll
 0004:00000130       __imp__ReadFile@20         00964130     kernel32:KERNEL32.dll
 0004:00000134       __imp__WriteConsoleW@20    00964134     kernel32:KERNEL32.dll
 0004:00000138       __imp__GetModuleHandleExW@12 00964138     kernel32:KERNEL32.dll
 0004:0000013c       __imp__GetModuleFileNameW@12 0096413c     kernel32:KERNEL32.dll
 0004:00000140       __imp__GetModuleFileNameA@12 00964140     kernel32:KERNEL32.dll
 0004:00000144       __imp__GetStdHandle@4      00964144     kernel32:KERNEL32.dll
 0004:00000148       __imp__FileTimeToSystemTime@8 00964148     kernel32:KERNEL32.dll
 0004:0000014c       __imp__SystemTimeToTzSpecificLocalTime@12 0096414c     kernel32:KERNEL32.dll
 0004:00000150       __imp__DeleteFileW@4       00964150     kernel32:KERNEL32.dll
 0004:00000154       __imp__HeapSize@12         00964154     kernel32:KERNEL32.dll
 0004:00000158       __imp__SetConsoleCtrlHandler@8 00964158     kernel32:KERNEL32.dll
 0004:0000015c       __imp__PeekNamedPipe@24    0096415c     kernel32:KERNEL32.dll
 0004:00000160       __imp__GetFileType@4       00964160     kernel32:KERNEL32.dll
 0004:00000164       __imp__GetFileInformationByHandle@8 00964164     kernel32:KERNEL32.dll
 0004:00000168       __imp__GetDriveTypeW@4     00964168     kernel32:KERNEL32.dll
 0004:0000016c       __imp__CreateFileW@28      0096416c     kernel32:KERNEL32.dll
 0004:00000170       __imp__LoadLibraryExW@12   00964170     kernel32:KERNEL32.dll
 0004:00000174       __imp__GetProcAddress@8    00964174     kernel32:KERNEL32.dll
 0004:00000178       __imp__FreeLibrary@4       00964178     kernel32:KERNEL32.dll
 0004:0000017c       __imp__TlsFree@4           0096417c     kernel32:KERNEL32.dll
 0004:00000180       __imp__TlsSetValue@8       00964180     kernel32:KERNEL32.dll
 0004:00000184       __imp__TlsGetValue@4       00964184     kernel32:KERNEL32.dll
 0004:00000188       __imp__TlsAlloc@0          00964188     kernel32:KERNEL32.dll
 0004:0000018c       __imp__InitializeCriticalSectionAndSpinCount@8 0096418c     kernel32:KERNEL32.dll
 0004:00000190       __imp__DeleteCriticalSection@4 00964190     kernel32:KERNEL32.dll
 0004:00000194       __imp__EncodePointer@4     00964194     kernel32:KERNEL32.dll
 0004:00000198       __imp__GetLastError@0      00964198     kernel32:KERNEL32.dll
 0004:0000019c       __imp__GetCurrentThreadId@0 0096419c     kernel32:KERNEL32.dll
 0004:000001a0       __imp__FormatMessageA@28   009641a0     kernel32:KERNEL32.dll
 0004:000001a4       __imp__InitializeCriticalSection@4 009641a4     kernel32:KERNEL32.dll
 0004:000001a8       __imp__EnterCriticalSection@4 009641a8     kernel32:KERNEL32.dll
 0004:000001ac       __imp__LeaveCriticalSection@4 009641ac     kernel32:KERNEL32.dll
 0004:000001b0       __imp__QueryPerformanceCounter@4 009641b0     kernel32:KERNEL32.dll
 0004:000001b4       __imp__QueryPerformanceFrequency@4 009641b4     kernel32:KERNEL32.dll
 0004:000001b8       __imp__GetTimeZoneInformation@4 009641b8     kernel32:KERNEL32.dll
 0004:000001bc       __imp__CloseHandle@4       009641bc     kernel32:KERNEL32.dll
 0004:000001c0       __imp__SetEvent@4          009641c0     kernel32:KERNEL32.dll
 0004:000001c4       __imp__WaitForSingleObject@8 009641c4     kernel32:KERNEL32.dll
 0004:000001c8       __imp__CreateEventA@16     009641c8     kernel32:KERNEL32.dll
 0004:000001cc       __imp__Sleep@4             009641cc     kernel32:KERNEL32.dll
 0004:000001d0       __imp__LoadLibraryA@4      009641d0     kernel32:KERNEL32.dll
 0004:000001d4       __imp__DeleteFileA@4       009641d4     kernel32:KERNEL32.dll
 0004:000001d8       __imp__FindClose@4         009641d8     kernel32:KERNEL32.dll
 0004:000001dc       __imp__FindFirstFileA@8    009641dc     kernel32:KERNEL32.dll
 0004:000001e0       __imp__FindNextFileA@8     009641e0     kernel32:KERNEL32.dll
 0004:000001e4       __imp__CopyFileA@12        009641e4     kernel32:KERNEL32.dll
 0004:000001e8       __imp__ReleaseMutex@4      009641e8     kernel32:KERNEL32.dll
 0004:000001ec       __imp__CreateMutexA@12     009641ec     kernel32:KERNEL32.dll
 0004:000001f0       __imp__UnhandledExceptionFilter@4 009641f0     kernel32:KERNEL32.dll
 0004:000001f4       __imp__SetUnhandledExceptionFilter@4 009641f4     kernel32:KERNEL32.dll
 0004:000001f8       __imp__GetCurrentProcess@0 009641f8     kernel32:KERNEL32.dll
 0004:000001fc       __imp__TerminateProcess@8  009641fc     kernel32:KERNEL32.dll
 0004:00000200       __imp__IsProcessorFeaturePresent@4 00964200     kernel32:KERNEL32.dll
 0004:00000204       __imp__GetCurrentProcessId@0 00964204     kernel32:KERNEL32.dll
 0004:00000208       __imp__GetSystemTimeAsFileTime@4 00964208     kernel32:KERNEL32.dll
 0004:0000020c       __imp__InitializeSListHead@4 0096420c     kernel32:KERNEL32.dll
 0004:00000210       __imp__IsDebuggerPresent@0 00964210     kernel32:KERNEL32.dll
 0004:00000214       __imp__GetStartupInfoW@4   00964214     kernel32:KERNEL32.dll
 0004:00000218       __imp__GetModuleHandleW@4  00964218     kernel32:KERNEL32.dll
 0004:0000021c       __imp__RtlUnwind@16        0096421c     kernel32:KERNEL32.dll
 0004:00000220       __imp__RaiseException@16   00964220     kernel32:KERNEL32.dll
 0004:00000224       __imp__InterlockedPushEntrySList@8 00964224     kernel32:KERNEL32.dll
 0004:00000228       __imp__InterlockedFlushSList@4 00964228     kernel32:KERNEL32.dll
 0004:0000022c       __imp__SetLastError@4      0096422c     kernel32:KERNEL32.dll
 0004:00000230       __imp__DecodePointer@4     00964230     kernel32:KERNEL32.dll
 0004:00000234       \177KERNEL32_NULL_THUNK_DATA 00964234     kernel32:KERNEL32.dll
 0004:000002bc       __imp__mysql_real_connect@32 009642bc     libmysql:LIBMYSQL.dll
 0004:000002c0       __imp__mysql_query@8       009642c0     libmysql:LIBMYSQL.dll
 0004:000002c4       __imp__mysql_close@4       009642c4     libmysql:LIBMYSQL.dll
 0004:000002c8       __imp__mysql_stmt_close@4  009642c8     libmysql:LIBMYSQL.dll
 0004:000002cc       __imp__mysql_stmt_bind_param@8 009642cc     libmysql:LIBMYSQL.dll
 0004:000002d0       __imp__mysql_stmt_execute@4 009642d0     libmysql:LIBMYSQL.dll
 0004:000002d4       __imp__mysql_stmt_prepare@12 009642d4     libmysql:LIBMYSQL.dll
 0004:000002d8       __imp__mysql_stmt_init@4   009642d8     libmysql:LIBMYSQL.dll
 0004:000002dc       __imp__mysql_options@12    009642dc     libmysql:LIBMYSQL.dll
 0004:000002e0       __imp__mysql_ping@4        009642e0     libmysql:LIBMYSQL.dll
 0004:000002e4       __imp__mysql_init@4        009642e4     libmysql:LIBMYSQL.dll
 0004:000002e8       \177LIBMYSQL_NULL_THUNK_DATA 009642e8     libmysql:LIBMYSQL.dll
 0004:0000031c       __imp__SetWindowTextA@8    0096431c     user32:USER32.dll
 0004:00000320       __imp__GetMessageA@16      00964320     user32:USER32.dll
 0004:00000324       __imp__TranslateMessage@4  00964324     user32:USER32.dll
 0004:00000328       __imp__DispatchMessageA@4  00964328     user32:USER32.dll
 0004:0000032c       __imp__SendMessageA@16     0096432c     user32:USER32.dll
 0004:00000330       __imp__PostMessageA@16     00964330     user32:USER32.dll
 0004:00000334       __imp__DefWindowProcA@16   00964334     user32:USER32.dll
 0004:00000338       __imp__PostQuitMessage@4   00964338     user32:USER32.dll
 0004:0000033c       __imp__CallWindowProcA@20  0096433c     user32:USER32.dll
 0004:00000340       __imp__RegisterClassA@4    00964340     user32:USER32.dll
 0004:00000344       __imp__CreateWindowExA@48  00964344     user32:USER32.dll
 0004:00000348       __imp__DestroyWindow@4     00964348     user32:USER32.dll
 0004:0000034c       __imp__ShowWindow@8        0096434c     user32:USER32.dll
 0004:00000350       __imp__FlashWindow@8       00964350     user32:USER32.dll
 0004:00000354       __imp__SetWindowPos@28     00964354     user32:USER32.dll
 0004:00000358       __imp__CreateDialogParamA@20 00964358     user32:USER32.dll
 0004:0000035c       __imp__DialogBoxParamA@20  0096435c     user32:USER32.dll
 0004:00000360       __imp__EndDialog@8         00964360     user32:USER32.dll
 0004:00000364       __imp__GetDlgItem@8        00964364     user32:USER32.dll
 0004:00000368       __imp__MsgWaitForMultipleObjects@20 00964368     user32:USER32.dll
 0004:0000036c       __imp__PeekMessageA@20     0096436c     user32:USER32.dll
 0004:00000370       __imp__PostThreadMessageA@16 00964370     user32:USER32.dll
 0004:00000374       __imp__LoadIconA@8         00964374     user32:USER32.dll
 0004:00000378       __imp__GetDesktopWindow@0  00964378     user32:USER32.dll
 0004:0000037c       __imp__SetWindowLongA@12   0096437c     user32:USER32.dll
 0004:00000380       __imp__OffsetRect@12       00964380     user32:USER32.dll
 0004:00000384       __imp__MessageBeep@4       00964384     user32:USER32.dll
 0004:00000388       __imp__MessageBoxA@16      00964388     user32:USER32.dll
 0004:0000038c       __imp__GetWindowRect@8     0096438c     user32:USER32.dll
 0004:00000390       __imp__GetClientRect@8     00964390     user32:USER32.dll
 0004:00000394       __imp__GetWindowTextA@12   00964394     user32:USER32.dll
 0004:00000398       __imp__InvalidateRect@12   00964398     user32:USER32.dll
 0004:0000039c       __imp__UpdateWindow@4      0096439c     user32:USER32.dll
 0004:000003a0       __imp__GetSystemMetrics@4  009643a0     user32:USER32.dll
 0004:000003a4       __imp__TranslateAcceleratorA@12 009643a4     user32:USER32.dll
 0004:000003a8       __imp__DestroyAcceleratorTable@4 009643a8     user32:USER32.dll
 0004:000003ac       __imp__LoadAcceleratorsA@8 009643ac     user32:USER32.dll
 0004:000003b0       __imp__KillTimer@8         009643b0     user32:USER32.dll
 0004:000003b4       __imp__SetTimer@16         009643b4     user32:USER32.dll
 0004:000003b8       __imp__SetFocus@4          009643b8     user32:USER32.dll
 0004:000003bc       __imp__SendDlgItemMessageA@20 009643bc     user32:USER32.dll
 0004:000003c0       __imp__SetDlgItemTextA@12  009643c0     user32:USER32.dll
 0004:000003c4       __imp__SetDlgItemInt@16    009643c4     user32:USER32.dll
 0004:000003c8       \177USER32_NULL_THUNK_DATA 009643c8     user32:USER32.dll
 0004:00000414       __imp__PlaySoundA@12       00964414     winmm:WINMM.dll
 0004:00000418       \177WINMM_NULL_THUNK_DATA  00964418     winmm:WINMM.dll
 0004:00000444       __imp__inet_pton@12        00964444     ws2_32:WS2_32.dll
 0004:00000448       __imp__inet_ntop@16        00964448     ws2_32:WS2_32.dll
 0004:0000044c       \177WS2_32_NULL_THUNK_DATA 0096444c     ws2_32:WS2_32.dll
 0004:00000478       __imp__recv@16             00964478     wsock32:WSOCK32.dll
 0004:0000047c       __imp__setsockopt@20       0096447c     wsock32:WSOCK32.dll
 0004:00000480       __imp__socket@12           00964480     wsock32:WSOCK32.dll
 0004:00000484       __imp__accept@12           00964484     wsock32:WSOCK32.dll
 0004:00000488       __imp__listen@8            00964488     wsock32:WSOCK32.dll
 0004:0000048c       __imp__WSAStartup@8        0096448c     wsock32:WSOCK32.dll
 0004:00000490       __imp__WSACleanup@0        00964490     wsock32:WSOCK32.dll
 0004:00000494       __imp__WSAAsyncGetHostByAddr@28 00964494     wsock32:WSOCK32.dll
 0004:00000498       __imp__WSAAsyncSelect@16   00964498     wsock32:WSOCK32.dll
 0004:0000049c       __imp__htons@4             0096449c     wsock32:WSOCK32.dll
 0004:000004a0       __imp__bind@12             009644a0     wsock32:WSOCK32.dll
 0004:000004a4       __imp__send@16             009644a4     wsock32:WSOCK32.dll
 0004:000004a8       __imp__getpeername@12      009644a8     wsock32:WSOCK32.dll
 0004:000004ac       __imp__closesocket@4       009644ac     wsock32:WSOCK32.dll
 0004:000004b0       \177WSOCK32_NULL_THUNK_DATA 009644b0     wsock32:WSOCK32.dll
 0004:000004e4       __IMPORT_DESCRIPTOR_GDI32  009644e4     gdi32:GDI32.dll
 0004:000004f8       __IMPORT_DESCRIPTOR_USER32 009644f8     user32:USER32.dll
 0004:0000050c       __IMPORT_DESCRIPTOR_WSOCK32 0096450c     wsock32:WSOCK32.dll
 0004:00000520       __IMPORT_DESCRIPTOR_WINMM  00964520     winmm:WINMM.dll
 0004:00000534       __IMPORT_DESCRIPTOR_COMCTL32 00964534     comctl32:COMCTL32.dll
 0004:00000548       __IMPORT_DESCRIPTOR_LIBMYSQL 00964548     libmysql:LIBMYSQL.dll
 0004:0000055c       __IMPORT_DESCRIPTOR_WS2_32 0096455c     ws2_32:WS2_32.dll
 0004:00000570       __IMPORT_DESCRIPTOR_KERNEL32 00964570     kernel32:KERNEL32.dll
 0004:00000584       __NULL_IMPORT_DESCRIPTOR   00964584     gdi32:GDI32.dll
 0006:00000000       ___guard_check_icall_fptr  00967000     LIBCMT:guard_support.obj
