 blakserv

 Timestamp is 5aa48e37 (Sat Mar 10 20:02:31 2018)

 Preferred load address is 00400000

 Start         Length     Name                   Class
 0001:00000000 00073d90H .text$mn                CODE
 0001:00073d90 000001d0H .text$x                 CODE
 0002:00000000 000002e0H .idata$5                DATA
 0002:000002e0 00000004H .00cfg                  DATA
 0002:000002e4 00000004H .CRT$XCA                DATA
 0002:000002e8 00000004H .CRT$XCAA               DATA
 0002:000002ec 00000004H .CRT$XCZ                DATA
 0002:000002f0 00000004H .CRT$XIA                DATA
 0002:000002f4 00000004H .CRT$XIAA               DATA
 0002:000002f8 00000004H .CRT$XIAC               DATA
 0002:000002fc 00000010H .CRT$XIC                DATA
 0002:0000030c 00000004H .CRT$XIZ                DATA
 0002:00000310 00000004H .CRT$XPA                DATA
 0002:00000314 00000008H .CRT$XPX                DATA
 0002:0000031c 00000004H .CRT$XPXA               DATA
 0002:00000320 00000004H .CRT$XPZ                DATA
 0002:00000324 00000004H .CRT$XTA                DATA
 0002:00000328 00000008H .CRT$XTZ                DATA
 0002:00000330 000199a4H .rdata                  DATA
 0002:00019cd4 0000026cH .rdata$r                DATA
 0002:00019f40 0000003cH .rdata$sxdata           DATA
 0002:00019f7c 00000344H .rdata$zzzdbg           DATA
 0002:0001a2c0 00000004H .rtc$IAA                DATA
 0002:0001a2c4 00000004H .rtc$IZZ                DATA
 0002:0001a2c8 00000004H .rtc$TAA                DATA
 0002:0001a2cc 00000004H .rtc$TZZ                DATA
 0002:0001a2d0 00000a84H .xdata$x                DATA
 0002:0001ad54 00000000H .edata                  DATA
 0002:0001ad54 000000a0H .idata$2                DATA
 0002:0001adf4 00000014H .idata$3                DATA
 0002:0001ae08 000002e0H .idata$4                DATA
 0002:0001b0e8 00000bceH .idata$6                DATA
 0003:00000000 00006b80H .data                   DATA
 0003:00006b80 00000100H .data$r                 DATA
 0003:00006c80 003a5104H .bss                    DATA
 0004:00000000 0000009cH .gfids$x                DATA
 0004:0000009c 00000090H .gfids$y                DATA
 0005:00000000 000004e0H .rsrc$01                DATA
 0005:000004e0 0000b1e8H .rsrc$02                DATA

  Address         Publics by Value              Rva+Base       Lib:Object

 0000:00000000       ___guard_longjmp_count     00000000     <absolute>
 0000:00000000       ___guard_fids_table        00000000     <absolute>
 0000:00000000       __except_list              00000000     <absolute>
 0000:00000000       ___guard_longjmp_table     00000000     <absolute>
 0000:00000000       ___guard_fids_count        00000000     <absolute>
 0000:00000000       ___guard_iat_count         00000000     <absolute>
 0000:00000000       ___dynamic_value_reloc_table 00000000     <absolute>
 0000:00000000       ___guard_iat_table         00000000     <absolute>
 0000:0000000f       ___safe_se_handler_count   0000000f     <absolute>
 0000:00000100       ___guard_flags             00000100     <absolute>
 0000:00000000       ___ImageBase               00400000     <linker-defined>
 0001:00000000       ___local_stdio_printf_options 00401000 f i md5.obj
 0001:00000010       __vsnprintf_l              00401010 f i md5.obj
 0001:00000050       _sprintf                   00401050 f i md5.obj
 0001:00000070       ___local_stdio_scanf_options 00401070 f i account.obj
 0001:00000080       _sscanf                    00401080 f i account.obj
 0001:000000b0       _fprintf                   004010b0 f i adminfn.obj
 0001:000000e0       _snprintf                  004010e0 f i ccode.obj
 0001:00000120       ??1?$basic_string@DU?$char_traits@D@std@@V?$allocator@D@2@@std@@QAE@XZ 00401120 f i files.obj
 0001:000001a0       ??0?$basic_string@DU?$char_traits@D@std@@V?$allocator@D@2@@std@@QAE@$$QAV01@@Z 004011a0 f i files.obj
 0001:00000240       ?_Reserve@?$vector@V?$basic_string@DU?$char_traits@D@std@@V?$allocator@D@2@@std@@V?$allocator@V?$basic_string@DU?$char_traits@D@std@@V?$allocator@D@2@@std@@@2@@std@@IAEXI@Z 00401240 f i files.obj
 0001:000002d0       ?assign@?$basic_string@DU?$char_traits@D@std@@V?$allocator@D@2@@std@@QAEAAV12@PBDI@Z 004012d0 f i files.obj
 0001:000003d0       ?assign@?$basic_string@DU?$char_traits@D@std@@V?$allocator@D@2@@std@@QAEAAV12@ABV12@II@Z 004013d0 f i files.obj
 0001:000004e0       ?_Reallocate@?$vector@V?$basic_string@DU?$char_traits@D@std@@V?$allocator@D@2@@std@@V?$allocator@V?$basic_string@DU?$char_traits@D@std@@V?$allocator@D@2@@std@@@2@@std@@IAEXI@Z 004014e0 f i files.obj
 0001:000005d0       ?deallocate@?$_Wrap_alloc@V?$allocator@D@std@@@std@@QAEXPADI@Z 004015d0 f i files.obj
 0001:00000620       ?erase@?$basic_string@DU?$char_traits@D@std@@V?$allocator@D@2@@std@@QAEAAV12@II@Z 00401620 f i files.obj
 0001:000006a0       ?deallocate@?$_Wrap_alloc@V?$allocator@V?$basic_string@DU?$char_traits@D@std@@V?$allocator@D@2@@std@@@std@@@std@@QAEXPAV?$basic_string@DU?$char_traits@D@std@@V?$allocator@D@2@@2@I@Z 004016a0 f i files.obj
 0001:00000700       ?_Copy@?$basic_string@DU?$char_traits@D@std@@V?$allocator@D@2@@std@@QAEXII@Z 00401700 f i files.obj
 0001:000008b0       ?allocate@?$_Wrap_alloc@V?$allocator@D@std@@@std@@QAEPADI@Z 004018b0 f i files.obj
 0001:00000900       ??$_Destroy_range1@V?$allocator@V?$basic_string@DU?$char_traits@D@std@@V?$allocator@D@2@@std@@@std@@PAV?$basic_string@DU?$char_traits@D@std@@V?$allocator@D@2@@2@@std@@YAXPAV?$basic_string@DU?$char_traits@D@std@@V?$allocator@D@2@@0@0AAU?$_Wrap_alloc@V?$allocator@V?$basic_string@DU?$char_traits@D@std@@V?$allocator@D@2@@std@@@std@@@0@U?$integral_constant@_N$0A@@0@@Z 00401900 f i files.obj
 0001:000009c0       ??$_Uninitialized_move_al_unchecked1@PAV?$basic_string@DU?$char_traits@D@std@@V?$allocator@D@2@@std@@PAV12@V?$allocator@V?$basic_string@DU?$char_traits@D@std@@V?$allocator@D@2@@std@@@2@@std@@YAPAV?$basic_string@DU?$char_traits@D@std@@V?$allocator@D@2@@0@PAV10@00AAU?$_Wrap_alloc@V?$allocator@V?$basic_string@DU?$char_traits@D@std@@V?$allocator@D@2@@std@@@std@@@0@U_General_ptr_iterator_tag@0@U_Any_tag@0@@Z 004019c0 f i files.obj
 0001:00000ab0       ??1?$vector@V?$basic_string@DU?$char_traits@D@std@@V?$allocator@D@2@@std@@V?$allocator@V?$basic_string@DU?$char_traits@D@std@@V?$allocator@D@2@@std@@@2@@std@@QAE@XZ 00401ab0 f i loadkod.obj
 0001:00000b30       ?ParseClientSendBlakodError@@YAXHHHHH@Z 00401b30 f i parsecli.obj
 0001:00000c20       ?GetCRC16BufferList@@YAGPAUbuffer_struct@@@Z 00401c20 f i session.obj
 0001:00000c70       ?TimerHeapHeapify@@YAXH@Z  00401c70 f i timer.obj
 0001:00000e57       @__security_check_cookie@4 00401e57 f   LIBCMT:_secchk_.obj
 0001:00000e68       ___raise_securityfailure   00401e68 f   LIBCMT:gs_report.obj
 0001:00000e90       ___report_gsfailure        00401e90 f   LIBCMT:gs_report.obj
 0001:00000f8b       ___report_rangecheckfailure 00401f8b f   LIBCMT:gs_report.obj
 0001:00000f97       ___report_securityfailure  00401f97 f   LIBCMT:gs_report.obj
 0001:00001067       ??2@YAPAXI@Z               00402067 f   LIBCMT:new_scalar.obj
 0001:0000109a       ??3@YAXPAX@Z               0040209a f   LIBCMT:delete_scalar.obj
 0001:0000109f       ??3@YAXPAXI@Z              0040209f f   LIBCMT:delete_scalar_size.obj
 0001:000012d3       _WinMainCRTStartup         004022d3 f   LIBCMT:exe_winmain.obj
 0001:000012dd       ??0bad_alloc@std@@QAE@ABV01@@Z 004022dd f i LIBCMT:throw_bad_alloc.obj
 0001:000012f8       ??0bad_alloc@std@@QAE@XZ   004022f8 f i LIBCMT:throw_bad_alloc.obj
 0001:00001310       ??0bad_array_new_length@std@@QAE@ABV01@@Z 00402310 f i LIBCMT:throw_bad_alloc.obj
 0001:0000132b       ??0bad_array_new_length@std@@QAE@XZ 0040232b f i LIBCMT:throw_bad_alloc.obj
 0001:00001343       ??0exception@std@@QAE@ABV01@@Z 00402343 f i LIBCMT:throw_bad_alloc.obj
 0001:0000136f       ?__scrt_throw_std_bad_alloc@@YAXXZ 0040236f f   LIBCMT:throw_bad_alloc.obj
 0001:0000136f       ?_Xbad_alloc@std@@YAXXZ    0040236f f   libcpmt:xthrow.obj
 0001:0000138c       ?__scrt_throw_std_bad_array_new_length@@YAXXZ 0040238c f   LIBCMT:throw_bad_alloc.obj
 0001:000013a9       ?what@exception@std@@UBEPBDXZ 004023a9 f i LIBCMT:throw_bad_alloc.obj
 0001:000013fa       ___scrt_acquire_startup_lock 004023fa f   LIBCMT:utility.obj
 0001:0000142f       ___scrt_initialize_crt     0040242f f   LIBCMT:utility.obj
 0001:00001468       ___scrt_initialize_onexit_tables 00402468 f   LIBCMT:utility.obj
 0001:000014ff       ___scrt_is_nonwritable_in_current_image 004024ff f   LIBCMT:utility.obj
 0001:00001589       ___scrt_release_startup_lock 00402589 f   LIBCMT:utility.obj
 0001:000015a6       ___scrt_uninitialize_crt   004025a6 f   LIBCMT:utility.obj
 0001:000015ce       __onexit                   004025ce f   LIBCMT:utility.obj
 0001:00001609       _atexit                    00402609 f   LIBCMT:utility.obj
 0001:0000161e       ___security_init_cookie    0040261e f   LIBCMT:gs_support.obj
 0001:000016ba       __get_startup_argv_mode    004026ba f   LIBCMT:argv_mode.obj
 0001:000016be       ___scrt_initialize_winrt   004026be f   LIBCMT:utility_desktop.obj
 0001:000016be       __get_startup_commit_mode  004026be f   LIBCMT:commit_mode.obj
 0001:000016be       __matherr                  004026be f   LIBCMT:matherr.obj
 0001:000016be       __get_startup_new_mode     004026be f   LIBCMT:new_mode.obj
 0001:000016be       __get_startup_thread_locale_mode 004026be f   LIBCMT:thread_locale.obj
 0001:000016c1       __get_startup_file_mode    004026c1 f   LIBCMT:file_mode.obj
 0001:000016c7       ?__scrt_initialize_type_info@@YAXXZ 004026c7 f   LIBCMT:tncleanup.obj
 0001:000016d3       __initialize_default_precision 004026d3 f   LIBCMT:default_precision.obj
 0001:000016f4       __initialize_denormal_control 004026f4 f   LIBCMT:denormal_control.obj
 0001:000016f4       ___except_validate_context_record 004026f4 f   libvcruntime:jbcxrval.obj
 0001:000016f4       ___except_validate_jump_buffer 004026f4 f   libvcruntime:jbcxrval.obj
 0001:000016f4       __initialize_invalid_parameter_handler 004026f4 f   LIBCMT:invalid_parameter_handler.obj
 0001:000016f4       @_guard_check_icall_nop@4  004026f4 f   LIBCMT:guard_support.obj
 0001:000016f5       ___scrt_initialize_default_local_stdio_options 004026f5 f   LIBCMT:default_local_stdio_options.obj
 0001:00001712       ___scrt_is_user_matherr_present 00402712 f   LIBCMT:matherr_detection.obj
 0001:0000171e       ___scrt_get_dyn_tls_init_callback 0040271e f   LIBCMT:dyn_tls_init.obj
 0001:00001724       ___scrt_get_dyn_tls_dtor_callback 00402724 f   LIBCMT:dyn_tls_dtor.obj
 0001:0000172a       ___scrt_fastfail           0040272a f   LIBCMT:utility_desktop.obj
 0001:00001845       ___scrt_get_show_window_mode 00402845 f   LIBCMT:utility_desktop.obj
 0001:00001878       ___scrt_is_managed_app     00402878 f   LIBCMT:utility_desktop.obj
 0001:000018bc       ___scrt_set_unhandled_exception_filter 004028bc f   LIBCMT:utility_desktop.obj
 0001:000018c8       ___scrt_unhandled_exception_filter@4 004028c8 f   LIBCMT:utility_desktop.obj
 0001:00001909       __crt_debugger_hook        00402909 f   LIBCMT:utility_desktop.obj
 0001:00001911       __RTC_Initialize           00402911 f   LIBCMT:_initsect_.obj
 0001:0000193c       __RTC_Terminate            0040293c f   LIBCMT:_initsect_.obj
 0001:00001967       @_guard_check_icall@4      00402967 f i LIBCMT:checkcfg.obj
 0001:00001970       __SEH_prolog4              00402970 f   LIBCMT:_sehprolg4_.obj
 0001:000019b6       __SEH_epilog4              004029b6 f   LIBCMT:_sehprolg4_.obj
 0001:000019cb       ??_Etype_info@@UAEPAXI@Z   004029cb f i LIBCMT:std_type_info_static.obj
 0001:000019cb       ??_Gtype_info@@UAEPAXI@Z   004029cb f i LIBCMT:std_type_info_static.obj
 0001:000019ee       ___isa_available_init      004029ee f   LIBCMT:_cpu_disp_.obj
 0001:00001b88       ___scrt_is_ucrt_dll_in_use 00402b88 f   LIBCMT:ucrt_detection.obj
 0001:00001b94       ??0exception@std@@QAE@QBD@Z 00402b94 f i libcpmt:xthrow.obj
 0001:00001bcb       ??0length_error@std@@QAE@ABV01@@Z 00402bcb f i libcpmt:xthrow.obj
 0001:00001be6       ??0length_error@std@@QAE@PBD@Z 00402be6 f i libcpmt:xthrow.obj
 0001:00001c07       ??0logic_error@std@@QAE@ABV01@@Z 00402c07 f i libcpmt:xthrow.obj
 0001:00001c22       ??0out_of_range@std@@QAE@ABV01@@Z 00402c22 f i libcpmt:xthrow.obj
 0001:00001c3d       ??0out_of_range@std@@QAE@PBD@Z 00402c3d f i libcpmt:xthrow.obj
 0001:00001c5e       ??_Elength_error@std@@UAEPAXI@Z 00402c5e f i libcpmt:xthrow.obj
 0001:00001c5e       ??_Ebad_array_new_length@std@@UAEPAXI@Z 00402c5e f i LIBCMT:throw_bad_alloc.obj
 0001:00001c5e       ??_Ebad_exception@std@@UAEPAXI@Z 00402c5e f i libvcruntime:frame.obj
 0001:00001c5e       ??_Gout_of_range@std@@UAEPAXI@Z 00402c5e f i libcpmt:xthrow.obj
 0001:00001c5e       ??_Ebad_alloc@std@@UAEPAXI@Z 00402c5e f i LIBCMT:throw_bad_alloc.obj
 0001:00001c5e       ??_Gbad_exception@std@@UAEPAXI@Z 00402c5e f i libvcruntime:frame.obj
 0001:00001c5e       ??_Gbad_array_new_length@std@@UAEPAXI@Z 00402c5e f i LIBCMT:throw_bad_alloc.obj
 0001:00001c5e       ??_Eexception@std@@UAEPAXI@Z 00402c5e f i LIBCMT:throw_bad_alloc.obj
 0001:00001c5e       ??_Gbad_alloc@std@@UAEPAXI@Z 00402c5e f i LIBCMT:throw_bad_alloc.obj
 0001:00001c5e       ??_Elogic_error@std@@UAEPAXI@Z 00402c5e f i libcpmt:xthrow.obj
 0001:00001c5e       ??_Gexception@std@@UAEPAXI@Z 00402c5e f i LIBCMT:throw_bad_alloc.obj
 0001:00001c5e       ??_Glength_error@std@@UAEPAXI@Z 00402c5e f i libcpmt:xthrow.obj
 0001:00001c5e       ??_Eout_of_range@std@@UAEPAXI@Z 00402c5e f i libcpmt:xthrow.obj
 0001:00001c5e       ??_Glogic_error@std@@UAEPAXI@Z 00402c5e f i libcpmt:xthrow.obj
 0001:00001c8b       ?_Xlength_error@std@@YAXPBD@Z 00402c8b f   libcpmt:xthrow.obj
 0001:00001cab       ?_Xout_of_range@std@@YAXPBD@Z 00402cab f   libcpmt:xthrow.obj
 0001:00001ccc       _IsProcessorFeaturePresent@4 00402ccc f   kernel32:KERNEL32.dll
 0001:00001cd2       ___DestructExceptionObject 00402cd2 f   libvcruntime:frame.obj
 0001:00001d66       ??0bad_exception@std@@QAE@ABV01@@Z 00402d66 f i libvcruntime:frame.obj
 0001:00001d81       ??0bad_exception@std@@QAE@XZ 00402d81 f i libvcruntime:frame.obj
 0001:00001d99       ??1bad_alloc@std@@UAE@XZ   00402d99 f i LIBCMT:throw_bad_alloc.obj
 0001:00001d99       ??1length_error@std@@UAE@XZ 00402d99 f i libcpmt:xthrow.obj
 0001:00001d99       ??1bad_exception@std@@UAE@XZ 00402d99 f i libvcruntime:frame.obj
 0001:00001d99       ??1bad_array_new_length@std@@UAE@XZ 00402d99 f i LIBCMT:throw_bad_alloc.obj
 0001:00001d99       ??1out_of_range@std@@UAE@XZ 00402d99 f i libcpmt:xthrow.obj
 0001:000025c3       ?_CallMemberFunction0@@YGXQAX0@Z 004035c3 f i libvcruntime:frame.obj
 0001:000025c3       ?_CallMemberFunction2@@YGXQAX00H@Z 004035c3 f i libvcruntime:frame.obj
 0001:000025c3       ?_CallMemberFunction1@@YGXQAX00@Z 004035c3 f i libvcruntime:frame.obj
 0001:000025ca       ___AdjustPointer           004035ca f   libvcruntime:frame.obj
 0001:000025ef       ___BuildCatchObject        004035ef f   libvcruntime:frame.obj
 0001:0000267e       ___BuildCatchObjectHelper  0040367e f   libvcruntime:frame.obj
 0001:000027ac       ___FrameUnwindFilter       004037ac f   libvcruntime:frame.obj
 0001:000027f1       ___FrameUnwindToState      004037f1 f   libvcruntime:frame.obj
 0001:000028b9       ___InternalCxxFrameHandler 004038b9 f   libvcruntime:frame.obj
 0001:000029b5       ___TypeMatch               004039b5 f   libvcruntime:frame.obj
 0001:00002a43       ___std_terminate           00403a43 f   libvcruntime:frame.obj
 0001:00002a50       _strchr                    00403a50 f   libvcruntime:strchr.obj
 0001:00002abe       ___from_strstr_to_strchr   00403abe     libvcruntime:strchr.obj
 0001:00002b80       _strstr                    00403b80 f   libvcruntime:strstr.obj
 0001:00002df0       _memmove                   00403df0 f   libvcruntime:memmove.obj
 0001:00003370       _strrchr                   00404370 f   libvcruntime:strrchr.obj
 0001:000034f0       __except_handler4          004044f0 f   libvcruntime:_chandler4_.obj
 0001:00003656       ___std_exception_copy      00404656 f   libvcruntime:std_exception.obj
 0001:000036b9       ___std_exception_destroy   004046b9 f   libvcruntime:std_exception.obj
 0001:000036d8       __CxxThrowException@8      004046d8 f   libvcruntime:throw.obj
 0001:00003746       ___vcrt_initialize         00404746 f   libvcruntime:initialization.obj
 0001:0000376f       ___vcrt_uninitialize       0040476f f   libvcruntime:initialization.obj
 0001:0000378e       ___std_type_info_compare   0040478e f   libvcruntime:std_type_info.obj
 0001:000037d0       _memset                    004047d0 f   libvcruntime:memset.obj
 0001:0000392a       _unexpected                0040492a f   libvcruntime:unexpected.obj
 0001:00003946       ___vcrt_freefls@4          00404946 f   libvcruntime:per_thread_data.obj
 0001:00003962       ___vcrt_getptd             00404962 f   libvcruntime:per_thread_data.obj
 0001:00003970       ___vcrt_getptd_noexit      00404970 f   libvcruntime:per_thread_data.obj
 0001:00003a02       ___vcrt_initialize_ptd     00404a02 f   libvcruntime:per_thread_data.obj
 0001:00003a35       ___vcrt_uninitialize_ptd   00404a35 f   libvcruntime:per_thread_data.obj
 0001:00003a50       __CallSettingFrame@12      00404a50 f   libvcruntime:lowhelpr.obj
 0001:00003a77       __NLG_Return               00404a77     libvcruntime:lowhelpr.obj
 0001:00003a9c       ?_CallCatchBlock2@@YAPAXPAUEHRegistrationNode@@PBU_s_FuncInfo@@PAXHK@Z 00404a9c f   libvcruntime:trnsctrl.obj
 0001:00003afc       ?_CallSETranslator@@YAHPAUEHExceptionRecord@@PAUEHRegistrationNode@@PAX2PBU_s_FuncInfo@@H1@Z 00404afc f   libvcruntime:trnsctrl.obj
 0001:00003bd9       ?_GetRangeOfTrysToCheck@@YAPBU_s_TryBlockMapEntry@@PBU_s_FuncInfo@@HHPAI1@Z 00404bd9 f   libvcruntime:trnsctrl.obj
 0001:00003c51       ?_JumpToContinuation@@YGXPAXPAUEHRegistrationNode@@@Z 00404c51 f   libvcruntime:trnsctrl.obj
 0001:00003c83       ?_UnwindNestedFrames@@YGXPAUEHRegistrationNode@@PAUEHExceptionRecord@@@Z 00404c83 f   libvcruntime:trnsctrl.obj
 0001:00003cd8       __CatchGuardHandler        00404cd8 f   libvcruntime:trnsctrl.obj
 0001:00003d09       __CreateFrameInfo          00404d09 f   libvcruntime:trnsctrl.obj
 0001:00003d2d       __FindAndUnlinkFrame       00404d2d f   libvcruntime:trnsctrl.obj
 0001:00003d77       __IsExceptionObjectToBeDestroyed 00404d77 f   libvcruntime:trnsctrl.obj
 0001:00003d9d       __TranslatorGuardHandler   00404d9d f   libvcruntime:trnsctrl.obj
 0001:00003e3c       ___CxxFrameHandler3        00404e3c f   libvcruntime:trnsctrl.obj
 0001:00003e80       __local_unwind4            00404e80 f   libvcruntime:_exsup4_.obj
 0001:00003f56       __seh_longjmp_unwind4@4    00404f56 f   libvcruntime:_exsup4_.obj
 0001:00003f7e       @_EH4_CallFilterFunc@8     00404f7e f   libvcruntime:_exsup4_.obj
 0001:00003f95       @_EH4_TransferToHandler@8  00404f95 f   libvcruntime:_exsup4_.obj
 0001:00003fae       @_EH4_GlobalUnwind2@8      00404fae f   libvcruntime:_exsup4_.obj
 0001:00003fc7       @_EH4_LocalUnwind@16       00404fc7 f   libvcruntime:_exsup4_.obj
 0001:00003fe1       ___vcrt_initialize_locks   00404fe1 f   libvcruntime:locks.obj
 0001:0000401d       ___vcrt_uninitialize_locks 0040501d f   libvcruntime:locks.obj
 0001:0000404c       ??$__crt_fast_encode_pointer@PAP6AXXZ@@YAPAP6AXXZQAP6AXXZ@Z 0040504c f i LIBCMT:utility.obj
 0001:0000404c       ??$__crt_fast_encode_pointer@PAX@@YAPAXQAX@Z 0040504c f i libvcruntime:winapi_downlevel.obj
 0001:0000418a       ___vcrt_FlsAlloc           0040518a f   libvcruntime:winapi_downlevel.obj
 0001:000041c4       ___vcrt_FlsFree            004051c4 f   libvcruntime:winapi_downlevel.obj
 0001:000041fe       ___vcrt_FlsGetValue        004051fe f   libvcruntime:winapi_downlevel.obj
 0001:00004238       ___vcrt_FlsSetValue        00405238 f   libvcruntime:winapi_downlevel.obj
 0001:00004275       ___vcrt_InitializeCriticalSectionEx 00405275 f   libvcruntime:winapi_downlevel.obj
 0001:000042bb       ___vcrt_initialize_winapi_thunks 004052bb f   libvcruntime:winapi_downlevel.obj
 0001:000042f5       ___vcrt_uninitialize_winapi_thunks 004052f5 f   libvcruntime:winapi_downlevel.obj
 0001:00004327       ___vcrt_initialize_pure_virtual_call_handler 00405327 f   libvcruntime:purevirt_data.obj
 0001:00004350       __global_unwind2           00405350 f   libvcruntime:_exsup_.obj
 0001:000043b5       __local_unwind2            004053b5 f   libvcruntime:_exsup_.obj
 0001:00004439       __abnormal_termination     00405439 f   libvcruntime:_exsup_.obj
 0001:0000445c       __NLG_Notify1              0040545c f   libvcruntime:_exsup_.obj
 0001:00004465       __NLG_Notify               00405465 f   libvcruntime:_exsup_.obj
 0001:0000447c       __NLG_Dispatch2            0040547c     libvcruntime:_exsup_.obj
 0001:0000447c       __NLG_Dispatch             0040547c     libvcruntime:_exsup_.obj
 0001:00004484       __NLG_Call                 00405484 f   libvcruntime:_exsup_.obj
 0001:00004486       __NLG_Return2              00405486     libvcruntime:_exsup_.obj
 0001:00004487       ??$?RV<lambda_ab9923ffb5d694ec0d78876dd103e44f>@@AAV<lambda_481dd5778c961fbcd3b60b650e9b9dc4>@@V<lambda_7923d86c9e3f319b415918ec4b39749c>@@@?$__crt_seh_guarded_call@H@@QAEH$$QAV<lambda_ab9923ffb5d694ec0d78876dd103e44f>@@AAV<lambda_481dd5778c961fbcd3b60b650e9b9dc4>@@$$QAV<lambda_7923d86c9e3f319b415918ec4b39749c>@@@Z 00405487 f i libucrt:output.obj
 0001:000044d8       ??$?RV<lambda_db08b09ef7aa9d4f8620ce68402612bc>@@AAV<lambda_4f2c1eaeead2a5fc776db5b62ea0fb9b>@@V<lambda_3ae262bc35d4ba6a3825c4f6bcaaf95c>@@@?$__crt_seh_guarded_call@H@@QAEH$$QAV<lambda_db08b09ef7aa9d4f8620ce68402612bc>@@AAV<lambda_4f2c1eaeead2a5fc776db5b62ea0fb9b>@@$$QAV<lambda_3ae262bc35d4ba6a3825c4f6bcaaf95c>@@@Z 004054d8 f i libucrt:output.obj
 0001:00004529       ??$__acrt_lock_stream_and_call@V<lambda_481dd5778c961fbcd3b60b650e9b9dc4>@@@@YAHQAU_iobuf@@$$QAV<lambda_481dd5778c961fbcd3b60b650e9b9dc4>@@@Z 00405529 f i libucrt:output.obj
 0001:00004551       ??$__acrt_lock_stream_and_call@V<lambda_4f2c1eaeead2a5fc776db5b62ea0fb9b>@@@@YAHQAU_iobuf@@$$QAV<lambda_4f2c1eaeead2a5fc776db5b62ea0fb9b>@@@Z 00405551 f i libucrt:output.obj
 0001:0000487a       ??$count@D@formatting_buffer@__crt_stdio_output@@QBEIXZ 0040587a f i libucrt:output.obj
 0001:00004892       ??$ensure_buffer_is_big_enough@D@formatting_buffer@__crt_stdio_output@@QAE_NI@Z 00405892 f i libucrt:output.obj
 0001:00004918       ??$is_wide_character_specifier@D@__crt_stdio_output@@YA_N_KDW4length_modifier@0@@Z 00405918 f i libucrt:output.obj
 0001:00004958       ??$is_wide_character_specifier@_W@__crt_stdio_output@@YA_N_K_WW4length_modifier@0@@Z 00405958 f i libucrt:output.obj
 0001:000049a7       ??$scratch_data@D@formatting_buffer@__crt_stdio_output@@QAEPADXZ 004059a7 f i libucrt:output.obj
 0001:000049c5       ??$type_case_integer_parse_into_buffer@I@?$output_processor@DV?$string_output_adapter@D@__crt_stdio_output@@V?$standard_base@DV?$string_output_adapter@D@__crt_stdio_output@@@2@@__crt_stdio_output@@AAEXII_N@Z 004059c5 f i libucrt:output.obj
 0001:000049c5       ??$type_case_integer_parse_into_buffer@I@?$output_processor@_WV?$string_output_adapter@_W@__crt_stdio_output@@V?$standard_base@_WV?$string_output_adapter@_W@__crt_stdio_output@@@2@@__crt_stdio_output@@AAEXII_N@Z 004059c5 f i libucrt:output.obj
 0001:000049c5       ??$type_case_integer_parse_into_buffer@I@?$output_processor@DV?$stream_output_adapter@D@__crt_stdio_output@@V?$standard_base@DV?$stream_output_adapter@D@__crt_stdio_output@@@2@@__crt_stdio_output@@AAEXII_N@Z 004059c5 f i libucrt:output.obj
 0001:000049c5       ??$type_case_integer_parse_into_buffer@I@?$output_processor@_WV?$stream_output_adapter@_W@__crt_stdio_output@@V?$standard_base@_WV?$stream_output_adapter@_W@__crt_stdio_output@@@2@@__crt_stdio_output@@AAEXII_N@Z 004059c5 f i libucrt:output.obj
 0001:00004a3a       ??$type_case_integer_parse_into_buffer@_K@?$output_processor@_WV?$string_output_adapter@_W@__crt_stdio_output@@V?$standard_base@_WV?$string_output_adapter@_W@__crt_stdio_output@@@2@@__crt_stdio_output@@AAEX_KI_N@Z 00405a3a f i libucrt:output.obj
 0001:00004a3a       ??$type_case_integer_parse_into_buffer@_K@?$output_processor@_WV?$stream_output_adapter@_W@__crt_stdio_output@@V?$standard_base@_WV?$stream_output_adapter@_W@__crt_stdio_output@@@2@@__crt_stdio_output@@AAEX_KI_N@Z 00405a3a f i libucrt:output.obj
 0001:00004a3a       ??$type_case_integer_parse_into_buffer@_K@?$output_processor@DV?$string_output_adapter@D@__crt_stdio_output@@V?$standard_base@DV?$string_output_adapter@D@__crt_stdio_output@@@2@@__crt_stdio_output@@AAEX_KI_N@Z 00405a3a f i libucrt:output.obj
 0001:00004a3a       ??$type_case_integer_parse_into_buffer@_K@?$output_processor@DV?$stream_output_adapter@D@__crt_stdio_output@@V?$standard_base@DV?$stream_output_adapter@D@__crt_stdio_output@@@2@@__crt_stdio_output@@AAEX_KI_N@Z 00405a3a f i libucrt:output.obj
 0001:00004ac2       ??$write_multiple_characters@V?$stream_output_adapter@D@__crt_stdio_output@@D@__crt_stdio_output@@YAXABV?$stream_output_adapter@D@0@DHQAH@Z 00405ac2 f i libucrt:output.obj
 0001:00004aee       ??$write_multiple_characters@V?$stream_output_adapter@_W@__crt_stdio_output@@D@__crt_stdio_output@@YAXABV?$stream_output_adapter@_W@0@DHQAH@Z 00405aee f i libucrt:output.obj
 0001:00004b1f       ??$write_multiple_characters@V?$string_output_adapter@D@__crt_stdio_output@@D@__crt_stdio_output@@YAXABV?$string_output_adapter@D@0@DHQAH@Z 00405b1f f i libucrt:output.obj
 0001:00004b4b       ??$write_multiple_characters@V?$string_output_adapter@_W@__crt_stdio_output@@D@__crt_stdio_output@@YAXABV?$string_output_adapter@_W@0@DHQAH@Z 00405b4b f i libucrt:output.obj
 0001:00004b7c       ??0?$common_data@D@__crt_stdio_output@@IAE@XZ 00405b7c f i libucrt:output.obj
 0001:00004bc3       ??0?$common_data@_W@__crt_stdio_output@@IAE@XZ 00405bc3 f i libucrt:output.obj
 0001:00004c0f       ??0?$output_adapter_data@DV?$string_output_adapter@D@__crt_stdio_output@@@__crt_stdio_output@@IAE@ABV?$string_output_adapter@D@1@_KQBDQAU__crt_locale_pointers@@QAD@Z 00405c0f f i libucrt:output.obj
 0001:00004c0f       ??0?$output_adapter_data@DV?$stream_output_adapter@D@__crt_stdio_output@@@__crt_stdio_output@@IAE@ABV?$stream_output_adapter@D@1@_KQBDQAU__crt_locale_pointers@@QAD@Z 00405c0f f i libucrt:output.obj
 0001:00004c4b       ??0?$output_adapter_data@_WV?$stream_output_adapter@_W@__crt_stdio_output@@@__crt_stdio_output@@IAE@ABV?$stream_output_adapter@_W@1@_KQB_WQAU__crt_locale_pointers@@QAD@Z 00405c4b f i libucrt:output.obj
 0001:00004c4b       ??0?$output_adapter_data@_WV?$string_output_adapter@_W@__crt_stdio_output@@@__crt_stdio_output@@IAE@ABV?$string_output_adapter@_W@1@_KQB_WQAU__crt_locale_pointers@@QAD@Z 00405c4b f i libucrt:output.obj
 0001:00004c87       ??0?$output_processor@DV?$stream_output_adapter@D@__crt_stdio_output@@V?$standard_base@DV?$stream_output_adapter@D@__crt_stdio_output@@@2@@__crt_stdio_output@@QAE@ABV?$stream_output_adapter@D@1@_KQBDQAU__crt_locale_pointers@@QAD@Z 00405c87 f i libucrt:output.obj
 0001:00004c87       ??0?$output_processor@DV?$string_output_adapter@D@__crt_stdio_output@@V?$standard_base@DV?$string_output_adapter@D@__crt_stdio_output@@@2@@__crt_stdio_output@@QAE@ABV?$string_output_adapter@D@1@_KQBDQAU__crt_locale_pointers@@QAD@Z 00405c87 f i libucrt:output.obj
 0001:00004cbc       ??0?$output_processor@_WV?$string_output_adapter@_W@__crt_stdio_output@@V?$standard_base@_WV?$string_output_adapter@_W@__crt_stdio_output@@@2@@__crt_stdio_output@@QAE@ABV?$string_output_adapter@_W@1@_KQB_WQAU__crt_locale_pointers@@QAD@Z 00405cbc f i libucrt:output.obj
 0001:00004cbc       ??0?$output_processor@_WV?$stream_output_adapter@_W@__crt_stdio_output@@V?$standard_base@_WV?$stream_output_adapter@_W@__crt_stdio_output@@@2@@__crt_stdio_output@@QAE@ABV?$stream_output_adapter@_W@1@_KQB_WQAU__crt_locale_pointers@@QAD@Z 00405cbc f i libucrt:output.obj
 0001:00004cf1       ??0_LocaleUpdate@@QAE@QAU__crt_locale_pointers@@@Z 00405cf1 f i libucrt:output.obj
 0001:00004d74       ??1formatting_buffer@__crt_stdio_output@@QAE@XZ 00405d74 f i libucrt:output.obj
 0001:00004d8e       ??4?$__crt_unique_heap_ptr@DU__crt_internal_free_policy@@@@QAEAAV0@$$QAV0@@Z 00405d8e f i libucrt:output.obj
 0001:00004f2c       ?crop_zeroes@__crt_stdio_output@@YAXPADQAU__crt_locale_pointers@@@Z 00405f2c f i libucrt:output.obj
 0001:00004f83       ?find_next_state@?$output_processor@DV?$string_output_adapter@D@__crt_stdio_output@@V?$standard_base@DV?$string_output_adapter@D@__crt_stdio_output@@@2@@__crt_stdio_output@@ABE?AW4state@2@DW432@@Z 00405f83 f i libucrt:output.obj
 0001:00004f83       ?find_next_state@?$output_processor@DV?$stream_output_adapter@D@__crt_stdio_output@@V?$standard_base@DV?$stream_output_adapter@D@__crt_stdio_output@@@2@@__crt_stdio_output@@ABE?AW4state@2@DW432@@Z 00405f83 f i libucrt:output.obj
 0001:00004fb5       ?find_next_state@?$output_processor@_WV?$stream_output_adapter@_W@__crt_stdio_output@@V?$standard_base@_WV?$stream_output_adapter@_W@__crt_stdio_output@@@2@@__crt_stdio_output@@ABE?AW4state@2@_WW432@@Z 00405fb5 f i libucrt:output.obj
 0001:00004fb5       ?find_next_state@?$output_processor@_WV?$string_output_adapter@_W@__crt_stdio_output@@V?$standard_base@_WV?$string_output_adapter@_W@__crt_stdio_output@@@2@@__crt_stdio_output@@ABE?AW4state@2@_WW432@@Z 00405fb5 f i libucrt:output.obj
 0001:00004fe9       ?force_decimal_point@__crt_stdio_output@@YAXPADQAU__crt_locale_pointers@@@Z 00405fe9 f i libucrt:output.obj
 0001:00005045       ?parse_int_from_format_string@?$output_processor@DV?$stream_output_adapter@D@__crt_stdio_output@@V?$standard_base@DV?$stream_output_adapter@D@__crt_stdio_output@@@2@@__crt_stdio_output@@AAE_NQAH@Z 00406045 f i libucrt:output.obj
 0001:00005045       ?parse_int_from_format_string@?$output_processor@DV?$string_output_adapter@D@__crt_stdio_output@@V?$standard_base@DV?$string_output_adapter@D@__crt_stdio_output@@@2@@__crt_stdio_output@@AAE_NQAH@Z 00406045 f i libucrt:output.obj
 0001:000050a1       ?parse_int_from_format_string@?$output_processor@_WV?$string_output_adapter@_W@__crt_stdio_output@@V?$standard_base@_WV?$string_output_adapter@_W@__crt_stdio_output@@@2@@__crt_stdio_output@@AAE_NQAH@Z 004060a1 f i libucrt:output.obj
 0001:000050a1       ?parse_int_from_format_string@?$output_processor@_WV?$stream_output_adapter@_W@__crt_stdio_output@@V?$standard_base@_WV?$stream_output_adapter@_W@__crt_stdio_output@@@2@@__crt_stdio_output@@AAE_NQAH@Z 004060a1 f i libucrt:output.obj
 0001:000050ff       ?process@?$output_processor@DV?$stream_output_adapter@D@__crt_stdio_output@@V?$standard_base@DV?$stream_output_adapter@D@__crt_stdio_output@@@2@@__crt_stdio_output@@QAEHXZ 004060ff f i libucrt:output.obj
 0001:0000521b       ?process@?$output_processor@DV?$string_output_adapter@D@__crt_stdio_output@@V?$standard_base@DV?$string_output_adapter@D@__crt_stdio_output@@@2@@__crt_stdio_output@@QAEHXZ 0040621b f i libucrt:output.obj
 0001:00005337       ?process@?$output_processor@_WV?$stream_output_adapter@_W@__crt_stdio_output@@V?$standard_base@_WV?$stream_output_adapter@_W@__crt_stdio_output@@@2@@__crt_stdio_output@@QAEHXZ 00406337 f i libucrt:output.obj
 0001:00005457       ?process@?$output_processor@_WV?$string_output_adapter@_W@__crt_stdio_output@@V?$standard_base@_WV?$string_output_adapter@_W@__crt_stdio_output@@@2@@__crt_stdio_output@@QAEHXZ 00406457 f i libucrt:output.obj
 0001:00005577       ?state_case_flag@?$output_processor@DV?$string_output_adapter@D@__crt_stdio_output@@V?$standard_base@DV?$string_output_adapter@D@__crt_stdio_output@@@2@@__crt_stdio_output@@AAE_NXZ 00406577 f i libucrt:output.obj
 0001:00005577       ?state_case_flag@?$output_processor@DV?$stream_output_adapter@D@__crt_stdio_output@@V?$standard_base@DV?$stream_output_adapter@D@__crt_stdio_output@@@2@@__crt_stdio_output@@AAE_NXZ 00406577 f i libucrt:output.obj
 0001:000055b4       ?state_case_flag@?$output_processor@_WV?$string_output_adapter@_W@__crt_stdio_output@@V?$standard_base@_WV?$string_output_adapter@_W@__crt_stdio_output@@@2@@__crt_stdio_output@@AAE_NXZ 004065b4 f i libucrt:output.obj
 0001:000055b4       ?state_case_flag@?$output_processor@_WV?$stream_output_adapter@_W@__crt_stdio_output@@V?$standard_base@_WV?$stream_output_adapter@_W@__crt_stdio_output@@@2@@__crt_stdio_output@@AAE_NXZ 004065b4 f i libucrt:output.obj
 0001:000055f1       ?state_case_normal@?$output_processor@DV?$stream_output_adapter@D@__crt_stdio_output@@V?$standard_base@DV?$stream_output_adapter@D@__crt_stdio_output@@@2@@__crt_stdio_output@@AAE_NXZ 004065f1 f i libucrt:output.obj
 0001:00005610       ?state_case_normal@?$output_processor@DV?$string_output_adapter@D@__crt_stdio_output@@V?$standard_base@DV?$string_output_adapter@D@__crt_stdio_output@@@2@@__crt_stdio_output@@AAE_NXZ 00406610 f i libucrt:output.obj
 0001:0000562f       ?state_case_normal@?$output_processor@_WV?$stream_output_adapter@_W@__crt_stdio_output@@V?$standard_base@_WV?$stream_output_adapter@_W@__crt_stdio_output@@@2@@__crt_stdio_output@@AAE_NXZ 0040662f f i libucrt:output.obj
 0001:0000564e       ?state_case_normal@?$output_processor@_WV?$string_output_adapter@_W@__crt_stdio_output@@V?$standard_base@_WV?$string_output_adapter@_W@__crt_stdio_output@@@2@@__crt_stdio_output@@AAE_NXZ 0040664e f i libucrt:output.obj
 0001:0000566d       ?state_case_normal_common@?$output_processor@DV?$stream_output_adapter@D@__crt_stdio_output@@V?$standard_base@DV?$stream_output_adapter@D@__crt_stdio_output@@@2@@__crt_stdio_output@@AAE_NXZ 0040666d f i libucrt:output.obj
 0001:00005697       ?state_case_normal_common@?$output_processor@DV?$string_output_adapter@D@__crt_stdio_output@@V?$standard_base@DV?$string_output_adapter@D@__crt_stdio_output@@@2@@__crt_stdio_output@@AAE_NXZ 00406697 f i libucrt:output.obj
 0001:000056c1       ?state_case_normal_common@?$output_processor@_WV?$stream_output_adapter@_W@__crt_stdio_output@@V?$standard_base@_WV?$stream_output_adapter@_W@__crt_stdio_output@@@2@@__crt_stdio_output@@AAE_NXZ 004066c1 f i libucrt:output.obj
 0001:000056dc       ?state_case_normal_common@?$output_processor@_WV?$string_output_adapter@_W@__crt_stdio_output@@V?$standard_base@_WV?$string_output_adapter@_W@__crt_stdio_output@@@2@@__crt_stdio_output@@AAE_NXZ 004066dc f i libucrt:output.obj
 0001:000056f7       ?state_case_normal_tchar@?$output_processor@DV?$stream_output_adapter@D@__crt_stdio_output@@V?$standard_base@DV?$stream_output_adapter@D@__crt_stdio_output@@@2@@__crt_stdio_output@@AAE_ND@Z 004066f7 f i libucrt:output.obj
 0001:00005758       ?state_case_normal_tchar@?$output_processor@DV?$string_output_adapter@D@__crt_stdio_output@@V?$standard_base@DV?$string_output_adapter@D@__crt_stdio_output@@@2@@__crt_stdio_output@@AAE_ND@Z 00406758 f i libucrt:output.obj
 0001:000057b9       ?state_case_precision@?$output_processor@DV?$string_output_adapter@D@__crt_stdio_output@@V?$standard_base@DV?$string_output_adapter@D@__crt_stdio_output@@@2@@__crt_stdio_output@@AAE_NXZ 004067b9 f i libucrt:output.obj
 0001:000057b9       ?state_case_precision@?$output_processor@DV?$stream_output_adapter@D@__crt_stdio_output@@V?$standard_base@DV?$stream_output_adapter@D@__crt_stdio_output@@@2@@__crt_stdio_output@@AAE_NXZ 004067b9 f i libucrt:output.obj
 0001:000057e1       ?state_case_precision@?$output_processor@_WV?$stream_output_adapter@_W@__crt_stdio_output@@V?$standard_base@_WV?$stream_output_adapter@_W@__crt_stdio_output@@@2@@__crt_stdio_output@@AAE_NXZ 004067e1 f i libucrt:output.obj
 0001:000057e1       ?state_case_precision@?$output_processor@_WV?$string_output_adapter@_W@__crt_stdio_output@@V?$standard_base@_WV?$string_output_adapter@_W@__crt_stdio_output@@@2@@__crt_stdio_output@@AAE_NXZ 004067e1 f i libucrt:output.obj
 0001:0000580a       ?state_case_size@?$output_processor@DV?$stream_output_adapter@D@__crt_stdio_output@@V?$standard_base@DV?$stream_output_adapter@D@__crt_stdio_output@@@2@@__crt_stdio_output@@AAE_NXZ 0040680a f i libucrt:output.obj
 0001:00005973       ?state_case_size@?$output_processor@DV?$string_output_adapter@D@__crt_stdio_output@@V?$standard_base@DV?$string_output_adapter@D@__crt_stdio_output@@@2@@__crt_stdio_output@@AAE_NXZ 00406973 f i libucrt:output.obj
 0001:00005adc       ?state_case_size@?$output_processor@_WV?$stream_output_adapter@_W@__crt_stdio_output@@V?$standard_base@_WV?$stream_output_adapter@_W@__crt_stdio_output@@@2@@__crt_stdio_output@@AAE_NXZ 00406adc f i libucrt:output.obj
 0001:00005c58       ?state_case_size@?$output_processor@_WV?$string_output_adapter@_W@__crt_stdio_output@@V?$standard_base@_WV?$string_output_adapter@_W@__crt_stdio_output@@@2@@__crt_stdio_output@@AAE_NXZ 00406c58 f i libucrt:output.obj
 0001:00005dd4       ?state_case_type@?$output_processor@DV?$stream_output_adapter@D@__crt_stdio_output@@V?$standard_base@DV?$stream_output_adapter@D@__crt_stdio_output@@@2@@__crt_stdio_output@@AAE_NXZ 00406dd4 f i libucrt:output.obj
 0001:00006003       ?state_case_type@?$output_processor@DV?$string_output_adapter@D@__crt_stdio_output@@V?$standard_base@DV?$string_output_adapter@D@__crt_stdio_output@@@2@@__crt_stdio_output@@AAE_NXZ 00407003 f i libucrt:output.obj
 0001:00006232       ?state_case_type@?$output_processor@_WV?$stream_output_adapter@_W@__crt_stdio_output@@V?$standard_base@_WV?$stream_output_adapter@_W@__crt_stdio_output@@@2@@__crt_stdio_output@@AAE_NXZ 00407232 f i libucrt:output.obj
 0001:0000648f       ?state_case_type@?$output_processor@_WV?$string_output_adapter@_W@__crt_stdio_output@@V?$standard_base@_WV?$string_output_adapter@_W@__crt_stdio_output@@@2@@__crt_stdio_output@@AAE_NXZ 0040748f f i libucrt:output.obj
 0001:000066ec       ?state_case_width@?$output_processor@DV?$stream_output_adapter@D@__crt_stdio_output@@V?$standard_base@DV?$stream_output_adapter@D@__crt_stdio_output@@@2@@__crt_stdio_output@@AAE_NXZ 004076ec f i libucrt:output.obj
 0001:000066ec       ?state_case_width@?$output_processor@DV?$string_output_adapter@D@__crt_stdio_output@@V?$standard_base@DV?$string_output_adapter@D@__crt_stdio_output@@@2@@__crt_stdio_output@@AAE_NXZ 004076ec f i libucrt:output.obj
 0001:00006717       ?state_case_width@?$output_processor@_WV?$string_output_adapter@_W@__crt_stdio_output@@V?$standard_base@_WV?$string_output_adapter@_W@__crt_stdio_output@@@2@@__crt_stdio_output@@AAE_NXZ 00407717 f i libucrt:output.obj
 0001:00006717       ?state_case_width@?$output_processor@_WV?$stream_output_adapter@_W@__crt_stdio_output@@V?$standard_base@_WV?$stream_output_adapter@_W@__crt_stdio_output@@@2@@__crt_stdio_output@@AAE_NXZ 00407717 f i libucrt:output.obj
 0001:00006743       ?to_integer_size@__crt_stdio_output@@YAIW4length_modifier@1@@Z 00407743 f i libucrt:output.obj
 0001:0000679f       ?type_case_Z@?$output_processor@DV?$string_output_adapter@D@__crt_stdio_output@@V?$standard_base@DV?$string_output_adapter@D@__crt_stdio_output@@@2@@__crt_stdio_output@@AAE_NXZ 0040779f f i libucrt:output.obj
 0001:0000679f       ?type_case_Z@?$output_processor@DV?$stream_output_adapter@D@__crt_stdio_output@@V?$standard_base@DV?$stream_output_adapter@D@__crt_stdio_output@@@2@@__crt_stdio_output@@AAE_NXZ 0040779f f i libucrt:output.obj
 0001:00006802       ?type_case_Z@?$output_processor@_WV?$string_output_adapter@_W@__crt_stdio_output@@V?$standard_base@_WV?$string_output_adapter@_W@__crt_stdio_output@@@2@@__crt_stdio_output@@AAE_NXZ 00407802 f i libucrt:output.obj
 0001:00006802       ?type_case_Z@?$output_processor@_WV?$stream_output_adapter@_W@__crt_stdio_output@@V?$standard_base@_WV?$stream_output_adapter@_W@__crt_stdio_output@@@2@@__crt_stdio_output@@AAE_NXZ 00407802 f i libucrt:output.obj
 0001:00006865       ?type_case_a@?$output_processor@DV?$stream_output_adapter@D@__crt_stdio_output@@V?$standard_base@DV?$stream_output_adapter@D@__crt_stdio_output@@@2@@__crt_stdio_output@@AAE_NXZ 00407865 f i libucrt:output.obj
 0001:00006865       ?type_case_a@?$output_processor@DV?$string_output_adapter@D@__crt_stdio_output@@V?$standard_base@DV?$string_output_adapter@D@__crt_stdio_output@@@2@@__crt_stdio_output@@AAE_NXZ 00407865 f i libucrt:output.obj
 0001:000069bf       ?type_case_a@?$output_processor@_WV?$stream_output_adapter@_W@__crt_stdio_output@@V?$standard_base@_WV?$stream_output_adapter@_W@__crt_stdio_output@@@2@@__crt_stdio_output@@AAE_NXZ 004079bf f i libucrt:output.obj
 0001:000069bf       ?type_case_a@?$output_processor@_WV?$string_output_adapter@_W@__crt_stdio_output@@V?$standard_base@_WV?$string_output_adapter@_W@__crt_stdio_output@@@2@@__crt_stdio_output@@AAE_NXZ 004079bf f i libucrt:output.obj
 0001:00006b31       ?type_case_c_tchar@?$output_processor@DV?$stream_output_adapter@D@__crt_stdio_output@@V?$standard_base@DV?$stream_output_adapter@D@__crt_stdio_output@@@2@@__crt_stdio_output@@AAE_ND@Z 00407b31 f i libucrt:output.obj
 0001:00006b31       ?type_case_c_tchar@?$output_processor@DV?$string_output_adapter@D@__crt_stdio_output@@V?$standard_base@DV?$string_output_adapter@D@__crt_stdio_output@@@2@@__crt_stdio_output@@AAE_ND@Z 00407b31 f i libucrt:output.obj
 0001:00006bc1       ?type_case_c_tchar@?$output_processor@_WV?$string_output_adapter@_W@__crt_stdio_output@@V?$standard_base@_WV?$string_output_adapter@_W@__crt_stdio_output@@@2@@__crt_stdio_output@@AAE_N_W@Z 00407bc1 f i libucrt:output.obj
 0001:00006bc1       ?type_case_c_tchar@?$output_processor@_WV?$stream_output_adapter@_W@__crt_stdio_output@@V?$standard_base@_WV?$stream_output_adapter@_W@__crt_stdio_output@@@2@@__crt_stdio_output@@AAE_N_W@Z 00407bc1 f i libucrt:output.obj
 0001:00006c59       ?type_case_integer@?$output_processor@DV?$string_output_adapter@D@__crt_stdio_output@@V?$standard_base@DV?$string_output_adapter@D@__crt_stdio_output@@@2@@__crt_stdio_output@@AAE_NI_N@Z 00407c59 f i libucrt:output.obj
 0001:00006c59       ?type_case_integer@?$output_processor@DV?$stream_output_adapter@D@__crt_stdio_output@@V?$standard_base@DV?$stream_output_adapter@D@__crt_stdio_output@@@2@@__crt_stdio_output@@AAE_NI_N@Z 00407c59 f i libucrt:output.obj
 0001:00006c59       ?type_case_integer@?$output_processor@_WV?$string_output_adapter@_W@__crt_stdio_output@@V?$standard_base@_WV?$string_output_adapter@_W@__crt_stdio_output@@@2@@__crt_stdio_output@@AAE_NI_N@Z 00407c59 f i libucrt:output.obj
 0001:00006c59       ?type_case_integer@?$output_processor@_WV?$stream_output_adapter@_W@__crt_stdio_output@@V?$standard_base@_WV?$stream_output_adapter@_W@__crt_stdio_output@@@2@@__crt_stdio_output@@AAE_NI_N@Z 00407c59 f i libucrt:output.obj
 0001:00006da3       ?type_case_n@?$output_processor@DV?$string_output_adapter@D@__crt_stdio_output@@V?$standard_base@DV?$string_output_adapter@D@__crt_stdio_output@@@2@@__crt_stdio_output@@AAE_NXZ 00407da3 f i libucrt:output.obj
 0001:00006da3       ?type_case_n@?$output_processor@_WV?$string_output_adapter@_W@__crt_stdio_output@@V?$standard_base@_WV?$string_output_adapter@_W@__crt_stdio_output@@@2@@__crt_stdio_output@@AAE_NXZ 00407da3 f i libucrt:output.obj
 0001:00006da3       ?type_case_n@?$output_processor@_WV?$stream_output_adapter@_W@__crt_stdio_output@@V?$standard_base@_WV?$stream_output_adapter@_W@__crt_stdio_output@@@2@@__crt_stdio_output@@AAE_NXZ 00407da3 f i libucrt:output.obj
 0001:00006da3       ?type_case_n@?$output_processor@DV?$stream_output_adapter@D@__crt_stdio_output@@V?$standard_base@DV?$stream_output_adapter@D@__crt_stdio_output@@@2@@__crt_stdio_output@@AAE_NXZ 00407da3 f i libucrt:output.obj
 0001:00006e17       ?type_case_o@?$output_processor@DV?$string_output_adapter@D@__crt_stdio_output@@V?$standard_base@DV?$string_output_adapter@D@__crt_stdio_output@@@2@@__crt_stdio_output@@AAE_NXZ 00407e17 f i libucrt:output.obj
 0001:00006e17       ?type_case_o@?$output_processor@_WV?$string_output_adapter@_W@__crt_stdio_output@@V?$standard_base@_WV?$string_output_adapter@_W@__crt_stdio_output@@@2@@__crt_stdio_output@@AAE_NXZ 00407e17 f i libucrt:output.obj
 0001:00006e17       ?type_case_o@?$output_processor@DV?$stream_output_adapter@D@__crt_stdio_output@@V?$standard_base@DV?$stream_output_adapter@D@__crt_stdio_output@@@2@@__crt_stdio_output@@AAE_NXZ 00407e17 f i libucrt:output.obj
 0001:00006e17       ?type_case_o@?$output_processor@_WV?$stream_output_adapter@_W@__crt_stdio_output@@V?$standard_base@_WV?$stream_output_adapter@_W@__crt_stdio_output@@@2@@__crt_stdio_output@@AAE_NXZ 00407e17 f i libucrt:output.obj
 0001:00006e36       ?type_case_p@?$output_processor@_WV?$string_output_adapter@_W@__crt_stdio_output@@V?$standard_base@_WV?$string_output_adapter@_W@__crt_stdio_output@@@2@@__crt_stdio_output@@AAE_NXZ 00407e36 f i libucrt:output.obj
 0001:00006e36       ?type_case_p@?$output_processor@_WV?$stream_output_adapter@_W@__crt_stdio_output@@V?$standard_base@_WV?$stream_output_adapter@_W@__crt_stdio_output@@@2@@__crt_stdio_output@@AAE_NXZ 00407e36 f i libucrt:output.obj
 0001:00006e36       ?type_case_p@?$output_processor@DV?$stream_output_adapter@D@__crt_stdio_output@@V?$standard_base@DV?$stream_output_adapter@D@__crt_stdio_output@@@2@@__crt_stdio_output@@AAE_NXZ 00407e36 f i libucrt:output.obj
 0001:00006e36       ?type_case_p@?$output_processor@DV?$string_output_adapter@D@__crt_stdio_output@@V?$standard_base@DV?$string_output_adapter@D@__crt_stdio_output@@@2@@__crt_stdio_output@@AAE_NXZ 00407e36 f i libucrt:output.obj
 0001:00006e4e       ?type_case_s@?$output_processor@DV?$string_output_adapter@D@__crt_stdio_output@@V?$standard_base@DV?$string_output_adapter@D@__crt_stdio_output@@@2@@__crt_stdio_output@@AAE_NXZ 00407e4e f i libucrt:output.obj
 0001:00006e4e       ?type_case_s@?$output_processor@DV?$stream_output_adapter@D@__crt_stdio_output@@V?$standard_base@DV?$stream_output_adapter@D@__crt_stdio_output@@@2@@__crt_stdio_output@@AAE_NXZ 00407e4e f i libucrt:output.obj
 0001:00006ec1       ?type_case_s@?$output_processor@_WV?$string_output_adapter@_W@__crt_stdio_output@@V?$standard_base@_WV?$string_output_adapter@_W@__crt_stdio_output@@@2@@__crt_stdio_output@@AAE_NXZ 00407ec1 f i libucrt:output.obj
 0001:00006ec1       ?type_case_s@?$output_processor@_WV?$stream_output_adapter@_W@__crt_stdio_output@@V?$standard_base@_WV?$stream_output_adapter@_W@__crt_stdio_output@@@2@@__crt_stdio_output@@AAE_NXZ 00407ec1 f i libucrt:output.obj
 0001:00006f35       ?type_case_s_compute_narrow_string_length@?$output_processor@_WV?$string_output_adapter@_W@__crt_stdio_output@@V?$standard_base@_WV?$string_output_adapter@_W@__crt_stdio_output@@@2@@__crt_stdio_output@@ABEHH_W@Z 00407f35 f i libucrt:output.obj
 0001:00006f35       ?type_case_s_compute_narrow_string_length@?$output_processor@_WV?$stream_output_adapter@_W@__crt_stdio_output@@V?$standard_base@_WV?$stream_output_adapter@_W@__crt_stdio_output@@@2@@__crt_stdio_output@@ABEHH_W@Z 00407f35 f i libucrt:output.obj
 0001:00006f75       ?validate@?$stream_output_adapter@D@__crt_stdio_output@@QBE_NXZ 00407f75 f i libucrt:output.obj
 0001:00006f96       ?validate_stream_is_ansi_if_required@?$__acrt_stdio_char_traits@D@@SA_NQAU_iobuf@@@Z 00407f96 f i libucrt:output.obj
 0001:00007018       ?write_character@?$stream_output_adapter@D@__crt_stdio_output@@QBEXDQAH@Z 00408018 f i libucrt:output.obj
 0001:00007055       ?write_character@?$stream_output_adapter@_W@__crt_stdio_output@@QBEX_WQAH@Z 00408055 f i libucrt:output.obj
 0001:00007095       ?write_character@?$string_output_adapter@D@__crt_stdio_output@@QBE_NDQAH@Z 00408095 f i libucrt:output.obj
 0001:000070d7       ?write_character@?$string_output_adapter@_W@__crt_stdio_output@@QBE_N_WQAH@Z 004080d7 f i libucrt:output.obj
 0001:0000711c       ?write_stored_string_tchar@?$output_processor@DV?$stream_output_adapter@D@__crt_stdio_output@@V?$standard_base@DV?$stream_output_adapter@D@__crt_stdio_output@@@2@@__crt_stdio_output@@AAE_ND@Z 0040811c f i libucrt:output.obj
 0001:000071c3       ?write_stored_string_tchar@?$output_processor@DV?$string_output_adapter@D@__crt_stdio_output@@V?$standard_base@DV?$string_output_adapter@D@__crt_stdio_output@@@2@@__crt_stdio_output@@AAE_ND@Z 004081c3 f i libucrt:output.obj
 0001:0000726a       ?write_stored_string_tchar@?$output_processor@_WV?$stream_output_adapter@_W@__crt_stdio_output@@V?$standard_base@_WV?$stream_output_adapter@_W@__crt_stdio_output@@@2@@__crt_stdio_output@@AAE_N_W@Z 0040826a f i libucrt:output.obj
 0001:000072f5       ?write_stored_string_tchar@?$output_processor@_WV?$string_output_adapter@_W@__crt_stdio_output@@V?$standard_base@_WV?$string_output_adapter@_W@__crt_stdio_output@@@2@@__crt_stdio_output@@AAE_N_W@Z 004082f5 f i libucrt:output.obj
 0001:00007380       ?write_string@?$stream_output_adapter@D@__crt_stdio_output@@QBEXQBDHQAH1@Z 00408380 f i libucrt:output.obj
 0001:0000740a       ?write_string@?$stream_output_adapter@_W@__crt_stdio_output@@QBEXQB_WHQAH1@Z 0040840a f i libucrt:output.obj
 0001:00007497       ?write_string@?$string_output_adapter@D@__crt_stdio_output@@QBEXQBDHQAH1@Z 00408497 f i libucrt:output.obj
 0001:0000752a       ?write_string@?$string_output_adapter@_W@__crt_stdio_output@@QBEXQB_WHQAH1@Z 0040852a f i libucrt:output.obj
 0001:000075c4       ___stdio_common_vfprintf   004085c4 f   libucrt:output.obj
 0001:0000763b       ___stdio_common_vfwprintf  0040863b f   libucrt:output.obj
 0001:000076b2       ___stdio_common_vsprintf   004086b2 f   libucrt:output.obj
 0001:000076d6       ___stdio_common_vswprintf  004086d6 f   libucrt:output.obj
 0001:000077bb       _fopen                     004087bb f   libucrt:fopen.obj
 0001:000077d2       __fclose_nolock            004087d2 f   libucrt:fclose.obj
 0001:00007848       _fclose                    00408848 f   libucrt:fclose.obj
 0001:000078c8       _feof                      004088c8 f   libucrt:feoferr.obj
 0001:000078f3       _ferror                    004088f3 f   libucrt:feoferr.obj
 0001:0000791e       __fread_nolock_s           0040891e f   libucrt:fread.obj
 0001:00007aea       _fread                     00408aea f   libucrt:fread.obj
 0001:00007b07       _fread_s                   00408b07 f   libucrt:fread.obj
 0001:00007b9a       ??$assemble_floating_point_ind@N@__crt_strtox@@YAXAAN@Z 00408b9a f i libucrt:input.obj
 0001:00007bc9       ??$assemble_floating_point_infinity@N@__crt_strtox@@YAX_NAAN@Z 00408bc9 f i libucrt:input.obj
 0001:00007c08       ??$assemble_floating_point_qnan@N@__crt_strtox@@YAX_NAAN@Z 00408c08 f i libucrt:input.obj
 0001:00007c47       ??$assemble_floating_point_snan@N@__crt_strtox@@YAX_NAAN@Z 00408c47 f i libucrt:input.obj
 0001:00007c8b       ??$assemble_floating_point_value_t@M@__crt_strtox@@YA?AW4SLD_STATUS@@_NH_KAAM@Z 00408c8b f i libucrt:input.obj
 0001:00007cbb       ??$assemble_floating_point_value_t@N@__crt_strtox@@YA?AW4SLD_STATUS@@_NH_KAAN@Z 00408cbb f i libucrt:input.obj
 0001:00007d1a       ??$assemble_floating_point_zero@N@__crt_strtox@@YAX_NAAN@Z 00408d1a f i libucrt:input.obj
 0001:00007e18       ??$convert_decimal_string_to_floating_type@M@__crt_strtox@@YA?AW4SLD_STATUS@@ABUfloating_point_string@0@AAM@Z 00408e18 f i libucrt:input.obj
 0001:00007e3b       ??$convert_decimal_string_to_floating_type@N@__crt_strtox@@YA?AW4SLD_STATUS@@ABUfloating_point_string@0@AAN@Z 00408e3b f i libucrt:input.obj
 0001:00007e5e       ??$convert_hexadecimal_string_to_floating_type@M@__crt_strtox@@YA?AW4SLD_STATUS@@ABUfloating_point_string@0@AAM@Z 00408e5e f i libucrt:input.obj
 0001:00007e81       ??$convert_hexadecimal_string_to_floating_type@N@__crt_strtox@@YA?AW4SLD_STATUS@@ABUfloating_point_string@0@AAN@Z 00408e81 f i libucrt:input.obj
 0001:00007ea4       ??$is_overflow_condition@_K@__crt_strtox@@YA_NI_K@Z 00408ea4 f i libucrt:input.obj
 0001:00007ee7       ??$make_input_adapter_character_source@V?$string_input_adapter@D@__crt_stdio_input@@@__crt_strtox@@YA?AV?$input_adapter_character_source@V?$string_input_adapter@D@__crt_stdio_input@@@0@QAV?$string_input_adapter@D@__crt_stdio_input@@_KQA_N@Z 00408ee7 f i libucrt:input.obj
 0001:00007f05       ??$parse_floating_point@V?$input_adapter_character_source@V?$string_input_adapter@D@__crt_stdio_input@@@__crt_strtox@@M@__crt_strtox@@YA?AW4SLD_STATUS@@QAU__crt_locale_pointers@@V?$input_adapter_character_source@V?$string_input_adapter@D@__crt_stdio_input@@@0@QAM@Z 00408f05 f i libucrt:input.obj
 0001:00007f80       ??$parse_floating_point@V?$input_adapter_character_source@V?$string_input_adapter@D@__crt_stdio_input@@@__crt_strtox@@N@__crt_strtox@@YA?AW4SLD_STATUS@@QAU__crt_locale_pointers@@V?$input_adapter_character_source@V?$string_input_adapter@D@__crt_stdio_input@@@0@QAN@Z 00408f80 f i libucrt:input.obj
 0001:00007ffb       ??$parse_floating_point_from_source@V?$input_adapter_character_source@V?$string_input_adapter@D@__crt_stdio_input@@@__crt_strtox@@@__crt_strtox@@YA?AW4floating_point_parse_result@0@QAU__crt_locale_pointers@@AAV?$input_adapter_character_source@V?$string_input_adapter@D@__crt_stdio_input@@@0@AAUfloating_point_string@0@@Z 00408ffb f i libucrt:input.obj
 0001:00008462       ??$parse_floating_point_possible_infinity@DV?$input_adapter_character_source@V?$string_input_adapter@D@__crt_stdio_input@@@__crt_strtox@@_K@__crt_strtox@@YA?AW4floating_point_parse_result@0@AADAAV?$input_adapter_character_source@V?$string_input_adapter@D@__crt_stdio_input@@@0@_K@Z 00409462 f i libucrt:input.obj
 0001:00008523       ??$parse_floating_point_possible_nan@DV?$input_adapter_character_source@V?$string_input_adapter@D@__crt_stdio_input@@@__crt_strtox@@_K@__crt_strtox@@YA?AW4floating_point_parse_result@0@AADAAV?$input_adapter_character_source@V?$string_input_adapter@D@__crt_stdio_input@@@0@_K@Z 00409523 f i libucrt:input.obj
 0001:00008635       ??$parse_floating_point_possible_nan_is_ind@DV?$input_adapter_character_source@V?$string_input_adapter@D@__crt_stdio_input@@@__crt_strtox@@@__crt_strtox@@YA_NAADAAV?$input_adapter_character_source@V?$string_input_adapter@D@__crt_stdio_input@@@0@@Z 00409635 f i libucrt:input.obj
 0001:0000866f       ??$parse_floating_point_possible_nan_is_snan@DV?$input_adapter_character_source@V?$string_input_adapter@D@__crt_stdio_input@@@__crt_strtox@@@__crt_strtox@@YA_NAADAAV?$input_adapter_character_source@V?$string_input_adapter@D@__crt_stdio_input@@@0@@Z 0040966f f i libucrt:input.obj
 0001:000086a9       ??$parse_floating_point_write_result@M@__crt_strtox@@YA?AW4SLD_STATUS@@W4floating_point_parse_result@0@ABUfloating_point_string@0@QAM@Z 004096a9 f i libucrt:input.obj
 0001:000087b9       ??$parse_floating_point_write_result@N@__crt_strtox@@YA?AW4SLD_STATUS@@W4floating_point_parse_result@0@ABUfloating_point_string@0@QAN@Z 004097b9 f i libucrt:input.obj
 0001:000088bd       ??$parse_integer@_KV?$input_adapter_character_source@V?$string_input_adapter@D@__crt_stdio_input@@@__crt_strtox@@@__crt_strtox@@YA_KQAU__crt_locale_pointers@@V?$input_adapter_character_source@V?$string_input_adapter@D@__crt_stdio_input@@@0@H_N@Z 004098bd f i libucrt:input.obj
 0001:00008b6e       ??$process_floating_point_specifier_t@M@?$input_processor@DV?$string_input_adapter@D@__crt_stdio_input@@@__crt_stdio_input@@AAE_NXZ 00409b6e f i libucrt:input.obj
 0001:00008bd6       ??$process_floating_point_specifier_t@N@?$input_processor@DV?$string_input_adapter@D@__crt_stdio_input@@@__crt_stdio_input@@AAE_NXZ 00409bd6 f i libucrt:input.obj
 0001:00008c3e       ??$process_string_specifier_tchar@D@?$input_processor@DV?$string_input_adapter@D@__crt_stdio_input@@@__crt_stdio_input@@AAE_NW4conversion_mode@1@D@Z 00409c3e f i libucrt:input.obj
 0001:00008da0       ??$process_string_specifier_tchar@_W@?$input_processor@DV?$string_input_adapter@D@__crt_stdio_input@@@__crt_stdio_input@@AAE_NW4conversion_mode@1@_W@Z 00409da0 f i libucrt:input.obj
 0001:00008f0c       ??$skip_whitespace@Vstring_input_adapter@__crt_stdio_input@@D@__crt_stdio_input@@YAHAAV?$string_input_adapter@D@0@QAU__crt_locale_pointers@@@Z 00409f0c f i libucrt:input.obj
 0001:00008f3b       ??$write_floating_point@M@?$input_processor@DV?$string_input_adapter@D@__crt_stdio_input@@@__crt_stdio_input@@AAE_NABM@Z 00409f3b f i libucrt:input.obj
 0001:00008f72       ??$write_floating_point@N@?$input_processor@DV?$string_input_adapter@D@__crt_stdio_input@@@__crt_stdio_input@@AAE_NABN@Z 00409f72 f i libucrt:input.obj
 0001:00008faf       ??0?$format_string_parser@D@__crt_stdio_input@@QAE@_KQBE@Z 00409faf f i libucrt:input.obj
 0001:00008ff9       ??0?$input_adapter_character_source@V?$string_input_adapter@D@__crt_stdio_input@@@__crt_strtox@@QAE@QAV?$string_input_adapter@D@__crt_stdio_input@@_KQA_N@Z 00409ff9 f i libucrt:input.obj
 0001:0000902a       ??0?$input_processor@DV?$string_input_adapter@D@__crt_stdio_input@@@__crt_stdio_input@@QAE@ABV?$string_input_adapter@D@1@_KQBDQAU__crt_locale_pointers@@QAD@Z 0040a02a f i libucrt:input.obj
 0001:0000909c       ?advance@?$format_string_parser@D@__crt_stdio_input@@QAE_NXZ 0040a09c f i libucrt:input.obj
 0001:000091bc       ?as_double@floating_point_value@__crt_strtox@@QBEAANXZ 0040a1bc f i libucrt:input.obj
 0001:000091e1       ?as_float@floating_point_value@__crt_strtox@@QBEAAMXZ 0040a1e1 f i libucrt:input.obj
 0001:00009206       ?assemble_floating_point_infinity@__crt_strtox@@YAX_NABVfloating_point_value@1@@Z 0040a206 f i libucrt:input.obj
 0001:00009240       ?assemble_floating_point_value@__crt_strtox@@YA?AW4SLD_STATUS@@_KH_N1ABVfloating_point_value@1@@Z 0040a240 f i libucrt:input.obj
 0001:0000958c       ?assemble_floating_point_value_from_big_integer@__crt_strtox@@YA?AW4SLD_STATUS@@ABUbig_integer@1@I_N1ABVfloating_point_value@1@@Z 0040a58c f i libucrt:input.obj
 0001:0000971a       ?assemble_floating_point_zero@__crt_strtox@@YAX_NABVfloating_point_value@1@@Z 0040a71a f i libucrt:input.obj
 0001:0000974e       ?convert_decimal_string_to_floating_type_common@__crt_strtox@@YA?AW4SLD_STATUS@@ABUfloating_point_string@1@ABVfloating_point_value@1@@Z 0040a74e f i libucrt:input.obj
 0001:0000b511       ?convert_hexadecimal_string_to_floating_type_common@__crt_strtox@@YA?AW4SLD_STATUS@@ABUfloating_point_string@1@ABVfloating_point_value@1@@Z 0040c511 f i libucrt:input.obj
 0001:0000b5bd       ?denormal_mantissa_mask@floating_point_value@__crt_strtox@@QBE_KXZ 0040c5bd f i libucrt:input.obj
 0001:0000b5e0       ?divide@__crt_strtox@@YA_KAAUbig_integer@1@ABU21@@Z 0040c5e0 f i libucrt:input.obj
 0001:0000ba8e       ?get@?$input_adapter_character_source@V?$string_input_adapter@D@__crt_stdio_input@@@__crt_strtox@@QAEDXZ 0040ca8e f i libucrt:input.obj
 0001:0000bac8       ?get@?$string_input_adapter@D@__crt_stdio_input@@QAEHXZ 0040cac8 f i libucrt:input.obj
 0001:0000bade       ?invert@?$scanset_buffer@E@__crt_stdio_input@@QAEXXZ 0040cade f i libucrt:input.obj
 0001:0000bafc       ?is_character_allowed_in_string@?$input_processor@DV?$string_input_adapter@D@__crt_stdio_input@@@__crt_stdio_input@@ABE_NW4conversion_mode@2@H@Z 0040cafc f i libucrt:input.obj
 0001:0000bb42       ?length@?$format_string_parser@D@__crt_stdio_input@@QBEIXZ 0040cb42 f i libucrt:input.obj
 0001:0000bb83       ?normal_mantissa_mask@floating_point_value@__crt_strtox@@QBE_KXZ 0040cb83 f i libucrt:input.obj
 0001:0000bb9a       ?process@?$input_processor@DV?$string_input_adapter@D@__crt_stdio_input@@@__crt_stdio_input@@QAEHXZ 0040cb9a f i libucrt:input.obj
 0001:0000bc1f       ?process_character_count_specifier@?$input_processor@DV?$string_input_adapter@D@__crt_stdio_input@@@__crt_stdio_input@@AAE_NXZ 0040cc1f f i libucrt:input.obj
 0001:0000bc39       ?process_conversion_specifier@?$input_processor@DV?$string_input_adapter@D@__crt_stdio_input@@@__crt_stdio_input@@AAE_NXZ 0040cc39 f i libucrt:input.obj
 0001:0000bcad       ?process_floating_point_specifier@?$input_processor@DV?$string_input_adapter@D@__crt_stdio_input@@@__crt_stdio_input@@AAE_NXZ 0040ccad f i libucrt:input.obj
 0001:0000bcdd       ?process_integer_specifier@?$input_processor@DV?$string_input_adapter@D@__crt_stdio_input@@@__crt_stdio_input@@AAE_NI_N@Z 0040ccdd f i libucrt:input.obj
 0001:0000bd43       ?process_literal_character@?$input_processor@DV?$string_input_adapter@D@__crt_stdio_input@@@__crt_stdio_input@@AAE_NXZ 0040cd43 f i libucrt:input.obj
 0001:0000bd79       ?process_literal_character_tchar@?$input_processor@DV?$string_input_adapter@D@__crt_stdio_input@@@__crt_stdio_input@@AAE_ND@Z 0040cd79 f i libucrt:input.obj
 0001:0000bdcf       ?process_state@?$input_processor@DV?$string_input_adapter@D@__crt_stdio_input@@@__crt_stdio_input@@AAE_NXZ 0040cdcf f i libucrt:input.obj
 0001:0000be05       ?process_string_specifier@?$input_processor@DV?$string_input_adapter@D@__crt_stdio_input@@@__crt_stdio_input@@AAE_NW4conversion_mode@2@@Z 0040ce05 f i libucrt:input.obj
 0001:0000be4d       ?process_whitespace@?$input_processor@DV?$string_input_adapter@D@__crt_stdio_input@@@__crt_stdio_input@@AAE_NXZ 0040ce4d f i libucrt:input.obj
 0001:0000be6a       ?restore_state@?$input_adapter_character_source@V?$string_input_adapter@D@__crt_stdio_input@@@__crt_strtox@@QAE_N_K@Z 0040ce6a f i libucrt:input.obj
 0001:0000be8f       ?scan_conversion_specifier@?$format_string_parser@D@__crt_stdio_input@@AAE_NXZ 0040ce8f f i libucrt:input.obj
 0001:0000bffa       ?scan_optional_field_width@?$format_string_parser@D@__crt_stdio_input@@AAE_NXZ 0040cffa f i libucrt:input.obj
 0001:0000c099       ?scan_optional_length_modifier@?$format_string_parser@D@__crt_stdio_input@@AAEXXZ 0040d099 f i libucrt:input.obj
 0001:0000c1b9       ?scan_optional_literal_character_trail_bytes_tchar@?$format_string_parser@D@__crt_stdio_input@@AAE_ND@Z 0040d1b9 f i libucrt:input.obj
 0001:0000c20e       ?scan_optional_wide_modifier@?$format_string_parser@D@__crt_stdio_input@@AAEXXZ 0040d20e f i libucrt:input.obj
 0001:0000c22c       ?scan_scanset_range@?$format_string_parser@D@__crt_stdio_input@@AAE_NXZ 0040d22c f i libucrt:input.obj
 0001:0000c333       ?set@?$scanset_buffer@E@__crt_stdio_input@@QAEXE@Z 0040d333 f i libucrt:input.obj
 0001:0000c35e       ?set_wide_for_c_s_or_scanset@?$format_string_parser@D@__crt_stdio_input@@AAEXXZ 0040d35e f i libucrt:input.obj
 0001:0000c37e       ?test@?$scanset_buffer@E@__crt_stdio_input@@QBE_NE@Z 0040d37e f i libucrt:input.obj
 0001:0000c3af       ?to_floating_point_length@__crt_stdio_input@@YAIW4length_modifier@1@@Z 0040d3af f i libucrt:input.obj
 0001:0000c3d2       ?to_integer_length@__crt_stdio_input@@YAIW4length_modifier@1@@Z 0040d3d2 f i libucrt:input.obj
 0001:0000c42a       ?unget@?$input_adapter_character_source@V?$string_input_adapter@D@__crt_stdio_input@@@__crt_strtox@@QAEXD@Z 0040d42a f i libucrt:input.obj
 0001:0000c46b       ?unget@?$string_input_adapter@D@__crt_stdio_input@@QAEXH@Z 0040d46b f i libucrt:input.obj
 0001:0000c48a       ?validate@?$format_string_parser@D@__crt_stdio_input@@QBE_NXZ 0040d48a f i libucrt:input.obj
 0001:0000c4a6       ?validate@?$input_adapter_character_source@V?$string_input_adapter@D@__crt_stdio_input@@@__crt_strtox@@QBE_NXZ 0040d4a6 f i libucrt:input.obj
 0001:0000c4c7       ?validate@?$string_input_adapter@D@__crt_stdio_input@@QAE_NXZ 0040d4c7 f i libucrt:input.obj
 0001:0000c4e9       ?write_character@?$input_processor@DV?$string_input_adapter@D@__crt_stdio_input@@@__crt_stdio_input@@AAE_NQA_WIAAPA_WAAID@Z 0040d4e9 f i libucrt:input.obj
 0001:0000c55a       ?write_integer@?$input_processor@DV?$string_input_adapter@D@__crt_stdio_input@@@__crt_stdio_input@@AAE_N_K_N@Z 0040d55a f i libucrt:input.obj
 0001:0000c5d1       ___stdio_common_vsscanf    0040d5d1 f   libucrt:input.obj
 0001:0000c5f5       __chvalidchk_l             0040d5f5 f i libucrt:input.obj
 0001:0000c61f       __ischartype_l             0040d61f f i libucrt:input.obj
 0001:0000c652       _strtok                    0040d652 f   libucrt:strtok.obj
 0001:0000c735       _fgets                     0040d735 f   libucrt:fgets.obj
 0001:0000ca0e       __tolower_l                0040da0e f   libucrt:tolower_toupper.obj
 0001:0000ca28       __toupper_l                0040da28 f   libucrt:tolower_toupper.obj
 0001:0000ca42       _tolower                   0040da42 f   libucrt:tolower_toupper.obj
 0001:0000ca72       _toupper                   0040da72 f   libucrt:tolower_toupper.obj
 0001:0000caa2       ??$?RV<lambda_11b4f7b0d3157825a5656a18eba1ae27>@@AAV<lambda_b51c0495177f500e782686251704ae76>@@V<lambda_cf89b47920b5017557bfe891e78aca36>@@@?$__crt_seh_guarded_call@I@@QAEI$$QAV<lambda_11b4f7b0d3157825a5656a18eba1ae27>@@AAV<lambda_b51c0495177f500e782686251704ae76>@@$$QAV<lambda_cf89b47920b5017557bfe891e78aca36>@@@Z 0040daa2 f i libucrt:fwrite.obj
 0001:0000caf3       ??$__acrt_lock_stream_and_call@V<lambda_b51c0495177f500e782686251704ae76>@@@@YAIQAU_iobuf@@$$QAV<lambda_b51c0495177f500e782686251704ae76>@@@Z 0040daf3 f i libucrt:fwrite.obj
 0001:0000cb61       __fwrite_nolock            0040db61 f   libucrt:fwrite.obj
 0001:0000ccda       _fwrite                    0040dcda f   libucrt:fwrite.obj
 0001:0000cd32       ??$is_overflow_condition@K@__crt_strtox@@YA_NIK@Z 0040dd32 f i libucrt:atox.obj
 0001:0000cd65       ??$parse_integer@KV?$c_string_character_source@D@__crt_strtox@@@__crt_strtox@@YAKQAU__crt_locale_pointers@@V?$c_string_character_source@D@0@H_N@Z 0040dd65 f i libucrt:atox.obj
 0001:0000cf8d       ??$parse_integer@KV?$c_string_character_source@_W@__crt_strtox@@@__crt_strtox@@YAKQAU__crt_locale_pointers@@V?$c_string_character_source@_W@0@H_N@Z 0040df8d f i libucrt:atox.obj
 0001:0000d672       ??$parse_integer@_KV?$c_string_character_source@D@__crt_strtox@@@__crt_strtox@@YA_KQAU__crt_locale_pointers@@V?$c_string_character_source@D@0@H_N@Z 0040e672 f i libucrt:atox.obj
 0001:0000d918       ?unget@?$c_string_character_source@D@__crt_strtox@@QAEXD@Z 0040e918 f i libucrt:atox.obj
 0001:0000d940       ?unget@?$c_string_character_source@_W@__crt_strtox@@QAEX_W@Z 0040e940 f i libucrt:atox.obj
 0001:0000d96c       ?validate@?$c_string_character_source@D@__crt_strtox@@QBE_NXZ 0040e96c f i libucrt:atox.obj
 0001:0000d96c       ?validate@?$stream_output_adapter@_W@__crt_stdio_output@@QBE_NXZ 0040e96c f i libucrt:output.obj
 0001:0000d96c       ?validate@?$c_string_character_source@_W@__crt_strtox@@QBE_NXZ 0040e96c f i libucrt:atox.obj
 0001:0000d96c       ?validate@?$string_output_adapter@D@__crt_stdio_output@@QBE_NXZ 0040e96c f i libucrt:output.obj
 0001:0000d96c       ?validate@?$string_output_adapter@_W@__crt_stdio_output@@QBE_NXZ 0040e96c f i libucrt:output.obj
 0001:0000d987       _atol                      0040e987 f   libucrt:atox.obj
 0001:0000d987       _atoi                      0040e987 f   libucrt:atox.obj
 0001:0000d9b1       _malloc                    0040e9b1 f   libucrt:malloc.obj
 0001:0000d9bc       _rand                      0040e9bc f   libucrt:rand.obj
 0001:0000d9dd       ??$make_c_string_character_source@DPAPAD@__crt_strtox@@YA?AV?$c_string_character_source@D@0@QBDQAPAD@Z 0040e9dd f i libucrt:strtox.obj
 0001:0000d9dd       ??$make_c_string_character_source@D$$T@__crt_strtox@@YA?AV?$c_string_character_source@D@0@QBD$$T@Z 0040e9dd f i libucrt:atox.obj
 0001:0000d9dd       ??$make_c_string_character_source@_WPAPA_W@__crt_strtox@@YA?AV?$c_string_character_source@_W@0@QB_WQAPA_W@Z 0040e9dd f i libucrt:strtox.obj
 0001:0000d9f8       _strtol                    0040e9f8 f   libucrt:strtox.obj
 0001:0000da24       _strtoull                  0040ea24 f   libucrt:strtox.obj
 0001:0000da50       _wcstol                    0040ea50 f   libucrt:strtox.obj
 0001:0000da7c       ___acrt_stdio_flush_nolock 0040ea7c f   libucrt:fflush.obj
 0001:0000dae2       __fflush_nolock            0040eae2 f   libucrt:fflush.obj
 0001:0000db29       __flushall                 0040eb29 f   libucrt:fflush.obj
 0001:0000dc0a       _fflush                    0040ec0a f   libucrt:fflush.obj
 0001:0000e058       ??$loctotime@AAGAAGAAGAAGAAGAAGH@?$__crt_integer_traits@_J@@SA_JAAG00000$$QAH@Z 0040f058 f i libucrt:stat.obj
 0001:0000e44e       __stat64i32                0040f44e f   libucrt:stat.obj
 0001:0000e52d       ??Rthread_parameter_free_policy@?A0xe57bf005@@QAEXQAU__acrt_thread_parameter@@@Z 0040f52d f i libucrt:thread.obj
 0001:0000e604       __beginthread              0040f604 f   libucrt:thread.obj
 0001:0000e690       __endthread                0040f690 f   libucrt:thread.obj
 0001:0000e698       __endthreadex              0040f698 f   libucrt:thread.obj
 0001:0000e6a6       __strdup                   0040f6a6 f   libucrt:strdup.obj
 0001:0000e6a6       _strdup                    0040f6a6 f   libucrt:strdup.obj
 0001:0000e6fc       _free                      0040f6fc f   libucrt:free.obj
 0001:0000e701       ___acrt_call_reportfault   0040f701 f   libucrt:invalid_parameter.obj
 0001:0000e83c       ___acrt_initialize_invalid_parameter_handler 0040f83c f   libucrt:invalid_parameter.obj
 0001:0000e850       __invalid_parameter        0040f850 f   libucrt:invalid_parameter.obj
 0001:0000e8cb       __invalid_parameter_noinfo 0040f8cb f   libucrt:invalid_parameter.obj
 0001:0000e8db       __invalid_parameter_noinfo_noreturn 0040f8db f   libucrt:invalid_parameter.obj
 0001:0000e8f8       __invoke_watson            0040f8f8 f   libucrt:invalid_parameter.obj
 0001:0000e930       _strncpy                   0040f930 f   libucrt:strncpy.obj
 0001:0000ec2b       ___acrt_initialize_thread_local_exit_callback 0040fc2b f   libucrt:exit.obj
 0001:0000ec3a       __c_exit                   0040fc3a f   libucrt:exit.obj
 0001:0000ec49       __cexit                    0040fc49 f   libucrt:exit.obj
 0001:0000ec58       __exit                     0040fc58 f   libucrt:exit.obj
 0001:0000ec6e       __register_thread_local_exe_atexit_callback 0040fc6e f   libucrt:exit.obj
 0001:0000eca6       _exit                      0040fca6 f   libucrt:exit.obj
 0001:0000f208       __ftelli64_nolock          00410208 f   libucrt:ftell.obj
 0001:0000f213       _ftell                     00410213 f   libucrt:ftell.obj
 0001:0000f882       ??$ftprintf@PAU_iobuf@@PB_WABQB_WABQB_WABI@?$__crt_char_traits@_W@@SAH$$QAPAU_iobuf@@$$QAPB_WABQB_W2ABI@Z 00410882 f i libucrt:assert.obj
 0001:0000f961       __vfwprintf_l              00410961 f i libucrt:assert.obj
 0001:0000f986       __vswprintf_c_l            00410986 f i libucrt:assert.obj
 0001:0000f9b5       __wassert                  004109b5 f   libucrt:assert.obj
 0001:0000f9fd       _fwprintf                  004109fd f i libucrt:assert.obj
 0001:0000fa18       _swprintf                  00410a18 f i libucrt:assert.obj
 0001:0000fa36       ?LongLongSub@@YAJ_J0PA_J@Z 00410a36 f i libucrt:fseek.obj
 0001:0000fcf0       _fseek                     00410cf0 f   libucrt:fseek.obj
 0001:0000fd0b       ??$?RV<lambda_a048d3beccc847880fc8490e18b82769>@@AAV<lambda_ec61778202f4f5fc7e7711acc23c3bca>@@V<lambda_f7496a158712204296dd6628a163878e>@@@?$__crt_seh_guarded_call@P6AXH@Z@@QAEP6AXH@Z$$QAV<lambda_a048d3beccc847880fc8490e18b82769>@@AAV<lambda_ec61778202f4f5fc7e7711acc23c3bca>@@$$QAV<lambda_f7496a158712204296dd6628a163878e>@@@Z 00410d0b f i libucrt:signal.obj
 0001:0000fd65       ??$__acrt_lock_and_call@V<lambda_ec61778202f4f5fc7e7711acc23c3bca>@@@@YAP6AXH@ZW4__acrt_lock_id@@$$QAV<lambda_ec61778202f4f5fc7e7711acc23c3bca>@@@Z 00410d65 f i libucrt:signal.obj
 0001:0000fed6       ___acrt_get_sigabrt_handler 00410ed6 f   libucrt:signal.obj
 0001:0000feed       ___acrt_initialize_signal_handlers 00410eed f   libucrt:signal.obj
 0001:0000ff28       ___fpecode                 00410f28 f   libucrt:signal.obj
 0001:0000ff31       _raise                     00410f31 f   libucrt:signal.obj
 0001:00010139       _signal                    00411139 f   libucrt:signal.obj
 0001:000102eb       _calloc                    004112eb f   libucrt:calloc.obj
 0001:000102f6       _realloc                   004112f6 f   libucrt:realloc.obj
 0001:00010301       _rename                    00411301 f   libucrt:rename.obj
 0001:000103c7       _roundf                    004113c7 f   libucrt:roundf.obj
 0001:00010419       _fmaxf                     00411419 f   libucrt:fmaxf.obj
 0001:00010475       _fminf                     00411475 f   libucrt:fminf.obj
 0001:000104d1       __Strftime_l               004114d1 f   libucrt:strftime.obj
 0001:00010600       _strftime                  00411600 f   libucrt:strftime.obj
 0001:0001069e       __time64                   0041169e f   libucrt:time.obj
 0001:0001096a       __localtime64              0041196a f   libucrt:localtime.obj
 0001:00010991       ?initialize@?$dual_state_global@P6AXPB_W00II@Z@__crt_state_management@@QAEXQ6AXPB_W00II@Z@Z 00411991 f i libucrt:invalid_parameter.obj
 0001:00010991       ?initialize@?$dual_state_global@P6AHI@Z@__crt_state_management@@QAEXQ6AHI@Z@Z 00411991 f i libucrt:new_handler.obj
 0001:00010991       ?initialize@?$dual_state_global@PAU__crt_locale_data@@@__crt_state_management@@QAEXQAU__crt_locale_data@@@Z 00411991 f i libucrt:initialization.obj
 0001:00010991       ?initialize@?$dual_state_global@P6AHPAU_exception@@@Z@__crt_state_management@@QAEXQ6AHPAU_exception@@@Z@Z 00411991 f i libucrt:matherr.obj
 0001:00010991       ?initialize@?$dual_state_global@H@__crt_state_management@@QAEXH@Z 00411991 f i libucrt:timeset.obj
 0001:00010991       ?initialize@?$dual_state_global@P6AXH@Z@__crt_state_management@@QAEXQ6AXH@Z@Z 00411991 f i libucrt:signal.obj
 0001:00010991       ?initialize@?$dual_state_global@J@__crt_state_management@@QAEXJ@Z 00411991 f i libucrt:timeset.obj
 0001:00010991       ?initialize@?$dual_state_global@PAPAD@__crt_state_management@@QAEXQAPAD@Z 00411991 f i libucrt:environment_initialization.obj
 0001:000109c2       ___acrt_initialize_new_handler 004119c2 f   libucrt:new_handler.obj
 0001:000109d6       __callnewh                 004119d6 f   libucrt:new_handler.obj
 0001:00010a1a       __query_new_handler        00411a1a f   libucrt:new_handler.obj
 0001:00010a6c       __seh_filter_exe           00411a6c f   libucrt:exception_filter.obj
 0001:00010bdf       __query_app_type           00411bdf f   libucrt:report_runtime_error.obj
 0001:00010be5       __set_app_type             00411be5 f   libucrt:report_runtime_error.obj
 0001:00010bf4       ??$__crt_fast_encode_pointer@P6AHPAU_exception@@@Z@@YAP6AHPAU_exception@@@ZQ6AH0@Z@Z 00411bf4 f i libucrt:matherr.obj
 0001:00010bf4       ??$__crt_fast_encode_pointer@P6AXH@Z@@YAP6AXH@ZQ6AXH@Z@Z 00411bf4 f i libucrt:signal.obj
 0001:00010bf4       ??$__crt_fast_encode_pointer@P6GXPAXK0@Z@@YAP6GXPAXK0@ZQ6GX0K0@Z@Z 00411bf4 f i libucrt:exit.obj
 0001:00010bf4       ??$__crt_fast_encode_pointer@P6AHXZ@@YAP6AHXZQ6AHXZ@Z 00411bf4 f i libucrt:onexit.obj
 0001:00010c13       ___acrt_has_user_matherr   00411c13 f   libucrt:matherr.obj
 0001:00010c2c       ___acrt_initialize_user_matherr 00411c2c f   libucrt:matherr.obj
 0001:00010c40       ___acrt_invoke_user_matherr 00411c40 f   libucrt:matherr.obj
 0001:00010c89       ___setusermatherr          00411c89 f   libucrt:matherr.obj
 0001:00010f37       ___acrt_allocate_buffer_for_argv 00411f37 f   libucrt:argv_parsing.obj
 0001:00010f8c       __configure_narrow_argv    00411f8c f   libucrt:argv_parsing.obj
 0001:0001119e       ??$uninitialize@A6AXAAPAPA_W@Z@?$dual_state_global@PAPA_W@__crt_state_management@@QAEXA6AXAAPAPA_W@Z@Z 0041219e f i libucrt:environment_initialization.obj
 0001:0001119e       ??$uninitialize@A6AXAAPAPAD@Z@?$dual_state_global@PAPAD@__crt_state_management@@QAEXA6AXAAPAPAD@Z@Z 0041219e f i libucrt:environment_initialization.obj
 0001:00011214       ___dcrt_get_or_create_narrow_environment_nolock 00412214 f   libucrt:environment_initialization.obj
 0001:00011219       ___dcrt_uninitialize_environments_nolock 00412219 f   libucrt:environment_initialization.obj
 0001:00011250       __initialize_narrow_environment 00412250 f   libucrt:environment_initialization.obj
 0001:00011255       __get_narrow_winmain_command_line 00412255 f   libucrt:argv_winmain.obj
 0001:000112a8       __initterm                 004122a8 f   libucrt:initterm.obj
 0001:00011304       __initterm_e               00412304 f   libucrt:initterm.obj
 0001:00011349       __get_fmode                00412349 f   libucrt:setmode.obj
 0001:00011375       __set_fmode                00412375 f   libucrt:setmode.obj
 0001:000113b2       __setmode_nolock           004123b2 f   libucrt:setmode.obj
 0001:00011483       ___acrt_set_locale_changed 00412483 f   libucrt:wsetlocale.obj
 0001:0001148e       ___acrt_uninitialize_locale 0041248e f   libucrt:wsetlocale.obj
 0001:000114e0       __configthreadlocale       004124e0 f   libucrt:wsetlocale.obj
 0001:00011542       __query_new_mode           00412542 f   libucrt:new_mode.obj
 0001:00011548       __set_new_mode             00412548 f   libucrt:new_mode.obj
 0001:00011577       ___p__commode              00412577 f   libucrt:ncommode.obj
 0001:0001157d       ??$?RV<lambda_800076c951b434888f4765a74a194fcc>@@AAV<lambda_4e60a939b0d047cfe11ddc22648dfba9>@@V<lambda_6dbb1268764f43b569ce7b67e331d33a>@@@?$__crt_seh_guarded_call@H@@QAEH$$QAV<lambda_800076c951b434888f4765a74a194fcc>@@AAV<lambda_4e60a939b0d047cfe11ddc22648dfba9>@@$$QAV<lambda_6dbb1268764f43b569ce7b67e331d33a>@@@Z 0041257d f i libucrt:onexit.obj
 0001:000115ce       ??$?RV<lambda_995298e7d72eb4c2aab26c0585b3abe5>@@AAV<lambda_275893d493268fdec8709772e3fcec0e>@@V<lambda_293819299cbf9a7022e18b56a874bb5c>@@@?$__crt_seh_guarded_call@H@@QAEH$$QAV<lambda_995298e7d72eb4c2aab26c0585b3abe5>@@AAV<lambda_275893d493268fdec8709772e3fcec0e>@@$$QAV<lambda_293819299cbf9a7022e18b56a874bb5c>@@@Z 004125ce f i libucrt:onexit.obj
 0001:0001161f       ??$__acrt_lock_and_call@V<lambda_275893d493268fdec8709772e3fcec0e>@@@@YAHW4__acrt_lock_id@@$$QAV<lambda_275893d493268fdec8709772e3fcec0e>@@@Z 0041261f f i libucrt:onexit.obj
 0001:00011647       ??$__acrt_lock_and_call@V<lambda_4e60a939b0d047cfe11ddc22648dfba9>@@@@YAHW4__acrt_lock_id@@$$QAV<lambda_4e60a939b0d047cfe11ddc22648dfba9>@@@Z 00412647 f i libucrt:onexit.obj
 0001:000118d0       __crt_atexit               004128d0 f   libucrt:onexit.obj
 0001:000118e6       __execute_onexit_table     004128e6 f   libucrt:onexit.obj
 0001:00011903       __initialize_onexit_table  00412903 f   libucrt:onexit.obj
 0001:00011940       __register_onexit_function 00412940 f   libucrt:onexit.obj
 0001:00011990       __should_initialize_environment 00412990 f   LIBCMT:env_mode.obj
 0001:00011990       ___acrt_uninitialize_command_line 00412990 f   libucrt:argv_data.obj
 0001:00011a58       ___acrt_initialize         00412a58 f   libucrt:initialization.obj
 0001:00011a6a       ___acrt_uninitialize       00412a6a f   libucrt:initialization.obj
 0001:00011a7c       __controlfp_s              00412a7c f   libucrt:contrlfp.obj
 0001:00011adb       _terminate                 00412adb f   libucrt:terminate.obj
 0001:00011b17       ___ascii_stricmp           00412b17 f   libucrt:stricmp.obj
 0001:00011b52       __stricmp                  00412b52 f   libucrt:stricmp.obj
 0001:00011b52       _stricmp                   00412b52 f   libucrt:stricmp.obj
 0001:00011b9a       __stricmp_l                00412b9a f   libucrt:stricmp.obj
 0001:00011c34       __strnicmp                 00412c34 f   libucrt:strnicmp.obj
 0001:00011c34       _strnicmp                  00412c34 f   libucrt:strnicmp.obj
 0001:00011ca0       __strnicmp_l               00412ca0 f   libucrt:strnicmp.obj
 0001:000123e1       __open                     004133e1 f   libucrt:open.obj
 0001:000123e1       _open                      004133e1 f   libucrt:open.obj
 0001:000123f9       __sopen_nolock             004133f9 f   libucrt:open.obj
[...]
 0002:0001ab58       __sehtable$__isindst       0048fb58     libucrt:tzset.obj
 0002:0001ab78       __sehtable$___tzset        0048fb78     libucrt:tzset.obj
 0002:0001ab98       __sehtable$___acrt_update_thread_multibyte_data 0048fb98     libucrt:mbctype.obj
 0002:0001abb8       __sehtable$??$?RV<lambda_978dc153c237d78434369da87b74ff60>@@AAV<lambda_ad1ced32f4ac17aa236e5ef05d6b3b7c>@@V<lambda_4a8533e2866a575feecb8298ce776b0d>@@@?$__crt_seh_guarded_call@X@@QAEX$$QAV<lambda_978dc153c237d78434369da87b74ff60>@@AAV<lambda_ad1ced32f4ac17aa236e5ef05d6b3b7c>@@$$QAV<lambda_4a8533e2866a575feecb8298ce776b0d>@@@Z 0048fbb8     libucrt:mbctype.obj
 0002:0001abd8       __sehtable$___acrt_update_thread_locale_data 0048fbd8     libucrt:locale_refcounting.obj
 0002:0001abf8       __sehtable$__fcloseall     0048fbf8     libucrt:closeall.obj
 0002:0001ac18       __sehtable$??$common_getenv_s@D@@YAHQAIQADIQBD@Z 0048fc18     libucrt:getenv.obj
 0002:0001ac38       __sehtable$___set_fpsr_sse2 0048fc38     libucrt:fpctrl.obj
 0002:0001ac58       __sehtable$__IsNonwritableInCurrentImage 0048fc58     LIBCMT:pesect.obj
 0002:0001ac74       __ehfuncinfo$?FindMatchingFiles@@YA_NPBDPAV?$vector@V?$basic_string@DU?$char_traits@D@std@@V?$allocator@D@2@@std@@V?$allocator@V?$basic_string@DU?$char_traits@D@std@@V?$allocator@D@2@@std@@@2@@std@@@Z 0048fc74     files.obj
 0002:0001ac98       __unwindtable$?FindMatchingFiles@@YA_NPBDPAV?$vector@V?$basic_string@DU?$char_traits@D@std@@V?$allocator@D@2@@std@@V?$allocator@V?$basic_string@DU?$char_traits@D@std@@V?$allocator@D@2@@std@@@2@@std@@@Z 0048fc98     files.obj
 0002:0001aca8       __ehfuncinfo$?LoadBof@@YAXXZ 0048fca8     loadkod.obj
 0002:0001accc       __unwindtable$?LoadBof@@YAXXZ 0048fccc     loadkod.obj
 0002:0001acdc       __ehfuncinfo$?LoadRsc@@YAXXZ 0048fcdc     loadrsc.obj
 0002:0001ad00       __unwindtable$?LoadRsc@@YAXXZ 0048fd00     loadrsc.obj
 0002:0001ad10       __ehfuncinfo$?BSPLoadRoom@@YA_NPADPAUroom_type@@@Z 0048fd10     roofile.obj
 0002:0001ad34       __unwindtable$?BSPLoadRoom@@YA_NPADPAUroom_type@@@Z 0048fd34     roofile.obj
 0002:0001b110       .idata$6                   00490110     gdi32:GDI32.dll
 0002:0001b402       .idata$6                   00490402     user32:USER32.dll
 0002:0001b40e       .idata$6                   0049040e     wsock32:WSOCK32.dll
 0002:0001b428       .idata$6                   00490428     winmm:WINMM.dll
 0002:0001b432       .idata$6                   00490432     comctl32:COMCTL32.dll
 0002:0001b508       .idata$6                   00490508     libmysql:LIBMYSQL.dll
 0002:0001b52e       .idata$6                   0049052e     ws2_32:WS2_32.dll
 0002:0001b7cc       .idata$6                   004907cc     kernel32:KERNEL32.dll
 0003:00000020       ?__vcrt_flsindex@@3KA      00491020     libvcruntime:per_thread_data.obj
 0003:00000144       _errno_no_memory           00491144     libucrt:errno.obj
 0003:00000148       _doserrno_no_memory        00491148     libucrt:errno.obj
 0003:0000014c       ___acrt_flsindex           0049114c     libucrt:per_thread_data.obj
 0003:000002f8       _tzstd_program             004912f8     libucrt:timeset.obj
 0003:00000338       _tzdst_program             00491338     libucrt:timeset.obj
 0003:00000378       _tzname_states             00491378     libucrt:timeset.obj
 0003:00000380       _dststart                  00491380     libucrt:tzset.obj
 0003:0000038c       _dstend                    0049138c     libucrt:tzset.obj
 0003:00000398       ___rgctypeflag             00491398     libucrt:mbctype.obj
 0003:000003a0       ___rgcode_page_info        004913a0     libucrt:mbctype.obj
 0003:00000920       ?__DAZ_ENABLED@?1??__set_fpsr_sse2@@9@9 00491920     libucrt:fpctrl.obj
 0003:00000940       ?PADDING@@3PAEA            00491940     md5.obj
 0003:00001444       ?highestAccount@@3HA       00492444     loadacco.obj
 0003:00001d44       ?magic_num@@3PADA          00492d44     saversc.obj
 0003:00006c80       _GS_ExceptionRecord        00497c80     LIBCMT:gs_report.obj
 0003:00006cd0       _GS_ContextRecord          00497cd0     LIBCMT:gs_report.obj
 0003:00006fa4       ?module_local_atexit_table@@3U_onexit_table_t@@A 00497fa4     LIBCMT:utility.obj
 0003:00006fb0       ?module_local_at_quick_exit_table@@3U_onexit_table_t@@A 00497fb0     LIBCMT:utility.obj
 0003:00006fbc       ?is_initialized_as_dll@@3_NA 00497fbc     LIBCMT:utility.obj
 0003:00006fd8       ?__vcrt_startup_thread_ptd@@3U__vcrt_ptd@@A 00497fd8     libvcruntime:per_thread_data.obj
 0003:00007000       ___vcrt_lock_table         00498000     libvcruntime:locks.obj
 0003:00007018       ___vcrt_locks_initialized  00498018     libvcruntime:locks.obj
 0003:0000701c       ?module_handles@@3PAPAUHINSTANCE__@@A 0049801c     libvcruntime:winapi_downlevel.obj
 0003:0000702c       ?encoded_function_pointers@@3PAPAXA 0049802c     libvcruntime:winapi_downlevel.obj
 0003:0000707c       ?heap@@3V_HeapManager@@A   0049807c     libvcruntime:undname.obj
 0003:00007090       ___acrt_invalid_parameter_handler 00498090     libucrt:invalid_parameter.obj
 0003:00007094       _c_termination_complete    00498094     libucrt:exit.obj
 0003:00007098       _thread_local_exit_callback_func 00498098     libucrt:exit.obj
 0003:0000709c       ?c_exit_complete@?5??common_exit@@YAXHW4_crt_exit_cleanup_mode@@W4_crt_exit_return_mode@@@Z@4_NA 0049809c     libucrt:exit.obj
 0003:0000709d       _console_ctrl_handler_installed 0049809d     libucrt:signal.obj
 0003:000070a0       _ctrlc_action              004980a0     libucrt:signal.obj
 0003:000070a4       _ctrlbreak_action          004980a4     libucrt:signal.obj
 0003:000070a8       _abort_action              004980a8     libucrt:signal.obj
 0003:000070ac       _term_action               004980ac     libucrt:signal.obj
 0003:000070b0       ___acrt_new_handler        004980b0     libucrt:new_handler.obj
 0003:000070b4       ___acrt_app_type           004980b4     libucrt:report_runtime_error.obj
 0003:000070b8       _user_matherr              004980b8     libucrt:matherr.obj
 0003:000070c0       ?program_name@?5???$common_configure_argv@D@@YAHW4_crt_argv_mode@@@Z@4PADA 004980c0     libucrt:argv_parsing.obj
 0003:000071d8       ?empty_string@?1???$common_wincmdln@D@@YAPADXZ@4PADA 004981d8     libucrt:argv_winmain.obj
 0003:000071e0       ___acrt_global_new_mode    004981e0     libucrt:new_mode.obj
 0003:0000720c       _enable_percent_n          0049820c     libucrt:printf_count_output.obj
 0003:00007428       ___acrt_lock_table         00498428     libucrt:locks.obj
 0003:00007560       ___acrt_locks_initialized  00498560     libucrt:locks.obj
 0003:00007568       _module_handles            00498568     libucrt:winapi_thunks.obj
 0003:000075b8       _encoded_function_pointers 004985b8     libucrt:winapi_thunks.obj
 0003:00007638       ?state_cache@?1??__acrt_is_packaged_app@@9@4JA 00498638     libucrt:winapi_thunks.obj
 0003:0000763c       ___acrt_error_mode         0049863c     libucrt:set_error_mode.obj
 0003:0000764c       __tzname                   0049864c     libucrt:timeset.obj
 0003:00007650       _last_tz                   00498650     libucrt:tzset.obj
 0003:00007658       _tz_api_used               00498658     libucrt:tzset.obj
 0003:00007660       _tz_info                   00498660     libucrt:tzset.obj
 0003:0000770c       ?first_time@?1??__tzset@@9@4JA 0049870c     libucrt:tzset.obj
 0003:00007728       _fSystemSet                00498728     libucrt:mbctype.obj
 0003:0000772c       ?initialized@?1??__acrt_initialize_multibyte@@9@4_NA 0049872c     libucrt:mbctype.obj
 0003:00007760       __pmatherr_set             00498760     libucrt:libm_error.obj
 0003:000077b8       ?block_head@@3PAUblock_node_struct@@A 004987b8     block.obj
 0003:00016da0       ?_redbookid@@3HA           004a7da0     game.obj
 0003:00016da4       ?_redbookstring@@3PADA     004a7da4     game.obj
 0003:00056f6a       ?in_main_loop@@3DA         004e7f6a     timer.obj
 0003:00385094       ?numActiveTimers@@3HA      00816094     timer.obj
 0003:003850ac       ?used_guest_accounts@@3HA  008160ac     account.obj
 0003:003850b0       ?show_messages_time@@3NA   008160b0     adminfn.obj
 0003:003850b8       ?admin_show_references_value@@3Tval_type@@A 008160b8     adminfn.obj
 0003:003850bc       ?blist@@3PAUbuffer_struct@@A 008160bc     adminfn.obj
 0003:003850c0       ?admin_show_references_current_prop@@3PBDB 008160c0     adminfn.obj
 0003:003850c4       ?admin_show_references_current_object@@3HA 008160c4     adminfn.obj
 0003:003850c8       ?say_admin_text@@3PADA     008160c8     adminfn.obj
 0003:003850cc       ?admin_user_is_logged_in@@3DA 008160cc     adminfn.obj
 0003:003850d0       ?show_messages_message_id@@3HA 008160d0     adminfn.obj
 0003:003850d4       ?admin_show_references_data_str@@3PBDB 008160d4     adminfn.obj
 0003:003850d8       ?admin_show_references_current_class@@3PAUclass_struct@@A 008160d8     adminfn.obj
 0003:003850dc       ?show_messages_total_count@@3HA 008160dc     adminfn.obj
 0003:003850e0       ?show_messages_timed_count@@3HA 008160e0     adminfn.obj
 0003:003850e4       ?configfile@@3PAU_iobuf@@A 008160e4     adminfn.obj
 0003:003850e8       ?num_timers_printed@@3HA   008160e8     adminfn.obj
 0003:003850ec       ?login_time_check@@3HA     008160ec     adminfn.obj
 0003:003850f0       ?show_messages_ignore_count@@3HA 008160f0     adminfn.obj
 0003:003850f4       ?num_active_accts@@3HA     008160f4     adminfn.obj
 0003:003850f8       ?say_admin_session_id@@3HA 008160f8     adminfn.obj
 0003:003850fc       ?admin_show_references_count@@3HA 008160fc     adminfn.obj
 0003:00385100       ?admin_check_user@@3HA     00816100     adminfn.obj
 0003:00385104       ?show_messages_class@@3PAUclass_struct@@A 00816104     adminfn.obj
 0003:00385108       ?admin_who_count@@3HA      00816108     adminfn.obj
 0003:0038510c       ?admin_show_references_tag_str@@3PBDB 0081610c     adminfn.obj
 0003:00385110       ?show_messages_ignore_id@@3HA 00816110     adminfn.obj
 0003:00385114       ?name_lookup_handle@@3PAXA 00816114     async.obj
 0003:00385118       ?next_dynamic_rsc@@3HA     00816118     blakres.obj
 0003:0038511c       ?resources_table_size@@3HA 0081611c     blakres.obj
 0003:00385120       ?resources@@3PAPAUresource_struct@@A 00816120     blakres.obj
 0003:00385124       ?notify_r@@3PAUresource_struct@@A 00816124     blakres.obj
 0003:00385128       ?rsb_file_md5@@3PADA       00816128     blakres.obj
 0003:0038513c       ?resource_name_map@@3PAUsihash_table@@A 0081613c     blakres.obj
 0003:00385140       ?buf0@@3PADA               00816140     ccode.obj
 0003:003868b4       ?class_name_map@@3PAUsihash_table@@A 008178b4     class.obj
 0003:003868b8       ?classes_table_size@@3HA   008178b8     class.obj
 0003:003868c0       ?buf1@@3PADA               008178c0     ccode.obj
 0003:00388034       ?classes@@3PAPAUclass_struct@@A 00819034     class.obj
 0003:00388038       ?blist@@3PAUbuffer_struct@@A 00819038     commcli.obj
 0003:0038803c       ?lpfnDefAdminResponseProc@@3P6GJPAUHWND__@@IIJ@ZA 0081903c     interface_windows.obj
 0003:00388040       ?lpfnDefAdminInputProc@@3P6GJPAUHWND__@@IIJ@ZA 00819040     interface_windows.obj
 0003:00388044       ?max_messages@@3HA         00819044     message.obj
 0003:00388048       ?hash_collisions@@3HA      00819048     message.obj
 0003:0038804c       ?num_nameids@@3HA          0081904c     nameid.obj
 0003:00388050       ?nameids@@3PAPAUnameid_struct@@A 00819050     nameid.obj
 0003:00388054       ?nameid_name_map@@3PAUsihash_table@@A 00819054     nameid.obj
 0003:00388058       ?nameids_size@@3HA         00819058     nameid.obj
 0003:0038805c       ?buffer_size@@3HA          0081905c     savegame.obj
 0003:00388060       ?buffer_position@@3HA      00819060     savegame.obj
 0003:00388064       ?buffer@@3PADA             00819064     savegame.obj
 0003:00388068       ?buffer_warning_size@@3HA  00819068     savegame.obj
 0003:0038806c       ?rscfile@@3PAU_iobuf@@A    0081906c     saversc.obj
 0003:00388070       ?buffer_size@@3HA          00819070     saversc.obj
 0003:00388074       ?buffer_position@@3HA      00819074     saversc.obj
 0003:00388078       ?buffer@@3PADA             00819078     saversc.obj
 0003:0038807c       ?buffer_warning_size@@3HA  0081907c     saversc.obj
 0003:00388080       ?buffer_size@@3HA          00819080     savestr.obj
 0003:00388084       ?buffer_position@@3HA      00819084     savestr.obj
 0003:00388088       ?buffer@@3PADA             00819088     savestr.obj
 0003:0038808c       ?buffer_warning_size@@3HA  0081908c     savestr.obj
 0003:00388090       ?numExecuted@@3HA          00819090     sendmsg.obj
 0003:00388094       ?classMsg@@3UClassMessage@@A 00819094     sendmsg.obj
 0003:003880b0       ?user_table@@3PAUclient_table_node@@A 008190b0     sprocket.obj
 0003:003930b0       ?usercommand_table@@3PAUclient_table_node@@A 008240b0     sprocket.obj
 0003:0039e0b0       ?system_table@@3PAUclient_table_node@@A 0082f0b0     sprocket.obj
 0003:003a90b0       ?buf0@@3PADA               0083a0b0     table.obj
 0003:003aa830       ?admin_in_read@?1??AdminRead@@YAXHQA_KHQAUparm_node@@@Z@4HA 0083b830     adminfn.obj
 0003:003aa838       ?buf@?1??BlakodStackInfo@@YAPADXZ@4PADA 0083b838     sendmsg.obj
 0003:003abbc0       ?s@?1??BlakodDebugInfo@@YAPADXZ@4PADA 0083cbc0     sendmsg.obj
 0003:003abc24       ?buf@?1??GetStateName@@YAPBDPAUsession_node@@@Z@4PADA 0083cc24     session.obj
 0003:003abc58       ?s@?1??GetDataName@@YAPBDTval_type@@@Z@4PADA 0083cc58     term.obj
 0003:003abc68       ?microFrequency@?1??GetMicroCountDouble@@YANXZ@4T_LARGE_INTEGER@@A 0083cc68     time.obj
 0003:003abc70       ?s@?1??RelativeTimeStr@@YAPBDH@Z@4PADA 0083cc70     time.obj
 0003:003abcc0       ?frequency@?1??GetMilliCount@@YA_KXZ@4T_LARGE_INTEGER@@A 0083ccc0     time.obj
 0003:003abcd0       ?s@?1??TimeStr@@YAPBD_J@Z@4PADA 0083ccd0     time.obj
 0003:003abd20       ?s@?1??ShortTimeStr@@YAPBD_J@Z@4PADA 0083cd20     time.obj
 0004:00000000       __guard_fids___beginthread 0083d000     libucrt:thread.obj
 0004:00000004       __guard_fids__signal       0083d004     libucrt:signal.obj
 0004:00000008       __guard_fids____dcrt_uninitialize_environments_nolock 0083d008     libucrt:environment_initialization.obj
 0004:00000010       __guard_fids__             0083d010     libucrt:initialization.obj
 0004:00000070       __guard_fids____acrt_initialize_ptd 0083d070     libucrt:per_thread_data.obj
 0004:00000074       __guard_fids_??$common_show_message_box@_W@@YAHQB_W0I@Z 0083d074     libucrt:crtmbox.obj
 0004:00000078       __guard_fids_??$expand_argument_wildcards@D@@YAHQAD0AAV?$argument_list@D@?A0xb0e4b824@@@Z 0083d078     libucrt:argv_wildcards.obj
 0004:0000007c       __guard_fids__             0083d07c     libucrt:locale_initializer.obj
 0004:00000080       __guard_fids__             0083d080     libucrt:stdio_initializer.obj
 0004:00000084       __guard_fids__             0083d084     libucrt:stdio_initializer.obj
 0004:00000088       __guard_fids__             0083d088     libucrt:timeset_initializer.obj
 0004:0000008c       __guard_fids__             0083d08c     libucrt:multibyte_initializer.obj
 0004:00000090       __guard_fids__             0083d090     libucrt:console_output_initializer.obj
 0004:00000094       __guard_fids____libm_error_support 0083d094     libucrt:libm_error.obj
 0004:00000098       __guard_fids__             0083d098     libucrt:sse2_initializer.obj
 0004:0000009c       __guard_fids__             0083d09c     LIBCMT:exe_winmain.obj
 0004:000000a0       __guard_fids__             0083d0a0     LIBCMT:exe_winmain.obj
 0004:000000a4       __guard_fids__             0083d0a4     LIBCMT:exe_winmain.obj
 0004:000000a8       __guard_fids_?pre_c_initialization@@YAHXZ 0083d0a8     LIBCMT:exe_winmain.obj
 0004:000000b0       __guard_fids__             0083d0b0     LIBCMT:throw_bad_alloc.obj
 0004:000000b8       __guard_fids__             0083d0b8     LIBCMT:throw_bad_alloc.obj
 0004:000000c0       __guard_fids__             0083d0c0     LIBCMT:throw_bad_alloc.obj
 0004:000000c8       __guard_fids__             0083d0c8     LIBCMT:throw_bad_alloc.obj
 0004:000000cc       __guard_fids__             0083d0cc     LIBCMT:throw_bad_alloc.obj
 0004:000000d0       __guard_fids__             0083d0d0     LIBCMT:throw_bad_alloc.obj
 0004:000000d4       __guard_fids__             0083d0d4     LIBCMT:throw_bad_alloc.obj
 0004:000000d8       __guard_fids__             0083d0d8     LIBCMT:throw_bad_alloc.obj
 0004:000000dc       __guard_fids____scrt_set_unhandled_exception_filter 0083d0dc     LIBCMT:utility_desktop.obj
 0004:000000e0       __guard_fids__             0083d0e0     LIBCMT:std_type_info_static.obj
 0004:000000e4       __guard_fids__             0083d0e4     LIBCMT:guard_support.obj
 0004:000000e8       __guard_fids__             0083d0e8     libcpmt:xthrow.obj
 0004:000000f0       __guard_fids__             0083d0f0     libcpmt:xthrow.obj
 0004:000000f8       __guard_fids__             0083d0f8     libcpmt:xthrow.obj
 0004:00000100       __guard_fids__             0083d100     libcpmt:xthrow.obj
 0004:00000104       __guard_fids__             0083d104     libcpmt:xthrow.obj
 0004:00000108       __guard_fids__             0083d108     libcpmt:xthrow.obj
 0004:0000010c       __guard_fids__             0083d10c     libcpmt:xthrow.obj
 0004:00000110       __guard_fids__             0083d110     libcpmt:xthrow.obj
 0004:00000114       __guard_fids__             0083d114     libvcruntime:frame.obj
 0004:00000118       __guard_fids__             0083d118     libvcruntime:frame.obj
 0004:00000120       __guard_fids__             0083d120     libvcruntime:frame.obj
 0004:00000124       __guard_fids__             0083d124     libvcruntime:frame.obj
 0004:00000128       __guard_fids____vcrt_initialize_ptd 0083d128     libvcruntime:per_thread_data.obj
 0005:000004e0       $R000000                   0083e4e0     blakserv.res
 0005:000007c8       $R0002E8                   0083e7c8     blakserv.res
 0005:000007e0       $R000300                   0083e7e0     blakserv.res
 0005:00000908       $R000428                   0083e908     blakserv.res
 0005:00000e70       $R000990                   0083ee70     blakserv.res
 0005:00001158       $R000C78                   0083f158     blakserv.res
 0005:00001a00       $R001520                   0083fa00     blakserv.res
 0005:00002068       $R001B88                   00840068     blakserv.res
 0005:00002f10       $R002A30                   00840f10     blakserv.res
 0005:00002f70       $R002A90                   00840f70     blakserv.res
 0005:00006a78       $R006598                   00844a78     blakserv.res
 0005:00006b20       $R006640                   00844b20     blakserv.res
 0005:00006be0       $R006700                   00844be0     blakserv.res
 0005:00006dc0       $R0068E0                   00844dc0     blakserv.res
 0005:00007138       $R006C58                   00845138     blakserv.res
 0005:000071f0       $R006D10                   008451f0     blakserv.res
 0005:000072e8       $R006E08                   008452e8     blakserv.res
 0005:00007660       $R007180                   00845660     blakserv.res
 0005:00007688       $R0071A8                   00845688     blakserv.res
 0005:00008728       $R008248                   00846728     blakserv.res
 0005:0000b548       $R00B068                   00849548     blakserv.res
