 blakserv

 Timestamp is 5aa4930f (Sat Mar 10 20:23:11 2018)

 Preferred load address is 00400000

 Start         Length     Name                   Class
 0001:00000000 000736a0H .text$mn                CODE
 0001:000736a0 000001d0H .text$x                 CODE
 0002:00000000 000002dcH .idata$5                DATA
 0002:000002dc 00000004H .00cfg                  DATA
 0002:000002e0 00000004H .CRT$XCA                DATA
 0002:000002e4 00000004H .CRT$XCAA               DATA
 0002:000002e8 00000004H .CRT$XCZ                DATA
 0002:000002ec 00000004H .CRT$XIA                DATA
 0002:000002f0 00000004H .CRT$XIAA               DATA
 0002:000002f4 00000004H .CRT$XIAC               DATA
 0002:000002f8 00000010H .CRT$XIC                DATA
 0002:00000308 00000004H .CRT$XIZ                DATA
 0002:0000030c 00000004H .CRT$XPA                DATA
 0002:00000310 00000008H .CRT$XPX                DATA
 0002:00000318 00000004H .CRT$XPXA               DATA
 0002:0000031c 00000004H .CRT$XPZ                DATA
 0002:00000320 00000004H .CRT$XTA                DATA
 0002:00000324 0000000cH .CRT$XTZ                DATA
 0002:00000330 00019574H .rdata                  DATA
 0002:000198a4 0000026cH .rdata$r                DATA
 0002:00019b10 0000003cH .rdata$sxdata           DATA
 0002:00019b4c 00000344H .rdata$zzzdbg           DATA
 0002:00019e90 00000004H .rtc$IAA                DATA
 0002:00019e94 00000004H .rtc$IZZ                DATA
 0002:00019e98 00000004H .rtc$TAA                DATA
 0002:00019e9c 00000004H .rtc$TZZ                DATA
 0002:00019ea0 00000a44H .xdata$x                DATA
 0002:0001a8e4 00000000H .edata                  DATA
 0002:0001a8e4 000000a0H .idata$2                DATA
 0002:0001a984 00000014H .idata$3                DATA
 0002:0001a998 000002dcH .idata$4                DATA
 0002:0001ac74 00000bb6H .idata$6                DATA
 0003:00000000 00006b80H .data                   DATA
 0003:00006b80 00000100H .data$r                 DATA
 0003:00006c80 003a5104H .bss                    DATA
 0004:00000000 00000098H .gfids$x                DATA
 0004:00000098 00000090H .gfids$y                DATA
 0005:00000000 000004e0H .rsrc$01                DATA
 0005:000004e0 0000b1e8H .rsrc$02                DATA

  Address         Publics by Value              Rva+Base       Lib:Object

 0000:00000000       ___guard_longjmp_count     00000000     <absolute>
 0000:00000000       ___guard_iat_table         00000000     <absolute>
 0000:00000000       ___guard_iat_count         00000000     <absolute>
 0000:00000000       ___guard_longjmp_table     00000000     <absolute>
 0000:00000000       ___dynamic_value_reloc_table 00000000     <absolute>
 0000:00000000       ___guard_fids_table        00000000     <absolute>
 0000:00000000       ___guard_fids_count        00000000     <absolute>
 0000:00000000       __except_list              00000000     <absolute>
 0000:0000000f       ___safe_se_handler_count   0000000f     <absolute>
 0000:00000100       ___guard_flags             00000100     <absolute>
 0000:00000000       ___ImageBase               00400000     <linker-defined>
 0001:00000000       ___local_stdio_printf_options 00401000 f i md5.obj
 0001:00000010       __vsnprintf_l              00401010 f i md5.obj
 0001:00000050       _sprintf                   00401050 f i md5.obj
 0001:00000070       ___local_stdio_scanf_options 00401070 f i account.obj
 0001:00000080       _sscanf                    00401080 f i account.obj
 0001:000000b0       _fprintf                   004010b0 f i adminfn.obj
 0001:000000e0       _snprintf                  004010e0 f i ccode.obj
 0001:00000120       ??1?$basic_string@DU?$char_traits@D@std@@V?$allocator@D@2@@std@@QAE@XZ 00401120 f i files.obj
 0001:000001a0       ??0?$basic_string@DU?$char_traits@D@std@@V?$allocator@D@2@@std@@QAE@$$QAV01@@Z 004011a0 f i files.obj
 0001:00000240       ?_Reserve@?$vector@V?$basic_string@DU?$char_traits@D@std@@V?$allocator@D@2@@std@@V?$allocator@V?$basic_string@DU?$char_traits@D@std@@V?$allocator@D@2@@std@@@2@@std@@IAEXI@Z 00401240 f i files.obj
 0001:000002d0       ?assign@?$basic_string@DU?$char_traits@D@std@@V?$allocator@D@2@@std@@QAEAAV12@PBDI@Z 004012d0 f i files.obj
 0001:000003d0       ?assign@?$basic_string@DU?$char_traits@D@std@@V?$allocator@D@2@@std@@QAEAAV12@ABV12@II@Z 004013d0 f i files.obj
 0001:000004e0       ?_Reallocate@?$vector@V?$basic_string@DU?$char_traits@D@std@@V?$allocator@D@2@@std@@V?$allocator@V?$basic_string@DU?$char_traits@D@std@@V?$allocator@D@2@@std@@@2@@std@@IAEXI@Z 004014e0 f i files.obj
 0001:000005d0       ?deallocate@?$_Wrap_alloc@V?$allocator@D@std@@@std@@QAEXPADI@Z 004015d0 f i files.obj
 0001:00000620       ?erase@?$basic_string@DU?$char_traits@D@std@@V?$allocator@D@2@@std@@QAEAAV12@II@Z 00401620 f i files.obj
 0001:000006a0       ?deallocate@?$_Wrap_alloc@V?$allocator@V?$basic_string@DU?$char_traits@D@std@@V?$allocator@D@2@@std@@@std@@@std@@QAEXPAV?$basic_string@DU?$char_traits@D@std@@V?$allocator@D@2@@2@I@Z 004016a0 f i files.obj
 0001:00000700       ?_Copy@?$basic_string@DU?$char_traits@D@std@@V?$allocator@D@2@@std@@QAEXII@Z 00401700 f i files.obj
 0001:000008b0       ?allocate@?$_Wrap_alloc@V?$allocator@D@std@@@std@@QAEPADI@Z 004018b0 f i files.obj
 0001:00000900       ??$_Destroy_range1@V?$allocator@V?$basic_string@DU?$char_traits@D@std@@V?$allocator@D@2@@std@@@std@@PAV?$basic_string@DU?$char_traits@D@std@@V?$allocator@D@2@@2@@std@@YAXPAV?$basic_string@DU?$char_traits@D@std@@V?$allocator@D@2@@0@0AAU?$_Wrap_alloc@V?$allocator@V?$basic_string@DU?$char_traits@D@std@@V?$allocator@D@2@@std@@@std@@@0@U?$integral_constant@_N$0A@@0@@Z 00401900 f i files.obj
 0001:000009c0       ??$_Uninitialized_move_al_unchecked1@PAV?$basic_string@DU?$char_traits@D@std@@V?$allocator@D@2@@std@@PAV12@V?$allocator@V?$basic_string@DU?$char_traits@D@std@@V?$allocator@D@2@@std@@@2@@std@@YAPAV?$basic_string@DU?$char_traits@D@std@@V?$allocator@D@2@@0@PAV10@00AAU?$_Wrap_alloc@V?$allocator@V?$basic_string@DU?$char_traits@D@std@@V?$allocator@D@2@@std@@@std@@@0@U_General_ptr_iterator_tag@0@U_Any_tag@0@@Z 004019c0 f i files.obj
 0001:00000ab0       ??1?$vector@V?$basic_string@DU?$char_traits@D@std@@V?$allocator@D@2@@std@@V?$allocator@V?$basic_string@DU?$char_traits@D@std@@V?$allocator@D@2@@std@@@2@@std@@QAE@XZ 00401ab0 f i loadkod.obj
 0001:00000b30       ?ParseClientSendBlakodError@@YAXHHHHH@Z 00401b30 f i parsecli.obj
 0001:00000c20       ?GetCRC16BufferList@@YAGPAUbuffer_struct@@@Z 00401c20 f i session.obj
 0001:00000c70       ?TimerHeapHeapify@@YAXH@Z  00401c70 f i timer.obj
 0001:00000e57       @__security_check_cookie@4 00401e57 f   LIBCMT:_secchk_.obj
 0001:00000e68       ___raise_securityfailure   00401e68 f   LIBCMT:gs_report.obj
 0001:00000e90       ___report_gsfailure        00401e90 f   LIBCMT:gs_report.obj
 0001:00000f8b       ___report_rangecheckfailure 00401f8b f   LIBCMT:gs_report.obj
 0001:00000f97       ___report_securityfailure  00401f97 f   LIBCMT:gs_report.obj
 0001:00001067       ??2@YAPAXI@Z               00402067 f   LIBCMT:new_scalar.obj
 0001:0000109a       ??3@YAXPAX@Z               0040209a f   LIBCMT:delete_scalar.obj
 0001:0000109f       ??3@YAXPAXI@Z              0040209f f   LIBCMT:delete_scalar_size.obj
 0001:000012d3       _WinMainCRTStartup         004022d3 f   LIBCMT:exe_winmain.obj
 0001:000012dd       ??0bad_alloc@std@@QAE@ABV01@@Z 004022dd f i LIBCMT:throw_bad_alloc.obj
 0001:000012f8       ??0bad_alloc@std@@QAE@XZ   004022f8 f i LIBCMT:throw_bad_alloc.obj
 0001:00001310       ??0bad_array_new_length@std@@QAE@ABV01@@Z 00402310 f i LIBCMT:throw_bad_alloc.obj
 0001:0000132b       ??0bad_array_new_length@std@@QAE@XZ 0040232b f i LIBCMT:throw_bad_alloc.obj
 0001:00001343       ??0exception@std@@QAE@ABV01@@Z 00402343 f i LIBCMT:throw_bad_alloc.obj
 0001:0000136f       ?__scrt_throw_std_bad_alloc@@YAXXZ 0040236f f   LIBCMT:throw_bad_alloc.obj
 0001:0000136f       ?_Xbad_alloc@std@@YAXXZ    0040236f f   libcpmt:xthrow.obj
 0001:0000138c       ?__scrt_throw_std_bad_array_new_length@@YAXXZ 0040238c f   LIBCMT:throw_bad_alloc.obj
 0001:000013a9       ?what@exception@std@@UBEPBDXZ 004023a9 f i LIBCMT:throw_bad_alloc.obj
 0001:000013fa       ___scrt_acquire_startup_lock 004023fa f   LIBCMT:utility.obj
 0001:0000142f       ___scrt_initialize_crt     0040242f f   LIBCMT:utility.obj
 0001:00001468       ___scrt_initialize_onexit_tables 00402468 f   LIBCMT:utility.obj
 0001:000014ff       ___scrt_is_nonwritable_in_current_image 004024ff f   LIBCMT:utility.obj
 0001:00001589       ___scrt_release_startup_lock 00402589 f   LIBCMT:utility.obj
 0001:000015a6       ___scrt_uninitialize_crt   004025a6 f   LIBCMT:utility.obj
 0001:000015ce       __onexit                   004025ce f   LIBCMT:utility.obj
 0001:00001609       _atexit                    00402609 f   LIBCMT:utility.obj
 0001:0000161e       ___security_init_cookie    0040261e f   LIBCMT:gs_support.obj
 0001:000016ba       __get_startup_argv_mode    004026ba f   LIBCMT:argv_mode.obj
 0001:000016be       __get_startup_commit_mode  004026be f   LIBCMT:commit_mode.obj
 0001:000016be       __get_startup_new_mode     004026be f   LIBCMT:new_mode.obj
 0001:000016be       ___scrt_initialize_winrt   004026be f   LIBCMT:utility_desktop.obj
 0001:000016be       __matherr                  004026be f   LIBCMT:matherr.obj
 0001:000016be       __get_startup_thread_locale_mode 004026be f   LIBCMT:thread_locale.obj
 0001:000016c1       __get_startup_file_mode    004026c1 f   LIBCMT:file_mode.obj
 0001:000016c7       ?__scrt_initialize_type_info@@YAXXZ 004026c7 f   LIBCMT:tncleanup.obj
 0001:000016d3       __initialize_default_precision 004026d3 f   LIBCMT:default_precision.obj
 0001:000016f4       ___scrt_initialize_default_local_stdio_options 004026f4 f   LIBCMT:default_local_stdio_options.obj
 0001:00001711       ___scrt_is_user_matherr_present 00402711 f   LIBCMT:matherr_detection.obj
 0001:0000171d       ___scrt_get_dyn_tls_init_callback 0040271d f   LIBCMT:dyn_tls_init.obj
 0001:00001723       ___scrt_get_dyn_tls_dtor_callback 00402723 f   LIBCMT:dyn_tls_dtor.obj
 0001:00001729       ___scrt_fastfail           00402729 f   LIBCMT:utility_desktop.obj
 0001:00001844       ___scrt_get_show_window_mode 00402844 f   LIBCMT:utility_desktop.obj
 0001:00001877       ___scrt_is_managed_app     00402877 f   LIBCMT:utility_desktop.obj
 0001:000018bb       ___scrt_set_unhandled_exception_filter 004028bb f   LIBCMT:utility_desktop.obj
 0001:000018c7       ___scrt_unhandled_exception_filter@4 004028c7 f   LIBCMT:utility_desktop.obj
 0001:00001908       __crt_debugger_hook        00402908 f   LIBCMT:utility_desktop.obj
 0001:00001910       __RTC_Initialize           00402910 f   LIBCMT:_initsect_.obj
 0001:0000193b       __RTC_Terminate            0040293b f   LIBCMT:_initsect_.obj
 0001:00001966       @_guard_check_icall@4      00402966 f i LIBCMT:checkcfg.obj
 0001:00001970       __SEH_prolog4              00402970 f   LIBCMT:_sehprolg4_.obj
 0001:000019b6       __SEH_epilog4              004029b6 f   LIBCMT:_sehprolg4_.obj
 0001:000019cb       ??_Gtype_info@@UAEPAXI@Z   004029cb f i LIBCMT:std_type_info_static.obj
 0001:000019cb       ??_Etype_info@@UAEPAXI@Z   004029cb f i LIBCMT:std_type_info_static.obj
 0001:000019ee       ___isa_available_init      004029ee f   LIBCMT:_cpu_disp_.obj
 0001:00001b88       ___scrt_is_ucrt_dll_in_use 00402b88 f   LIBCMT:ucrt_detection.obj
 0001:00001b94       ??0exception@std@@QAE@QBD@Z 00402b94 f i libcpmt:xthrow.obj
 0001:00001bcb       ??0length_error@std@@QAE@ABV01@@Z 00402bcb f i libcpmt:xthrow.obj
 0001:00001be6       ??0length_error@std@@QAE@PBD@Z 00402be6 f i libcpmt:xthrow.obj
 0001:00001c07       ??0logic_error@std@@QAE@ABV01@@Z 00402c07 f i libcpmt:xthrow.obj
 0001:00001c22       ??0out_of_range@std@@QAE@ABV01@@Z 00402c22 f i libcpmt:xthrow.obj
 0001:00001c3d       ??0out_of_range@std@@QAE@PBD@Z 00402c3d f i libcpmt:xthrow.obj
 0001:00001c5e       ??1out_of_range@std@@UAE@XZ 00402c5e f i libcpmt:xthrow.obj
 0001:00001c5e       ??1bad_alloc@std@@UAE@XZ   00402c5e f i LIBCMT:throw_bad_alloc.obj
 0001:00001c5e       ??1bad_exception@std@@UAE@XZ 00402c5e f i libvcruntime:frame.obj
 0001:00001c5e       ??1length_error@std@@UAE@XZ 00402c5e f i libcpmt:xthrow.obj
 0001:00001c5e       ??1bad_array_new_length@std@@UAE@XZ 00402c5e f i LIBCMT:throw_bad_alloc.obj
 0001:00001c6f       ??_Ebad_exception@std@@UAEPAXI@Z 00402c6f f i libvcruntime:frame.obj
 0001:00001c6f       ??_Eout_of_range@std@@UAEPAXI@Z 00402c6f f i libcpmt:xthrow.obj
 0001:00001c6f       ??_Elogic_error@std@@UAEPAXI@Z 00402c6f f i libcpmt:xthrow.obj
 0001:00001c6f       ??_Ebad_array_new_length@std@@UAEPAXI@Z 00402c6f f i LIBCMT:throw_bad_alloc.obj
 0001:00001c6f       ??_Glength_error@std@@UAEPAXI@Z 00402c6f f i libcpmt:xthrow.obj
 0001:00001c6f       ??_Glogic_error@std@@UAEPAXI@Z 00402c6f f i libcpmt:xthrow.obj
 0001:00001c6f       ??_Elength_error@std@@UAEPAXI@Z 00402c6f f i libcpmt:xthrow.obj
 0001:00001c6f       ??_Gbad_alloc@std@@UAEPAXI@Z 00402c6f f i LIBCMT:throw_bad_alloc.obj
 0001:00001c6f       ??_Gbad_array_new_length@std@@UAEPAXI@Z 00402c6f f i LIBCMT:throw_bad_alloc.obj
 0001:00001c6f       ??_Gexception@std@@UAEPAXI@Z 00402c6f f i LIBCMT:throw_bad_alloc.obj
 0001:00001c6f       ??_Ebad_alloc@std@@UAEPAXI@Z 00402c6f f i LIBCMT:throw_bad_alloc.obj
 0001:00001c6f       ??_Gout_of_range@std@@UAEPAXI@Z 00402c6f f i libcpmt:xthrow.obj
 0001:00001c6f       ??_Gbad_exception@std@@UAEPAXI@Z 00402c6f f i libvcruntime:frame.obj
 0001:00001c6f       ??_Eexception@std@@UAEPAXI@Z 00402c6f f i LIBCMT:throw_bad_alloc.obj
 0001:00001c9c       ?_Xlength_error@std@@YAXPBD@Z 00402c9c f   libcpmt:xthrow.obj
 0001:00001cbc       ?_Xout_of_range@std@@YAXPBD@Z 00402cbc f   libcpmt:xthrow.obj
 0001:00001cdc       _IsProcessorFeaturePresent@4 00402cdc f   kernel32:KERNEL32.dll
 0001:00001ce2       ___DestructExceptionObject 00402ce2 f   libvcruntime:frame.obj
 0001:00001d76       ??0bad_exception@std@@QAE@ABV01@@Z 00402d76 f i libvcruntime:frame.obj
 0001:00001d91       ??0bad_exception@std@@QAE@XZ 00402d91 f i libvcruntime:frame.obj
 0001:000025c2       ?_CallMemberFunction2@@YGXQAX00H@Z 004035c2 f i libvcruntime:frame.obj
 0001:000025c2       ?_CallMemberFunction0@@YGXQAX0@Z 004035c2 f i libvcruntime:frame.obj
 0001:000025c2       ?_CallMemberFunction1@@YGXQAX00@Z 004035c2 f i libvcruntime:frame.obj
 0001:000025c9       ___AdjustPointer           004035c9 f   libvcruntime:frame.obj
 0001:000025ee       ___BuildCatchObject        004035ee f   libvcruntime:frame.obj
 0001:0000267d       ___BuildCatchObjectHelper  0040367d f   libvcruntime:frame.obj
 0001:000027ab       ___FrameUnwindFilter       004037ab f   libvcruntime:frame.obj
 0001:000027f0       ___FrameUnwindToState      004037f0 f   libvcruntime:frame.obj
 0001:000028b8       ___InternalCxxFrameHandler 004038b8 f   libvcruntime:frame.obj
 0001:000029b4       ___TypeMatch               004039b4 f   libvcruntime:frame.obj
 0001:00002a42       ___std_terminate           00403a42 f   libvcruntime:frame.obj
 0001:00002a50       _strchr                    00403a50 f   libvcruntime:strchr.obj
 0001:00002abe       ___from_strstr_to_strchr   00403abe     libvcruntime:strchr.obj
 0001:00002b80       _strstr                    00403b80 f   libvcruntime:strstr.obj
 0001:00002df0       _memmove                   00403df0 f   libvcruntime:memmove.obj
 0001:00003370       _strrchr                   00404370 f   libvcruntime:strrchr.obj
 0001:000034f0       __except_handler4          004044f0 f   libvcruntime:_chandler4_.obj
 0001:00003656       ___std_exception_copy      00404656 f   libvcruntime:std_exception.obj
 0001:000036b9       ___std_exception_destroy   004046b9 f   libvcruntime:std_exception.obj
 0001:000036d8       __CxxThrowException@8      004046d8 f   libvcruntime:throw.obj
 0001:00003746       ___vcrt_initialize         00404746 f   libvcruntime:initialization.obj
 0001:0000376f       ___vcrt_uninitialize       0040476f f   libvcruntime:initialization.obj
 0001:0000378e       ___std_type_info_compare   0040478e f   libvcruntime:std_type_info.obj
 0001:000037d0       _memset                    004047d0 f   libvcruntime:memset.obj
 0001:0000392a       _unexpected                0040492a f   libvcruntime:unexpected.obj
 0001:00003946       ___vcrt_freefls@4          00404946 f   libvcruntime:per_thread_data.obj
 0001:00003962       ___vcrt_getptd             00404962 f   libvcruntime:per_thread_data.obj
 0001:00003970       ___vcrt_getptd_noexit      00404970 f   libvcruntime:per_thread_data.obj
 0001:00003a02       ___vcrt_initialize_ptd     00404a02 f   libvcruntime:per_thread_data.obj
 0001:00003a35       ___vcrt_uninitialize_ptd   00404a35 f   libvcruntime:per_thread_data.obj
 0001:00003a50       __CallSettingFrame@12      00404a50 f   libvcruntime:lowhelpr.obj
 0001:00003a77       __NLG_Return               00404a77     libvcruntime:lowhelpr.obj
 0001:00003a9c       ?_CallCatchBlock2@@YAPAXPAUEHRegistrationNode@@PBU_s_FuncInfo@@PAXHK@Z 00404a9c f   libvcruntime:trnsctrl.obj
 0001:00003afc       ?_CallSETranslator@@YAHPAUEHExceptionRecord@@PAUEHRegistrationNode@@PAX2PBU_s_FuncInfo@@H1@Z 00404afc f   libvcruntime:trnsctrl.obj
 0001:00003bd9       ?_GetRangeOfTrysToCheck@@YAPBU_s_TryBlockMapEntry@@PBU_s_FuncInfo@@HHPAI1@Z 00404bd9 f   libvcruntime:trnsctrl.obj
 0001:00003c51       ?_JumpToContinuation@@YGXPAXPAUEHRegistrationNode@@@Z 00404c51 f   libvcruntime:trnsctrl.obj
 0001:00003c83       ?_UnwindNestedFrames@@YGXPAUEHRegistrationNode@@PAUEHExceptionRecord@@@Z 00404c83 f   libvcruntime:trnsctrl.obj
 0001:00003cd8       __CatchGuardHandler        00404cd8 f   libvcruntime:trnsctrl.obj
 0001:00003d09       __CreateFrameInfo          00404d09 f   libvcruntime:trnsctrl.obj
 0001:00003d2d       __FindAndUnlinkFrame       00404d2d f   libvcruntime:trnsctrl.obj
 0001:00003d77       __IsExceptionObjectToBeDestroyed 00404d77 f   libvcruntime:trnsctrl.obj
 0001:00003d9d       __TranslatorGuardHandler   00404d9d f   libvcruntime:trnsctrl.obj
 0001:00003e3c       ___CxxFrameHandler3        00404e3c f   libvcruntime:trnsctrl.obj
 0001:00003e72       __initialize_denormal_control 00404e72 f   LIBCMT:denormal_control.obj
 0001:00003e72       ___except_validate_jump_buffer 00404e72 f   libvcruntime:jbcxrval.obj
 0001:00003e72       __initialize_invalid_parameter_handler 00404e72 f   LIBCMT:invalid_parameter_handler.obj
 0001:00003e72       @_guard_check_icall_nop@4  00404e72 f   LIBCMT:guard_support.obj
 0001:00003e72       ___except_validate_context_record 00404e72 f   libvcruntime:jbcxrval.obj
 0001:00003e80       __local_unwind4            00404e80 f   libvcruntime:_exsup4_.obj
 0001:00003f56       __seh_longjmp_unwind4@4    00404f56 f   libvcruntime:_exsup4_.obj
 0001:00003f7e       @_EH4_CallFilterFunc@8     00404f7e f   libvcruntime:_exsup4_.obj
 0001:00003f95       @_EH4_TransferToHandler@8  00404f95 f   libvcruntime:_exsup4_.obj
 0001:00003fae       @_EH4_GlobalUnwind2@8      00404fae f   libvcruntime:_exsup4_.obj
 0001:00003fc7       @_EH4_LocalUnwind@16       00404fc7 f   libvcruntime:_exsup4_.obj
 0001:00003fe1       ___vcrt_initialize_locks   00404fe1 f   libvcruntime:locks.obj
 0001:0000401d       ___vcrt_uninitialize_locks 0040501d f   libvcruntime:locks.obj
 0001:0000404c       ??$__crt_fast_encode_pointer@PAX@@YAPAXQAX@Z 0040504c f i libvcruntime:winapi_downlevel.obj
 0001:0000404c       ??$__crt_fast_encode_pointer@PAP6AXXZ@@YAPAP6AXXZQAP6AXXZ@Z 0040504c f i LIBCMT:utility.obj
 0001:0000418a       ___vcrt_FlsAlloc           0040518a f   libvcruntime:winapi_downlevel.obj
 0001:000041c4       ___vcrt_FlsFree            004051c4 f   libvcruntime:winapi_downlevel.obj
 0001:000041fe       ___vcrt_FlsGetValue        004051fe f   libvcruntime:winapi_downlevel.obj
 0001:00004238       ___vcrt_FlsSetValue        00405238 f   libvcruntime:winapi_downlevel.obj
 0001:00004275       ___vcrt_InitializeCriticalSectionEx 00405275 f   libvcruntime:winapi_downlevel.obj
 0001:000042bb       ___vcrt_initialize_winapi_thunks 004052bb f   libvcruntime:winapi_downlevel.obj
 0001:000042f5       ___vcrt_uninitialize_winapi_thunks 004052f5 f   libvcruntime:winapi_downlevel.obj
 0001:00004327       ___vcrt_initialize_pure_virtual_call_handler 00405327 f   libvcruntime:purevirt_data.obj
 0001:00004350       __global_unwind2           00405350 f   libvcruntime:_exsup_.obj
 0001:000043b5       __local_unwind2            004053b5 f   libvcruntime:_exsup_.obj
 0001:00004439       __abnormal_termination     00405439 f   libvcruntime:_exsup_.obj
 0001:0000445c       __NLG_Notify1              0040545c f   libvcruntime:_exsup_.obj
 0001:00004465       __NLG_Notify               00405465 f   libvcruntime:_exsup_.obj
 0001:0000447c       __NLG_Dispatch2            0040547c     libvcruntime:_exsup_.obj
 0001:0000447c       __NLG_Dispatch             0040547c     libvcruntime:_exsup_.obj
 0001:00004484       __NLG_Call                 00405484 f   libvcruntime:_exsup_.obj
 0001:00004486       __NLG_Return2              00405486     libvcruntime:_exsup_.obj
 0001:00004487       ??$?RV<lambda_ab9923ffb5d694ec0d78876dd103e44f>@@AAV<lambda_481dd5778c961fbcd3b60b650e9b9dc4>@@V<lambda_7923d86c9e3f319b415918ec4b39749c>@@@?$__crt_seh_guarded_call@H@@QAEH$$QAV<lambda_ab9923ffb5d694ec0d78876dd103e44f>@@AAV<lambda_481dd5778c961fbcd3b60b650e9b9dc4>@@$$QAV<lambda_7923d86c9e3f319b415918ec4b39749c>@@@Z 00405487 f i libucrt:output.obj
 0001:000044d8       ??$?RV<lambda_db08b09ef7aa9d4f8620ce68402612bc>@@AAV<lambda_4f2c1eaeead2a5fc776db5b62ea0fb9b>@@V<lambda_3ae262bc35d4ba6a3825c4f6bcaaf95c>@@@?$__crt_seh_guarded_call@H@@QAEH$$QAV<lambda_db08b09ef7aa9d4f8620ce68402612bc>@@AAV<lambda_4f2c1eaeead2a5fc776db5b62ea0fb9b>@@$$QAV<lambda_3ae262bc35d4ba6a3825c4f6bcaaf95c>@@@Z 004054d8 f i libucrt:output.obj
 0001:00004529       ??$__acrt_lock_stream_and_call@V<lambda_481dd5778c961fbcd3b60b650e9b9dc4>@@@@YAHQAU_iobuf@@$$QAV<lambda_481dd5778c961fbcd3b60b650e9b9dc4>@@@Z 00405529 f i libucrt:output.obj
 0001:00004551       ??$__acrt_lock_stream_and_call@V<lambda_4f2c1eaeead2a5fc776db5b62ea0fb9b>@@@@YAHQAU_iobuf@@$$QAV<lambda_4f2c1eaeead2a5fc776db5b62ea0fb9b>@@@Z 00405551 f i libucrt:output.obj
 0001:0000487a       ??$count@D@formatting_buffer@__crt_stdio_output@@QBEIXZ 0040587a f i libucrt:output.obj
 0001:00004892       ??$ensure_buffer_is_big_enough@D@formatting_buffer@__crt_stdio_output@@QAE_NI@Z 00405892 f i libucrt:output.obj
 0001:00004918       ??$is_wide_character_specifier@D@__crt_stdio_output@@YA_N_KDW4length_modifier@0@@Z 00405918 f i libucrt:output.obj
 0001:00004958       ??$is_wide_character_specifier@_W@__crt_stdio_output@@YA_N_K_WW4length_modifier@0@@Z 00405958 f i libucrt:output.obj
 0001:000049a7       ??$scratch_data@D@formatting_buffer@__crt_stdio_output@@QAEPADXZ 004059a7 f i libucrt:output.obj
 0001:000049c5       ??$type_case_integer_parse_into_buffer@I@?$output_processor@_WV?$string_output_adapter@_W@__crt_stdio_output@@V?$standard_base@_WV?$string_output_adapter@_W@__crt_stdio_output@@@2@@__crt_stdio_output@@AAEXII_N@Z 004059c5 f i libucrt:output.obj
 0001:000049c5       ??$type_case_integer_parse_into_buffer@I@?$output_processor@DV?$string_output_adapter@D@__crt_stdio_output@@V?$standard_base@DV?$string_output_adapter@D@__crt_stdio_output@@@2@@__crt_stdio_output@@AAEXII_N@Z 004059c5 f i libucrt:output.obj
 0001:000049c5       ??$type_case_integer_parse_into_buffer@I@?$output_processor@_WV?$stream_output_adapter@_W@__crt_stdio_output@@V?$standard_base@_WV?$stream_output_adapter@_W@__crt_stdio_output@@@2@@__crt_stdio_output@@AAEXII_N@Z 004059c5 f i libucrt:output.obj
 0001:000049c5       ??$type_case_integer_parse_into_buffer@I@?$output_processor@DV?$stream_output_adapter@D@__crt_stdio_output@@V?$standard_base@DV?$stream_output_adapter@D@__crt_stdio_output@@@2@@__crt_stdio_output@@AAEXII_N@Z 004059c5 f i libucrt:output.obj
 0001:00004a3a       ??$type_case_integer_parse_into_buffer@_K@?$output_processor@DV?$string_output_adapter@D@__crt_stdio_output@@V?$standard_base@DV?$string_output_adapter@D@__crt_stdio_output@@@2@@__crt_stdio_output@@AAEX_KI_N@Z 00405a3a f i libucrt:output.obj
 0001:00004a3a       ??$type_case_integer_parse_into_buffer@_K@?$output_processor@_WV?$string_output_adapter@_W@__crt_stdio_output@@V?$standard_base@_WV?$string_output_adapter@_W@__crt_stdio_output@@@2@@__crt_stdio_output@@AAEX_KI_N@Z 00405a3a f i libucrt:output.obj
 0001:00004a3a       ??$type_case_integer_parse_into_buffer@_K@?$output_processor@_WV?$stream_output_adapter@_W@__crt_stdio_output@@V?$standard_base@_WV?$stream_output_adapter@_W@__crt_stdio_output@@@2@@__crt_stdio_output@@AAEX_KI_N@Z 00405a3a f i libucrt:output.obj
 0001:00004a3a       ??$type_case_integer_parse_into_buffer@_K@?$output_processor@DV?$stream_output_adapter@D@__crt_stdio_output@@V?$standard_base@DV?$stream_output_adapter@D@__crt_stdio_output@@@2@@__crt_stdio_output@@AAEX_KI_N@Z 00405a3a f i libucrt:output.obj
 0001:00004ac2       ??$write_multiple_characters@V?$stream_output_adapter@D@__crt_stdio_output@@D@__crt_stdio_output@@YAXABV?$stream_output_adapter@D@0@DHQAH@Z 00405ac2 f i libucrt:output.obj
 0001:00004aee       ??$write_multiple_characters@V?$stream_output_adapter@_W@__crt_stdio_output@@D@__crt_stdio_output@@YAXABV?$stream_output_adapter@_W@0@DHQAH@Z 00405aee f i libucrt:output.obj
 0001:00004b1f       ??$write_multiple_characters@V?$string_output_adapter@D@__crt_stdio_output@@D@__crt_stdio_output@@YAXABV?$string_output_adapter@D@0@DHQAH@Z 00405b1f f i libucrt:output.obj
 0001:00004b4b       ??$write_multiple_characters@V?$string_output_adapter@_W@__crt_stdio_output@@D@__crt_stdio_output@@YAXABV?$string_output_adapter@_W@0@DHQAH@Z 00405b4b f i libucrt:output.obj
 0001:00004b7c       ??0?$common_data@D@__crt_stdio_output@@IAE@XZ 00405b7c f i libucrt:output.obj
 0001:00004bc3       ??0?$common_data@_W@__crt_stdio_output@@IAE@XZ 00405bc3 f i libucrt:output.obj
 0001:00004c0f       ??0?$output_adapter_data@DV?$stream_output_adapter@D@__crt_stdio_output@@@__crt_stdio_output@@IAE@ABV?$stream_output_adapter@D@1@_KQBDQAU__crt_locale_pointers@@QAD@Z 00405c0f f i libucrt:output.obj
 0001:00004c0f       ??0?$output_adapter_data@DV?$string_output_adapter@D@__crt_stdio_output@@@__crt_stdio_output@@IAE@ABV?$string_output_adapter@D@1@_KQBDQAU__crt_locale_pointers@@QAD@Z 00405c0f f i libucrt:output.obj
 0001:00004c4b       ??0?$output_adapter_data@_WV?$string_output_adapter@_W@__crt_stdio_output@@@__crt_stdio_output@@IAE@ABV?$string_output_adapter@_W@1@_KQB_WQAU__crt_locale_pointers@@QAD@Z 00405c4b f i libucrt:output.obj
 0001:00004c4b       ??0?$output_adapter_data@_WV?$stream_output_adapter@_W@__crt_stdio_output@@@__crt_stdio_output@@IAE@ABV?$stream_output_adapter@_W@1@_KQB_WQAU__crt_locale_pointers@@QAD@Z 00405c4b f i libucrt:output.obj
 0001:00004c87       ??0?$output_processor@DV?$string_output_adapter@D@__crt_stdio_output@@V?$standard_base@DV?$string_output_adapter@D@__crt_stdio_output@@@2@@__crt_stdio_output@@QAE@ABV?$string_output_adapter@D@1@_KQBDQAU__crt_locale_pointers@@QAD@Z 00405c87 f i libucrt:output.obj
 0001:00004c87       ??0?$output_processor@DV?$stream_output_adapter@D@__crt_stdio_output@@V?$standard_base@DV?$stream_output_adapter@D@__crt_stdio_output@@@2@@__crt_stdio_output@@QAE@ABV?$stream_output_adapter@D@1@_KQBDQAU__crt_locale_pointers@@QAD@Z 00405c87 f i libucrt:output.obj
 0001:00004cbc       ??0?$output_processor@_WV?$string_output_adapter@_W@__crt_stdio_output@@V?$standard_base@_WV?$string_output_adapter@_W@__crt_stdio_output@@@2@@__crt_stdio_output@@QAE@ABV?$string_output_adapter@_W@1@_KQB_WQAU__crt_locale_pointers@@QAD@Z 00405cbc f i libucrt:output.obj
 0001:00004cbc       ??0?$output_processor@_WV?$stream_output_adapter@_W@__crt_stdio_output@@V?$standard_base@_WV?$stream_output_adapter@_W@__crt_stdio_output@@@2@@__crt_stdio_output@@QAE@ABV?$stream_output_adapter@_W@1@_KQB_WQAU__crt_locale_pointers@@QAD@Z 00405cbc f i libucrt:output.obj
 0001:00004cf1       ??0_LocaleUpdate@@QAE@QAU__crt_locale_pointers@@@Z 00405cf1 f i libucrt:output.obj
 0001:00004d74       ??1formatting_buffer@__crt_stdio_output@@QAE@XZ 00405d74 f i libucrt:output.obj
 0001:00004d8e       ??4?$__crt_unique_heap_ptr@DU__crt_internal_free_policy@@@@QAEAAV0@$$QAV0@@Z 00405d8e f i libucrt:output.obj
 0001:00004f2c       ?crop_zeroes@__crt_stdio_output@@YAXPADQAU__crt_locale_pointers@@@Z 00405f2c f i libucrt:output.obj
 0001:00004f83       ?find_next_state@?$output_processor@DV?$stream_output_adapter@D@__crt_stdio_output@@V?$standard_base@DV?$stream_output_adapter@D@__crt_stdio_output@@@2@@__crt_stdio_output@@ABE?AW4state@2@DW432@@Z 00405f83 f i libucrt:output.obj
 0001:00004f83       ?find_next_state@?$output_processor@DV?$string_output_adapter@D@__crt_stdio_output@@V?$standard_base@DV?$string_output_adapter@D@__crt_stdio_output@@@2@@__crt_stdio_output@@ABE?AW4state@2@DW432@@Z 00405f83 f i libucrt:output.obj
 0001:00004fb5       ?find_next_state@?$output_processor@_WV?$string_output_adapter@_W@__crt_stdio_output@@V?$standard_base@_WV?$string_output_adapter@_W@__crt_stdio_output@@@2@@__crt_stdio_output@@ABE?AW4state@2@_WW432@@Z 00405fb5 f i libucrt:output.obj
 0001:00004fb5       ?find_next_state@?$output_processor@_WV?$stream_output_adapter@_W@__crt_stdio_output@@V?$standard_base@_WV?$stream_output_adapter@_W@__crt_stdio_output@@@2@@__crt_stdio_output@@ABE?AW4state@2@_WW432@@Z 00405fb5 f i libucrt:output.obj
 0001:00004fe9       ?force_decimal_point@__crt_stdio_output@@YAXPADQAU__crt_locale_pointers@@@Z 00405fe9 f i libucrt:output.obj
 0001:00005045       ?parse_int_from_format_string@?$output_processor@DV?$stream_output_adapter@D@__crt_stdio_output@@V?$standard_base@DV?$stream_output_adapter@D@__crt_stdio_output@@@2@@__crt_stdio_output@@AAE_NQAH@Z 00406045 f i libucrt:output.obj
 0001:00005045       ?parse_int_from_format_string@?$output_processor@DV?$string_output_adapter@D@__crt_stdio_output@@V?$standard_base@DV?$string_output_adapter@D@__crt_stdio_output@@@2@@__crt_stdio_output@@AAE_NQAH@Z 00406045 f i libucrt:output.obj
 0001:000050a1       ?parse_int_from_format_string@?$output_processor@_WV?$string_output_adapter@_W@__crt_stdio_output@@V?$standard_base@_WV?$string_output_adapter@_W@__crt_stdio_output@@@2@@__crt_stdio_output@@AAE_NQAH@Z 004060a1 f i libucrt:output.obj
 0001:000050a1       ?parse_int_from_format_string@?$output_processor@_WV?$stream_output_adapter@_W@__crt_stdio_output@@V?$standard_base@_WV?$stream_output_adapter@_W@__crt_stdio_output@@@2@@__crt_stdio_output@@AAE_NQAH@Z 004060a1 f i libucrt:output.obj
 0001:000050ff       ?process@?$output_processor@DV?$stream_output_adapter@D@__crt_stdio_output@@V?$standard_base@DV?$stream_output_adapter@D@__crt_stdio_output@@@2@@__crt_stdio_output@@QAEHXZ 004060ff f i libucrt:output.obj
 0001:0000521b       ?process@?$output_processor@DV?$string_output_adapter@D@__crt_stdio_output@@V?$standard_base@DV?$string_output_adapter@D@__crt_stdio_output@@@2@@__crt_stdio_output@@QAEHXZ 0040621b f i libucrt:output.obj
 0001:00005337       ?process@?$output_processor@_WV?$stream_output_adapter@_W@__crt_stdio_output@@V?$standard_base@_WV?$stream_output_adapter@_W@__crt_stdio_output@@@2@@__crt_stdio_output@@QAEHXZ 00406337 f i libucrt:output.obj
 0001:00005457       ?process@?$output_processor@_WV?$string_output_adapter@_W@__crt_stdio_output@@V?$standard_base@_WV?$string_output_adapter@_W@__crt_stdio_output@@@2@@__crt_stdio_output@@QAEHXZ 00406457 f i libucrt:output.obj
 0001:00005577       ?state_case_flag@?$output_processor@DV?$string_output_adapter@D@__crt_stdio_output@@V?$standard_base@DV?$string_output_adapter@D@__crt_stdio_output@@@2@@__crt_stdio_output@@AAE_NXZ 00406577 f i libucrt:output.obj
 0001:00005577       ?state_case_flag@?$output_processor@DV?$stream_output_adapter@D@__crt_stdio_output@@V?$standard_base@DV?$stream_output_adapter@D@__crt_stdio_output@@@2@@__crt_stdio_output@@AAE_NXZ 00406577 f i libucrt:output.obj
 0001:000055b4       ?state_case_flag@?$output_processor@_WV?$stream_output_adapter@_W@__crt_stdio_output@@V?$standard_base@_WV?$stream_output_adapter@_W@__crt_stdio_output@@@2@@__crt_stdio_output@@AAE_NXZ 004065b4 f i libucrt:output.obj
 0001:000055b4       ?state_case_flag@?$output_processor@_WV?$string_output_adapter@_W@__crt_stdio_output@@V?$standard_base@_WV?$string_output_adapter@_W@__crt_stdio_output@@@2@@__crt_stdio_output@@AAE_NXZ 004065b4 f i libucrt:output.obj
 0001:000055f1       ?state_case_normal@?$output_processor@DV?$stream_output_adapter@D@__crt_stdio_output@@V?$standard_base@DV?$stream_output_adapter@D@__crt_stdio_output@@@2@@__crt_stdio_output@@AAE_NXZ 004065f1 f i libucrt:output.obj
 0001:00005610       ?state_case_normal@?$output_processor@DV?$string_output_adapter@D@__crt_stdio_output@@V?$standard_base@DV?$string_output_adapter@D@__crt_stdio_output@@@2@@__crt_stdio_output@@AAE_NXZ 00406610 f i libucrt:output.obj
 0001:0000562f       ?state_case_normal@?$output_processor@_WV?$stream_output_adapter@_W@__crt_stdio_output@@V?$standard_base@_WV?$stream_output_adapter@_W@__crt_stdio_output@@@2@@__crt_stdio_output@@AAE_NXZ 0040662f f i libucrt:output.obj
 0001:0000564e       ?state_case_normal@?$output_processor@_WV?$string_output_adapter@_W@__crt_stdio_output@@V?$standard_base@_WV?$string_output_adapter@_W@__crt_stdio_output@@@2@@__crt_stdio_output@@AAE_NXZ 0040664e f i libucrt:output.obj
 0001:0000566d       ?state_case_normal_common@?$output_processor@DV?$stream_output_adapter@D@__crt_stdio_output@@V?$standard_base@DV?$stream_output_adapter@D@__crt_stdio_output@@@2@@__crt_stdio_output@@AAE_NXZ 0040666d f i libucrt:output.obj
 0001:00005697       ?state_case_normal_common@?$output_processor@DV?$string_output_adapter@D@__crt_stdio_output@@V?$standard_base@DV?$string_output_adapter@D@__crt_stdio_output@@@2@@__crt_stdio_output@@AAE_NXZ 00406697 f i libucrt:output.obj
 0001:000056c1       ?state_case_normal_common@?$output_processor@_WV?$stream_output_adapter@_W@__crt_stdio_output@@V?$standard_base@_WV?$stream_output_adapter@_W@__crt_stdio_output@@@2@@__crt_stdio_output@@AAE_NXZ 004066c1 f i libucrt:output.obj
 0001:000056dc       ?state_case_normal_common@?$output_processor@_WV?$string_output_adapter@_W@__crt_stdio_output@@V?$standard_base@_WV?$string_output_adapter@_W@__crt_stdio_output@@@2@@__crt_stdio_output@@AAE_NXZ 004066dc f i libucrt:output.obj
 0001:000056f7       ?state_case_normal_tchar@?$output_processor@DV?$stream_output_adapter@D@__crt_stdio_output@@V?$standard_base@DV?$stream_output_adapter@D@__crt_stdio_output@@@2@@__crt_stdio_output@@AAE_ND@Z 004066f7 f i libucrt:output.obj
 0001:00005758       ?state_case_normal_tchar@?$output_processor@DV?$string_output_adapter@D@__crt_stdio_output@@V?$standard_base@DV?$string_output_adapter@D@__crt_stdio_output@@@2@@__crt_stdio_output@@AAE_ND@Z 00406758 f i libucrt:output.obj
 0001:000057b9       ?state_case_precision@?$output_processor@DV?$string_output_adapter@D@__crt_stdio_output@@V?$standard_base@DV?$string_output_adapter@D@__crt_stdio_output@@@2@@__crt_stdio_output@@AAE_NXZ 004067b9 f i libucrt:output.obj
 0001:000057b9       ?state_case_precision@?$output_processor@DV?$stream_output_adapter@D@__crt_stdio_output@@V?$standard_base@DV?$stream_output_adapter@D@__crt_stdio_output@@@2@@__crt_stdio_output@@AAE_NXZ 004067b9 f i libucrt:output.obj
 0001:000057e1       ?state_case_precision@?$output_processor@_WV?$string_output_adapter@_W@__crt_stdio_output@@V?$standard_base@_WV?$string_output_adapter@_W@__crt_stdio_output@@@2@@__crt_stdio_output@@AAE_NXZ 004067e1 f i libucrt:output.obj
 0001:000057e1       ?state_case_precision@?$output_processor@_WV?$stream_output_adapter@_W@__crt_stdio_output@@V?$standard_base@_WV?$stream_output_adapter@_W@__crt_stdio_output@@@2@@__crt_stdio_output@@AAE_NXZ 004067e1 f i libucrt:output.obj
 0001:0000580a       ?state_case_size@?$output_processor@DV?$stream_output_adapter@D@__crt_stdio_output@@V?$standard_base@DV?$stream_output_adapter@D@__crt_stdio_output@@@2@@__crt_stdio_output@@AAE_NXZ 0040680a f i libucrt:output.obj
 0001:00005973       ?state_case_size@?$output_processor@DV?$string_output_adapter@D@__crt_stdio_output@@V?$standard_base@DV?$string_output_adapter@D@__crt_stdio_output@@@2@@__crt_stdio_output@@AAE_NXZ 00406973 f i libucrt:output.obj
 0001:00005adc       ?state_case_size@?$output_processor@_WV?$stream_output_adapter@_W@__crt_stdio_output@@V?$standard_base@_WV?$stream_output_adapter@_W@__crt_stdio_output@@@2@@__crt_stdio_output@@AAE_NXZ 00406adc f i libucrt:output.obj
 0001:00005c58       ?state_case_size@?$output_processor@_WV?$string_output_adapter@_W@__crt_stdio_output@@V?$standard_base@_WV?$string_output_adapter@_W@__crt_stdio_output@@@2@@__crt_stdio_output@@AAE_NXZ 00406c58 f i libucrt:output.obj
 0001:00005dd4       ?state_case_type@?$output_processor@DV?$stream_output_adapter@D@__crt_stdio_output@@V?$standard_base@DV?$stream_output_adapter@D@__crt_stdio_output@@@2@@__crt_stdio_output@@AAE_NXZ 00406dd4 f i libucrt:output.obj
 0001:00006003       ?state_case_type@?$output_processor@DV?$string_output_adapter@D@__crt_stdio_output@@V?$standard_base@DV?$string_output_adapter@D@__crt_stdio_output@@@2@@__crt_stdio_output@@AAE_NXZ 00407003 f i libucrt:output.obj
 0001:00006232       ?state_case_type@?$output_processor@_WV?$stream_output_adapter@_W@__crt_stdio_output@@V?$standard_base@_WV?$stream_output_adapter@_W@__crt_stdio_output@@@2@@__crt_stdio_output@@AAE_NXZ 00407232 f i libucrt:output.obj
 0001:0000648f       ?state_case_type@?$output_processor@_WV?$string_output_adapter@_W@__crt_stdio_output@@V?$standard_base@_WV?$string_output_adapter@_W@__crt_stdio_output@@@2@@__crt_stdio_output@@AAE_NXZ 0040748f f i libucrt:output.obj
 0001:000066ec       ?state_case_width@?$output_processor@DV?$stream_output_adapter@D@__crt_stdio_output@@V?$standard_base@DV?$stream_output_adapter@D@__crt_stdio_output@@@2@@__crt_stdio_output@@AAE_NXZ 004076ec f i libucrt:output.obj
 0001:000066ec       ?state_case_width@?$output_processor@DV?$string_output_adapter@D@__crt_stdio_output@@V?$standard_base@DV?$string_output_adapter@D@__crt_stdio_output@@@2@@__crt_stdio_output@@AAE_NXZ 004076ec f i libucrt:output.obj
 0001:00006717       ?state_case_width@?$output_processor@_WV?$stream_output_adapter@_W@__crt_stdio_output@@V?$standard_base@_WV?$stream_output_adapter@_W@__crt_stdio_output@@@2@@__crt_stdio_output@@AAE_NXZ 00407717 f i libucrt:output.obj
 0001:00006717       ?state_case_width@?$output_processor@_WV?$string_output_adapter@_W@__crt_stdio_output@@V?$standard_base@_WV?$string_output_adapter@_W@__crt_stdio_output@@@2@@__crt_stdio_output@@AAE_NXZ 00407717 f i libucrt:output.obj
 0001:00006743       ?to_integer_size@__crt_stdio_output@@YAIW4length_modifier@1@@Z 00407743 f i libucrt:output.obj
 0001:0000679f       ?type_case_Z@?$output_processor@DV?$stream_output_adapter@D@__crt_stdio_output@@V?$standard_base@DV?$stream_output_adapter@D@__crt_stdio_output@@@2@@__crt_stdio_output@@AAE_NXZ 0040779f f i libucrt:output.obj
 0001:0000679f       ?type_case_Z@?$output_processor@DV?$string_output_adapter@D@__crt_stdio_output@@V?$standard_base@DV?$string_output_adapter@D@__crt_stdio_output@@@2@@__crt_stdio_output@@AAE_NXZ 0040779f f i libucrt:output.obj
 0001:00006802       ?type_case_Z@?$output_processor@_WV?$string_output_adapter@_W@__crt_stdio_output@@V?$standard_base@_WV?$string_output_adapter@_W@__crt_stdio_output@@@2@@__crt_stdio_output@@AAE_NXZ 00407802 f i libucrt:output.obj
 0001:00006802       ?type_case_Z@?$output_processor@_WV?$stream_output_adapter@_W@__crt_stdio_output@@V?$standard_base@_WV?$stream_output_adapter@_W@__crt_stdio_output@@@2@@__crt_stdio_output@@AAE_NXZ 00407802 f i libucrt:output.obj
 0001:00006865       ?type_case_a@?$output_processor@DV?$stream_output_adapter@D@__crt_stdio_output@@V?$standard_base@DV?$stream_output_adapter@D@__crt_stdio_output@@@2@@__crt_stdio_output@@AAE_NXZ 00407865 f i libucrt:output.obj
 0001:00006865       ?type_case_a@?$output_processor@DV?$string_output_adapter@D@__crt_stdio_output@@V?$standard_base@DV?$string_output_adapter@D@__crt_stdio_output@@@2@@__crt_stdio_output@@AAE_NXZ 00407865 f i libucrt:output.obj
 0001:000069bf       ?type_case_a@?$output_processor@_WV?$stream_output_adapter@_W@__crt_stdio_output@@V?$standard_base@_WV?$stream_output_adapter@_W@__crt_stdio_output@@@2@@__crt_stdio_output@@AAE_NXZ 004079bf f i libucrt:output.obj
 0001:000069bf       ?type_case_a@?$output_processor@_WV?$string_output_adapter@_W@__crt_stdio_output@@V?$standard_base@_WV?$string_output_adapter@_W@__crt_stdio_output@@@2@@__crt_stdio_output@@AAE_NXZ 004079bf f i libucrt:output.obj
 0001:00006b31       ?type_case_c_tchar@?$output_processor@DV?$stream_output_adapter@D@__crt_stdio_output@@V?$standard_base@DV?$stream_output_adapter@D@__crt_stdio_output@@@2@@__crt_stdio_output@@AAE_ND@Z 00407b31 f i libucrt:output.obj
 0001:00006b31       ?type_case_c_tchar@?$output_processor@DV?$string_output_adapter@D@__crt_stdio_output@@V?$standard_base@DV?$string_output_adapter@D@__crt_stdio_output@@@2@@__crt_stdio_output@@AAE_ND@Z 00407b31 f i libucrt:output.obj
 0001:00006bc1       ?type_case_c_tchar@?$output_processor@_WV?$stream_output_adapter@_W@__crt_stdio_output@@V?$standard_base@_WV?$stream_output_adapter@_W@__crt_stdio_output@@@2@@__crt_stdio_output@@AAE_N_W@Z 00407bc1 f i libucrt:output.obj
 0001:00006bc1       ?type_case_c_tchar@?$output_processor@_WV?$string_output_adapter@_W@__crt_stdio_output@@V?$standard_base@_WV?$string_output_adapter@_W@__crt_stdio_output@@@2@@__crt_stdio_output@@AAE_N_W@Z 00407bc1 f i libucrt:output.obj
 0001:00006c59       ?type_case_integer@?$output_processor@DV?$stream_output_adapter@D@__crt_stdio_output@@V?$standard_base@DV?$stream_output_adapter@D@__crt_stdio_output@@@2@@__crt_stdio_output@@AAE_NI_N@Z 00407c59 f i libucrt:output.obj
 0001:00006c59       ?type_case_integer@?$output_processor@_WV?$stream_output_adapter@_W@__crt_stdio_output@@V?$standard_base@_WV?$stream_output_adapter@_W@__crt_stdio_output@@@2@@__crt_stdio_output@@AAE_NI_N@Z 00407c59 f i libucrt:output.obj
 0001:00006c59       ?type_case_integer@?$output_processor@_WV?$string_output_adapter@_W@__crt_stdio_output@@V?$standard_base@_WV?$string_output_adapter@_W@__crt_stdio_output@@@2@@__crt_stdio_output@@AAE_NI_N@Z 00407c59 f i libucrt:output.obj
 0001:00006c59       ?type_case_integer@?$output_processor@DV?$string_output_adapter@D@__crt_stdio_output@@V?$standard_base@DV?$string_output_adapter@D@__crt_stdio_output@@@2@@__crt_stdio_output@@AAE_NI_N@Z 00407c59 f i libucrt:output.obj
 0001:00006da3       ?type_case_n@?$output_processor@_WV?$string_output_adapter@_W@__crt_stdio_output@@V?$standard_base@_WV?$string_output_adapter@_W@__crt_stdio_output@@@2@@__crt_stdio_output@@AAE_NXZ 00407da3 f i libucrt:output.obj
 0001:00006da3       ?type_case_n@?$output_processor@DV?$string_output_adapter@D@__crt_stdio_output@@V?$standard_base@DV?$string_output_adapter@D@__crt_stdio_output@@@2@@__crt_stdio_output@@AAE_NXZ 00407da3 f i libucrt:output.obj
 0001:00006da3       ?type_case_n@?$output_processor@_WV?$stream_output_adapter@_W@__crt_stdio_output@@V?$standard_base@_WV?$stream_output_adapter@_W@__crt_stdio_output@@@2@@__crt_stdio_output@@AAE_NXZ 00407da3 f i libucrt:output.obj
 0001:00006da3       ?type_case_n@?$output_processor@DV?$stream_output_adapter@D@__crt_stdio_output@@V?$standard_base@DV?$stream_output_adapter@D@__crt_stdio_output@@@2@@__crt_stdio_output@@AAE_NXZ 00407da3 f i libucrt:output.obj
 0001:00006e17       ?type_case_o@?$output_processor@DV?$stream_output_adapter@D@__crt_stdio_output@@V?$standard_base@DV?$stream_output_adapter@D@__crt_stdio_output@@@2@@__crt_stdio_output@@AAE_NXZ 00407e17 f i libucrt:output.obj
 0001:00006e17       ?type_case_o@?$output_processor@DV?$string_output_adapter@D@__crt_stdio_output@@V?$standard_base@DV?$string_output_adapter@D@__crt_stdio_output@@@2@@__crt_stdio_output@@AAE_NXZ 00407e17 f i libucrt:output.obj
 0001:00006e17       ?type_case_o@?$output_processor@_WV?$string_output_adapter@_W@__crt_stdio_output@@V?$standard_base@_WV?$string_output_adapter@_W@__crt_stdio_output@@@2@@__crt_stdio_output@@AAE_NXZ 00407e17 f i libucrt:output.obj
 0001:00006e17       ?type_case_o@?$output_processor@_WV?$stream_output_adapter@_W@__crt_stdio_output@@V?$standard_base@_WV?$stream_output_adapter@_W@__crt_stdio_output@@@2@@__crt_stdio_output@@AAE_NXZ 00407e17 f i libucrt:output.obj
 0001:00006e36       ?type_case_p@?$output_processor@_WV?$string_output_adapter@_W@__crt_stdio_output@@V?$standard_base@_WV?$string_output_adapter@_W@__crt_stdio_output@@@2@@__crt_stdio_output@@AAE_NXZ 00407e36 f i libucrt:output.obj
 0001:00006e36       ?type_case_p@?$output_processor@DV?$string_output_adapter@D@__crt_stdio_output@@V?$standard_base@DV?$string_output_adapter@D@__crt_stdio_output@@@2@@__crt_stdio_output@@AAE_NXZ 00407e36 f i libucrt:output.obj
 0001:00006e36       ?type_case_p@?$output_processor@_WV?$stream_output_adapter@_W@__crt_stdio_output@@V?$standard_base@_WV?$stream_output_adapter@_W@__crt_stdio_output@@@2@@__crt_stdio_output@@AAE_NXZ 00407e36 f i libucrt:output.obj
 0001:00006e36       ?type_case_p@?$output_processor@DV?$stream_output_adapter@D@__crt_stdio_output@@V?$standard_base@DV?$stream_output_adapter@D@__crt_stdio_output@@@2@@__crt_stdio_output@@AAE_NXZ 00407e36 f i libucrt:output.obj
 0001:00006e4e       ?type_case_s@?$output_processor@DV?$stream_output_adapter@D@__crt_stdio_output@@V?$standard_base@DV?$stream_output_adapter@D@__crt_stdio_output@@@2@@__crt_stdio_output@@AAE_NXZ 00407e4e f i libucrt:output.obj
 0001:00006e4e       ?type_case_s@?$output_processor@DV?$string_output_adapter@D@__crt_stdio_output@@V?$standard_base@DV?$string_output_adapter@D@__crt_stdio_output@@@2@@__crt_stdio_output@@AAE_NXZ 00407e4e f i libucrt:output.obj
 0001:00006ec1       ?type_case_s@?$output_processor@_WV?$stream_output_adapter@_W@__crt_stdio_output@@V?$standard_base@_WV?$stream_output_adapter@_W@__crt_stdio_output@@@2@@__crt_stdio_output@@AAE_NXZ 00407ec1 f i libucrt:output.obj
 0001:00006ec1       ?type_case_s@?$output_processor@_WV?$string_output_adapter@_W@__crt_stdio_output@@V?$standard_base@_WV?$string_output_adapter@_W@__crt_stdio_output@@@2@@__crt_stdio_output@@AAE_NXZ 00407ec1 f i libucrt:output.obj
 0001:00006f35       ?type_case_s_compute_narrow_string_length@?$output_processor@_WV?$stream_output_adapter@_W@__crt_stdio_output@@V?$standard_base@_WV?$stream_output_adapter@_W@__crt_stdio_output@@@2@@__crt_stdio_output@@ABEHH_W@Z 00407f35 f i libucrt:output.obj
 0001:00006f35       ?type_case_s_compute_narrow_string_length@?$output_processor@_WV?$string_output_adapter@_W@__crt_stdio_output@@V?$standard_base@_WV?$string_output_adapter@_W@__crt_stdio_output@@@2@@__crt_stdio_output@@ABEHH_W@Z 00407f35 f i libucrt:output.obj
 0001:00006f75       ?validate@?$stream_output_adapter@D@__crt_stdio_output@@QBE_NXZ 00407f75 f i libucrt:output.obj
 0001:00006f96       ?validate@?$c_string_character_source@D@__crt_strtox@@QBE_NXZ 00407f96 f i libucrt:atox.obj
 0001:00006f96       ?validate@?$stream_output_adapter@_W@__crt_stdio_output@@QBE_NXZ 00407f96 f i libucrt:output.obj
 0001:00006f96       ?validate@?$string_output_adapter@_W@__crt_stdio_output@@QBE_NXZ 00407f96 f i libucrt:output.obj
 0001:00006f96       ?validate@?$c_string_character_source@_W@__crt_strtox@@QBE_NXZ 00407f96 f i libucrt:atox.obj
 0001:00006f96       ?validate@?$string_output_adapter@D@__crt_stdio_output@@QBE_NXZ 00407f96 f i libucrt:output.obj
 0001:00006fb1       ?validate_stream_is_ansi_if_required@?$__acrt_stdio_char_traits@D@@SA_NQAU_iobuf@@@Z 00407fb1 f i libucrt:output.obj
 0001:00007033       ?write_character@?$stream_output_adapter@D@__crt_stdio_output@@QBEXDQAH@Z 00408033 f i libucrt:output.obj
 0001:00007070       ?write_character@?$stream_output_adapter@_W@__crt_stdio_output@@QBEX_WQAH@Z 00408070 f i libucrt:output.obj
 0001:000070b0       ?write_character@?$string_output_adapter@D@__crt_stdio_output@@QBE_NDQAH@Z 004080b0 f i libucrt:output.obj
 0001:000070f2       ?write_character@?$string_output_adapter@_W@__crt_stdio_output@@QBE_N_WQAH@Z 004080f2 f i libucrt:output.obj
 0001:00007137       ?write_stored_string_tchar@?$output_processor@DV?$stream_output_adapter@D@__crt_stdio_output@@V?$standard_base@DV?$stream_output_adapter@D@__crt_stdio_output@@@2@@__crt_stdio_output@@AAE_ND@Z 00408137 f i libucrt:output.obj
 0001:000071de       ?write_stored_string_tchar@?$output_processor@DV?$string_output_adapter@D@__crt_stdio_output@@V?$standard_base@DV?$string_output_adapter@D@__crt_stdio_output@@@2@@__crt_stdio_output@@AAE_ND@Z 004081de f i libucrt:output.obj
 0001:00007285       ?write_stored_string_tchar@?$output_processor@_WV?$stream_output_adapter@_W@__crt_stdio_output@@V?$standard_base@_WV?$stream_output_adapter@_W@__crt_stdio_output@@@2@@__crt_stdio_output@@AAE_N_W@Z 00408285 f i libucrt:output.obj
 0001:00007310       ?write_stored_string_tchar@?$output_processor@_WV?$string_output_adapter@_W@__crt_stdio_output@@V?$standard_base@_WV?$string_output_adapter@_W@__crt_stdio_output@@@2@@__crt_stdio_output@@AAE_N_W@Z 00408310 f i libucrt:output.obj
 0001:0000739b       ?write_string@?$stream_output_adapter@D@__crt_stdio_output@@QBEXQBDHQAH1@Z 0040839b f i libucrt:output.obj
 0001:00007425       ?write_string@?$stream_output_adapter@_W@__crt_stdio_output@@QBEXQB_WHQAH1@Z 00408425 f i libucrt:output.obj
 0001:000074b2       ?write_string@?$string_output_adapter@D@__crt_stdio_output@@QBEXQBDHQAH1@Z 004084b2 f i libucrt:output.obj
 0001:00007545       ?write_string@?$string_output_adapter@_W@__crt_stdio_output@@QBEXQB_WHQAH1@Z 00408545 f i libucrt:output.obj
 0001:000075df       ___stdio_common_vfprintf   004085df f   libucrt:output.obj
 0001:00007656       ___stdio_common_vfwprintf  00408656 f   libucrt:output.obj
 0001:000076cd       ___stdio_common_vsprintf   004086cd f   libucrt:output.obj
 0001:000076f1       ___stdio_common_vswprintf  004086f1 f   libucrt:output.obj
 0001:000077d6       _fopen                     004087d6 f   libucrt:fopen.obj
 0001:000077ed       __fclose_nolock            004087ed f   libucrt:fclose.obj
 0001:00007863       _fclose                    00408863 f   libucrt:fclose.obj
 0001:000078e3       _feof                      004088e3 f   libucrt:feoferr.obj
 0001:0000790e       _ferror                    0040890e f   libucrt:feoferr.obj
 0001:00007939       __fread_nolock_s           00408939 f   libucrt:fread.obj
 0001:00007b05       _fread                     00408b05 f   libucrt:fread.obj
 0001:00007b22       _fread_s                   00408b22 f   libucrt:fread.obj
 0001:00007bb5       ??$assemble_floating_point_ind@N@__crt_strtox@@YAXAAN@Z 00408bb5 f i libucrt:input.obj
 0001:00007be4       ??$assemble_floating_point_infinity@N@__crt_strtox@@YAX_NAAN@Z 00408be4 f i libucrt:input.obj
 0001:00007c23       ??$assemble_floating_point_qnan@N@__crt_strtox@@YAX_NAAN@Z 00408c23 f i libucrt:input.obj
 0001:00007c62       ??$assemble_floating_point_snan@N@__crt_strtox@@YAX_NAAN@Z 00408c62 f i libucrt:input.obj
 0001:00007ca6       ??$assemble_floating_point_value_t@M@__crt_strtox@@YA?AW4SLD_STATUS@@_NH_KAAM@Z 00408ca6 f i libucrt:input.obj
 0001:00007cd6       ??$assemble_floating_point_value_t@N@__crt_strtox@@YA?AW4SLD_STATUS@@_NH_KAAN@Z 00408cd6 f i libucrt:input.obj
 0001:00007d35       ??$assemble_floating_point_zero@N@__crt_strtox@@YAX_NAAN@Z 00408d35 f i libucrt:input.obj
 0001:00007e33       ??$convert_decimal_string_to_floating_type@M@__crt_strtox@@YA?AW4SLD_STATUS@@ABUfloating_point_string@0@AAM@Z 00408e33 f i libucrt:input.obj
 0001:00007e56       ??$convert_decimal_string_to_floating_type@N@__crt_strtox@@YA?AW4SLD_STATUS@@ABUfloating_point_string@0@AAN@Z 00408e56 f i libucrt:input.obj
 0001:00007e79       ??$convert_hexadecimal_string_to_floating_type@M@__crt_strtox@@YA?AW4SLD_STATUS@@ABUfloating_point_string@0@AAM@Z 00408e79 f i libucrt:input.obj
 0001:00007e9c       ??$convert_hexadecimal_string_to_floating_type@N@__crt_strtox@@YA?AW4SLD_STATUS@@ABUfloating_point_string@0@AAN@Z 00408e9c f i libucrt:input.obj
 0001:00007ebf       ??$is_overflow_condition@_K@__crt_strtox@@YA_NI_K@Z 00408ebf f i libucrt:input.obj
 0001:00007f02       ??$make_input_adapter_character_source@V?$string_input_adapter@D@__crt_stdio_input@@@__crt_strtox@@YA?AV?$input_adapter_character_source@V?$string_input_adapter@D@__crt_stdio_input@@@0@QAV?$string_input_adapter@D@__crt_stdio_input@@_KQA_N@Z 00408f02 f i libucrt:input.obj
 0001:00007f20       ??$parse_floating_point@V?$input_adapter_character_source@V?$string_input_adapter@D@__crt_stdio_input@@@__crt_strtox@@M@__crt_strtox@@YA?AW4SLD_STATUS@@QAU__crt_locale_pointers@@V?$input_adapter_character_source@V?$string_input_adapter@D@__crt_stdio_input@@@0@QAM@Z 00408f20 f i libucrt:input.obj
 0001:00007f9b       ??$parse_floating_point@V?$input_adapter_character_source@V?$string_input_adapter@D@__crt_stdio_input@@@__crt_strtox@@N@__crt_strtox@@YA?AW4SLD_STATUS@@QAU__crt_locale_pointers@@V?$input_adapter_character_source@V?$string_input_adapter@D@__crt_stdio_input@@@0@QAN@Z 00408f9b f i libucrt:input.obj
 0001:00008016       ??$parse_floating_point_from_source@V?$input_adapter_character_source@V?$string_input_adapter@D@__crt_stdio_input@@@__crt_strtox@@@__crt_strtox@@YA?AW4floating_point_parse_result@0@QAU__crt_locale_pointers@@AAV?$input_adapter_character_source@V?$string_input_adapter@D@__crt_stdio_input@@@0@AAUfloating_point_string@0@@Z 00409016 f i libucrt:input.obj
 0001:0000847d       ??$parse_floating_point_possible_infinity@DV?$input_adapter_character_source@V?$string_input_adapter@D@__crt_stdio_input@@@__crt_strtox@@_K@__crt_strtox@@YA?AW4floating_point_parse_result@0@AADAAV?$input_adapter_character_source@V?$string_input_adapter@D@__crt_stdio_input@@@0@_K@Z 0040947d f i libucrt:input.obj
 0001:0000853e       ??$parse_floating_point_possible_nan@DV?$input_adapter_character_source@V?$string_input_adapter@D@__crt_stdio_input@@@__crt_strtox@@_K@__crt_strtox@@YA?AW4floating_point_parse_result@0@AADAAV?$input_adapter_character_source@V?$string_input_adapter@D@__crt_stdio_input@@@0@_K@Z 0040953e f i libucrt:input.obj
 0001:00008650       ??$parse_floating_point_possible_nan_is_ind@DV?$input_adapter_character_source@V?$string_input_adapter@D@__crt_stdio_input@@@__crt_strtox@@@__crt_strtox@@YA_NAADAAV?$input_adapter_character_source@V?$string_input_adapter@D@__crt_stdio_input@@@0@@Z 00409650 f i libucrt:input.obj
 0001:0000868a       ??$parse_floating_point_possible_nan_is_snan@DV?$input_adapter_character_source@V?$string_input_adapter@D@__crt_stdio_input@@@__crt_strtox@@@__crt_strtox@@YA_NAADAAV?$input_adapter_character_source@V?$string_input_adapter@D@__crt_stdio_input@@@0@@Z 0040968a f i libucrt:input.obj
 0001:000086c4       ??$parse_floating_point_write_result@M@__crt_strtox@@YA?AW4SLD_STATUS@@W4floating_point_parse_result@0@ABUfloating_point_string@0@QAM@Z 004096c4 f i libucrt:input.obj
 0001:000087d4       ??$parse_floating_point_write_result@N@__crt_strtox@@YA?AW4SLD_STATUS@@W4floating_point_parse_result@0@ABUfloating_point_string@0@QAN@Z 004097d4 f i libucrt:input.obj
 0001:000088d8       ??$parse_integer@_KV?$input_adapter_character_source@V?$string_input_adapter@D@__crt_stdio_input@@@__crt_strtox@@@__crt_strtox@@YA_KQAU__crt_locale_pointers@@V?$input_adapter_character_source@V?$string_input_adapter@D@__crt_stdio_input@@@0@H_N@Z 004098d8 f i libucrt:input.obj
 0001:00008b89       ??$process_floating_point_specifier_t@M@?$input_processor@DV?$string_input_adapter@D@__crt_stdio_input@@@__crt_stdio_input@@AAE_NXZ 00409b89 f i libucrt:input.obj
 0001:00008bf1       ??$process_floating_point_specifier_t@N@?$input_processor@DV?$string_input_adapter@D@__crt_stdio_input@@@__crt_stdio_input@@AAE_NXZ 00409bf1 f i libucrt:input.obj
 0001:00008c59       ??$process_string_specifier_tchar@D@?$input_processor@DV?$string_input_adapter@D@__crt_stdio_input@@@__crt_stdio_input@@AAE_NW4conversion_mode@1@D@Z 00409c59 f i libucrt:input.obj
 0001:00008dbb       ??$process_string_specifier_tchar@_W@?$input_processor@DV?$string_input_adapter@D@__crt_stdio_input@@@__crt_stdio_input@@AAE_NW4conversion_mode@1@_W@Z 00409dbb f i libucrt:input.obj
 0001:00008f27       ??$skip_whitespace@Vstring_input_adapter@__crt_stdio_input@@D@__crt_stdio_input@@YAHAAV?$string_input_adapter@D@0@QAU__crt_locale_pointers@@@Z 00409f27 f i libucrt:input.obj
 0001:00008f56       ??$write_floating_point@M@?$input_processor@DV?$string_input_adapter@D@__crt_stdio_input@@@__crt_stdio_input@@AAE_NABM@Z 00409f56 f i libucrt:input.obj
 0001:00008f8d       ??$write_floating_point@N@?$input_processor@DV?$string_input_adapter@D@__crt_stdio_input@@@__crt_stdio_input@@AAE_NABN@Z 00409f8d f i libucrt:input.obj
 0001:00008fca       ??0?$format_string_parser@D@__crt_stdio_input@@QAE@_KQBE@Z 00409fca f i libucrt:input.obj
 0001:00009014       ??0?$input_adapter_character_source@V?$string_input_adapter@D@__crt_stdio_input@@@__crt_strtox@@QAE@QAV?$string_input_adapter@D@__crt_stdio_input@@_KQA_N@Z 0040a014 f i libucrt:input.obj
 0001:00009045       ??0?$input_processor@DV?$string_input_adapter@D@__crt_stdio_input@@@__crt_stdio_input@@QAE@ABV?$string_input_adapter@D@1@_KQBDQAU__crt_locale_pointers@@QAD@Z 0040a045 f i libucrt:input.obj
 0001:000090b7       ?advance@?$format_string_parser@D@__crt_stdio_input@@QAE_NXZ 0040a0b7 f i libucrt:input.obj
 0001:000091d7       ?as_double@floating_point_value@__crt_strtox@@QBEAANXZ 0040a1d7 f i libucrt:input.obj
 0001:000091fc       ?as_float@floating_point_value@__crt_strtox@@QBEAAMXZ 0040a1fc f i libucrt:input.obj
 0001:00009221       ?assemble_floating_point_infinity@__crt_strtox@@YAX_NABVfloating_point_value@1@@Z 0040a221 f i libucrt:input.obj
 0001:0000925b       ?assemble_floating_point_value@__crt_strtox@@YA?AW4SLD_STATUS@@_KH_N1ABVfloating_point_value@1@@Z 0040a25b f i libucrt:input.obj
 0001:000095a7       ?assemble_floating_point_value_from_big_integer@__crt_strtox@@YA?AW4SLD_STATUS@@ABUbig_integer@1@I_N1ABVfloating_point_value@1@@Z 0040a5a7 f i libucrt:input.obj
 0001:00009735       ?assemble_floating_point_zero@__crt_strtox@@YAX_NABVfloating_point_value@1@@Z 0040a735 f i libucrt:input.obj
 0001:00009769       ?convert_decimal_string_to_floating_type_common@__crt_strtox@@YA?AW4SLD_STATUS@@ABUfloating_point_string@1@ABVfloating_point_value@1@@Z 0040a769 f i libucrt:input.obj
 0001:0000b52c       ?convert_hexadecimal_string_to_floating_type_common@__crt_strtox@@YA?AW4SLD_STATUS@@ABUfloating_point_string@1@ABVfloating_point_value@1@@Z 0040c52c f i libucrt:input.obj
 0001:0000b5d8       ?denormal_mantissa_mask@floating_point_value@__crt_strtox@@QBE_KXZ 0040c5d8 f i libucrt:input.obj
 0001:0000b5f0       ?divide@__crt_strtox@@YA_KAAUbig_integer@1@ABU21@@Z 0040c5f0 f i libucrt:input.obj
 0001:0000ba9e       ?get@?$input_adapter_character_source@V?$string_input_adapter@D@__crt_stdio_input@@@__crt_strtox@@QAEDXZ 0040ca9e f i libucrt:input.obj
 0001:0000bad8       ?get@?$string_input_adapter@D@__crt_stdio_input@@QAEHXZ 0040cad8 f i libucrt:input.obj
 0001:0000baee       ?invert@?$scanset_buffer@E@__crt_stdio_input@@QAEXXZ 0040caee f i libucrt:input.obj
 0001:0000bb0c       ?is_character_allowed_in_string@?$input_processor@DV?$string_input_adapter@D@__crt_stdio_input@@@__crt_stdio_input@@ABE_NW4conversion_mode@2@H@Z 0040cb0c f i libucrt:input.obj
 0001:0000bb52       ?length@?$format_string_parser@D@__crt_stdio_input@@QBEIXZ 0040cb52 f i libucrt:input.obj
 0001:0000bb93       ?normal_mantissa_mask@floating_point_value@__crt_strtox@@QBE_KXZ 0040cb93 f i libucrt:input.obj
 0001:0000bbaa       ?process@?$input_processor@DV?$string_input_adapter@D@__crt_stdio_input@@@__crt_stdio_input@@QAEHXZ 0040cbaa f i libucrt:input.obj
 0001:0000bc2f       ?process_character_count_specifier@?$input_processor@DV?$string_input_adapter@D@__crt_stdio_input@@@__crt_stdio_input@@AAE_NXZ 0040cc2f f i libucrt:input.obj
 0001:0000bc49       ?process_conversion_specifier@?$input_processor@DV?$string_input_adapter@D@__crt_stdio_input@@@__crt_stdio_input@@AAE_NXZ 0040cc49 f i libucrt:input.obj
 0001:0000bcbd       ?process_floating_point_specifier@?$input_processor@DV?$string_input_adapter@D@__crt_stdio_input@@@__crt_stdio_input@@AAE_NXZ 0040ccbd f i libucrt:input.obj
 0001:0000bced       ?process_integer_specifier@?$input_processor@DV?$string_input_adapter@D@__crt_stdio_input@@@__crt_stdio_input@@AAE_NI_N@Z 0040cced f i libucrt:input.obj
 0001:0000bd53       ?process_literal_character@?$input_processor@DV?$string_input_adapter@D@__crt_stdio_input@@@__crt_stdio_input@@AAE_NXZ 0040cd53 f i libucrt:input.obj
 0001:0000bd89       ?process_literal_character_tchar@?$input_processor@DV?$string_input_adapter@D@__crt_stdio_input@@@__crt_stdio_input@@AAE_ND@Z 0040cd89 f i libucrt:input.obj
 0001:0000bddf       ?process_state@?$input_processor@DV?$string_input_adapter@D@__crt_stdio_input@@@__crt_stdio_input@@AAE_NXZ 0040cddf f i libucrt:input.obj
 0001:0000be15       ?process_string_specifier@?$input_processor@DV?$string_input_adapter@D@__crt_stdio_input@@@__crt_stdio_input@@AAE_NW4conversion_mode@2@@Z 0040ce15 f i libucrt:input.obj
 0001:0000be5d       ?process_whitespace@?$input_processor@DV?$string_input_adapter@D@__crt_stdio_input@@@__crt_stdio_input@@AAE_NXZ 0040ce5d f i libucrt:input.obj
 0001:0000be7a       ?restore_state@?$input_adapter_character_source@V?$string_input_adapter@D@__crt_stdio_input@@@__crt_strtox@@QAE_N_K@Z 0040ce7a f i libucrt:input.obj
 0001:0000be9f       ?scan_conversion_specifier@?$format_string_parser@D@__crt_stdio_input@@AAE_NXZ 0040ce9f f i libucrt:input.obj
 0001:0000c00a       ?scan_optional_field_width@?$format_string_parser@D@__crt_stdio_input@@AAE_NXZ 0040d00a f i libucrt:input.obj
 0001:0000c0a9       ?scan_optional_length_modifier@?$format_string_parser@D@__crt_stdio_input@@AAEXXZ 0040d0a9 f i libucrt:input.obj
 0001:0000c1c9       ?scan_optional_literal_character_trail_bytes_tchar@?$format_string_parser@D@__crt_stdio_input@@AAE_ND@Z 0040d1c9 f i libucrt:input.obj
 0001:0000c21e       ?scan_optional_wide_modifier@?$format_string_parser@D@__crt_stdio_input@@AAEXXZ 0040d21e f i libucrt:input.obj
 0001:0000c23c       ?scan_scanset_range@?$format_string_parser@D@__crt_stdio_input@@AAE_NXZ 0040d23c f i libucrt:input.obj
 0001:0000c343       ?set@?$scanset_buffer@E@__crt_stdio_input@@QAEXE@Z 0040d343 f i libucrt:input.obj
 0001:0000c36e       ?set_wide_for_c_s_or_scanset@?$format_string_parser@D@__crt_stdio_input@@AAEXXZ 0040d36e f i libucrt:input.obj
 0001:0000c38e       ?test@?$scanset_buffer@E@__crt_stdio_input@@QBE_NE@Z 0040d38e f i libucrt:input.obj
 0001:0000c3bf       ?to_floating_point_length@__crt_stdio_input@@YAIW4length_modifier@1@@Z 0040d3bf f i libucrt:input.obj
 0001:0000c3e2       ?to_integer_length@__crt_stdio_input@@YAIW4length_modifier@1@@Z 0040d3e2 f i libucrt:input.obj
 0001:0000c43a       ?unget@?$input_adapter_character_source@V?$string_input_adapter@D@__crt_stdio_input@@@__crt_strtox@@QAEXD@Z 0040d43a f i libucrt:input.obj
 0001:0000c47b       ?unget@?$string_input_adapter@D@__crt_stdio_input@@QAEXH@Z 0040d47b f i libucrt:input.obj
 0001:0000c49a       ?validate@?$format_string_parser@D@__crt_stdio_input@@QBE_NXZ 0040d49a f i libucrt:input.obj
 0001:0000c4b6       ?validate@?$input_adapter_character_source@V?$string_input_adapter@D@__crt_stdio_input@@@__crt_strtox@@QBE_NXZ 0040d4b6 f i libucrt:input.obj
 0001:0000c4d7       ?validate@?$string_input_adapter@D@__crt_stdio_input@@QAE_NXZ 0040d4d7 f i libucrt:input.obj
 0001:0000c4f9       ?write_character@?$input_processor@DV?$string_input_adapter@D@__crt_stdio_input@@@__crt_stdio_input@@AAE_NQA_WIAAPA_WAAID@Z 0040d4f9 f i libucrt:input.obj
 0001:0000c56a       ?write_integer@?$input_processor@DV?$string_input_adapter@D@__crt_stdio_input@@@__crt_stdio_input@@AAE_N_K_N@Z 0040d56a f i libucrt:input.obj
 0001:0000c5e1       ___stdio_common_vsscanf    0040d5e1 f   libucrt:input.obj
 0001:0000c605       __chvalidchk_l             0040d605 f i libucrt:input.obj
 0001:0000c62f       __ischartype_l             0040d62f f i libucrt:input.obj
 0001:0000c6e3       _strtok                    0040d6e3 f   libucrt:strtok.obj
 0001:0000c7c6       _fgets                     0040d7c6 f   libucrt:fgets.obj
 0001:0000ca9f       __tolower_l                0040da9f f   libucrt:tolower_toupper.obj
 0001:0000cab9       __toupper_l                0040dab9 f   libucrt:tolower_toupper.obj
 0001:0000cad3       _tolower                   0040dad3 f   libucrt:tolower_toupper.obj
 0001:0000cb03       _toupper                   0040db03 f   libucrt:tolower_toupper.obj
 0001:0000cb33       ??$is_overflow_condition@K@__crt_strtox@@YA_NIK@Z 0040db33 f i libucrt:atox.obj
 0001:0000cb66       ??$parse_integer@KV?$c_string_character_source@D@__crt_strtox@@@__crt_strtox@@YAKQAU__crt_locale_pointers@@V?$c_string_character_source@D@0@H_N@Z 0040db66 f i libucrt:atox.obj
 0001:0000cd8e       ??$parse_integer@KV?$c_string_character_source@_W@__crt_strtox@@@__crt_strtox@@YAKQAU__crt_locale_pointers@@V?$c_string_character_source@_W@0@H_N@Z 0040dd8e f i libucrt:atox.obj
 0001:0000d473       ??$parse_integer@_KV?$c_string_character_source@D@__crt_strtox@@@__crt_strtox@@YA_KQAU__crt_locale_pointers@@V?$c_string_character_source@D@0@H_N@Z 0040e473 f i libucrt:atox.obj
 0001:0000d719       ?unget@?$c_string_character_source@D@__crt_strtox@@QAEXD@Z 0040e719 f i libucrt:atox.obj
 0001:0000d741       ?unget@?$c_string_character_source@_W@__crt_strtox@@QAEX_W@Z 0040e741 f i libucrt:atox.obj
 0001:0000d76d       _atol                      0040e76d f   libucrt:atox.obj
 0001:0000d76d       _atoi                      0040e76d f   libucrt:atox.obj
 0001:0000d797       _malloc                    0040e797 f   libucrt:malloc.obj
 0001:0000d7a2       _rand                      0040e7a2 f   libucrt:rand.obj
 0001:0000d7c3       ??$make_c_string_character_source@D$$T@__crt_strtox@@YA?AV?$c_string_character_source@D@0@QBD$$T@Z 0040e7c3 f i libucrt:atox.obj
 0001:0000d7c3       ??$make_c_string_character_source@DPAPAD@__crt_strtox@@YA?AV?$c_string_character_source@D@0@QBDQAPAD@Z 0040e7c3 f i libucrt:strtox.obj
 0001:0000d7c3       ??$make_c_string_character_source@_WPAPA_W@__crt_strtox@@YA?AV?$c_string_character_source@_W@0@QB_WQAPA_W@Z 0040e7c3 f i libucrt:strtox.obj
 0001:0000d7de       _strtol                    0040e7de f   libucrt:strtox.obj
 0001:0000d80a       _strtoull                  0040e80a f   libucrt:strtox.obj
 0001:0000d836       _wcstol                    0040e836 f   libucrt:strtox.obj
 0001:0000d862       ___acrt_stdio_flush_nolock 0040e862 f   libucrt:fflush.obj
 0001:0000d8c8       __fflush_nolock            0040e8c8 f   libucrt:fflush.obj
 0001:0000d90f       __flushall                 0040e90f f   libucrt:fflush.obj
 0001:0000d9f0       _fflush                    0040e9f0 f   libucrt:fflush.obj
 0001:0000da49       ??$?RV<lambda_11b4f7b0d3157825a5656a18eba1ae27>@@AAV<lambda_b51c0495177f500e782686251704ae76>@@V<lambda_cf89b47920b5017557bfe891e78aca36>@@@?$__crt_seh_guarded_call@I@@QAEI$$QAV<lambda_11b4f7b0d3157825a5656a18eba1ae27>@@AAV<lambda_b51c0495177f500e782686251704ae76>@@$$QAV<lambda_cf89b47920b5017557bfe891e78aca36>@@@Z 0040ea49 f i libucrt:fwrite.obj
 0001:0000da9a       ??$__acrt_lock_stream_and_call@V<lambda_b51c0495177f500e782686251704ae76>@@@@YAIQAU_iobuf@@$$QAV<lambda_b51c0495177f500e782686251704ae76>@@@Z 0040ea9a f i libucrt:fwrite.obj
 0001:0000db08       __fwrite_nolock            0040eb08 f   libucrt:fwrite.obj
 0001:0000dc81       _fwrite                    0040ec81 f   libucrt:fwrite.obj
 0001:0000e0ce       ??$loctotime@AAGAAGAAGAAGAAGAAGH@?$__crt_integer_traits@_J@@SA_JAAG00000$$QAH@Z 0040f0ce f i libucrt:stat.obj
 0001:0000e4c4       __stat64i32                0040f4c4 f   libucrt:stat.obj
 0001:0000e5a3       ??Rthread_parameter_free_policy@?A0xe57bf005@@QAEXQAU__acrt_thread_parameter@@@Z 0040f5a3 f i libucrt:thread.obj
 0001:0000e67a       __beginthread              0040f67a f   libucrt:thread.obj
 0001:0000e706       __endthread                0040f706 f   libucrt:thread.obj
 0001:0000e70e       __endthreadex              0040f70e f   libucrt:thread.obj
 0001:0000e71c       __strdup                   0040f71c f   libucrt:strdup.obj
 0001:0000e71c       _strdup                    0040f71c f   libucrt:strdup.obj
 0001:0000e772       _free                      0040f772 f   libucrt:free.obj
 0001:0000e777       ___acrt_call_reportfault   0040f777 f   libucrt:invalid_parameter.obj
 0001:0000e8b2       ___acrt_initialize_invalid_parameter_handler 0040f8b2 f   libucrt:invalid_parameter.obj
 0001:0000e8c6       __invalid_parameter        0040f8c6 f   libucrt:invalid_parameter.obj
 0001:0000e941       __invalid_parameter_noinfo 0040f941 f   libucrt:invalid_parameter.obj
 0001:0000e951       __invalid_parameter_noinfo_noreturn 0040f951 f   libucrt:invalid_parameter.obj
 0001:0000e96e       __invoke_watson            0040f96e f   libucrt:invalid_parameter.obj
 0001:0000e9b0       _strncpy                   0040f9b0 f   libucrt:strncpy.obj
 0001:0000ead4       ??$__crt_fast_encode_pointer@P6GXPAXK0@Z@@YAP6GXPAXK0@ZQ6GX0K0@Z@Z 0040fad4 f i libucrt:exit.obj
 0001:0000ead4       ??$__crt_fast_encode_pointer@P6AHXZ@@YAP6AHXZQ6AHXZ@Z 0040fad4 f i libucrt:onexit.obj
 0001:0000ead4       ??$__crt_fast_encode_pointer@P6AHPAU_exception@@@Z@@YAP6AHPAU_exception@@@ZQ6AH0@Z@Z 0040fad4 f i libucrt:matherr.obj
 0001:0000ecca       ___acrt_initialize_thread_local_exit_callback 0040fcca f   libucrt:exit.obj
 0001:0000ecd9       __c_exit                   0040fcd9 f   libucrt:exit.obj
 0001:0000ece8       __cexit                    0040fce8 f   libucrt:exit.obj
 0001:0000ecf7       __exit                     0040fcf7 f   libucrt:exit.obj
 0001:0000ed0d       __register_thread_local_exe_atexit_callback 0040fd0d f   libucrt:exit.obj
 0001:0000ed45       _exit                      0040fd45 f   libucrt:exit.obj
 0001:0000f2a7       __ftelli64_nolock          004102a7 f   libucrt:ftell.obj
 0001:0000f2b2       _ftell                     004102b2 f   libucrt:ftell.obj
 0001:0000f921       ??$ftprintf@PAU_iobuf@@PB_WABQB_WABQB_WABI@?$__crt_char_traits@_W@@SAH$$QAPAU_iobuf@@$$QAPB_WABQB_W2ABI@Z 00410921 f i libucrt:assert.obj
 0001:0000fa00       __vfwprintf_l              00410a00 f i libucrt:assert.obj
 0001:0000fa25       __vswprintf_c_l            00410a25 f i libucrt:assert.obj
 0001:0000fa54       __wassert                  00410a54 f   libucrt:assert.obj
 0001:0000fa9c       _fwprintf                  00410a9c f i libucrt:assert.obj
 0001:0000fab7       _swprintf                  00410ab7 f i libucrt:assert.obj
 0001:0000fad5       ?LongLongSub@@YAJ_J0PA_J@Z 00410ad5 f i libucrt:fseek.obj
 0001:0000fd8f       _fseek                     00410d8f f   libucrt:fseek.obj
 0001:0000fdaa       _calloc                    00410daa f   libucrt:calloc.obj
 0001:0000fdb5       _realloc                   00410db5 f   libucrt:realloc.obj
 0001:0000fdc0       _rename                    00410dc0 f   libucrt:rename.obj
 0001:0000fe86       _roundf                    00410e86 f   libucrt:roundf.obj
 0001:0000fed8       _fmaxf                     00410ed8 f   libucrt:fmaxf.obj
 0001:0000ff34       _fminf                     00410f34 f   libucrt:fminf.obj
 0001:0000ff90       __Strftime_l               00410f90 f   libucrt:strftime.obj
 0001:000100bf       _strftime                  004110bf f   libucrt:strftime.obj
 0001:0001015d       __time64                   0041115d f   libucrt:time.obj
 0001:00010429       __localtime64              00411429 f   libucrt:localtime.obj
 0001:00010450       ___acrt_initialize_new_handler 00411450 f   libucrt:new_handler.obj
 0001:00010464       __callnewh                 00411464 f   libucrt:new_handler.obj
 0001:000104a8       __query_new_handler        004114a8 f   libucrt:new_handler.obj
 0001:000104fa       __seh_filter_exe           004114fa f   libucrt:exception_filter.obj
 0001:0001066d       __query_app_type           0041166d f   libucrt:report_runtime_error.obj
 0001:00010673       __set_app_type             00411673 f   libucrt:report_runtime_error.obj
 0001:00010682       ___acrt_has_user_matherr   00411682 f   libucrt:matherr.obj
 0001:0001069b       ___acrt_initialize_user_matherr 0041169b f   libucrt:matherr.obj
 0001:000106af       ___acrt_invoke_user_matherr 004116af f   libucrt:matherr.obj
 0001:000106f8       ___setusermatherr          004116f8 f   libucrt:matherr.obj
 0001:000109a6       ___acrt_allocate_buffer_for_argv 004119a6 f   libucrt:argv_parsing.obj
 0001:000109fb       __configure_narrow_argv    004119fb f   libucrt:argv_parsing.obj
 0001:00010c0d       ??$uninitialize@A6AXAAPAPAD@Z@?$dual_state_global@PAPAD@__crt_state_management@@QAEXA6AXAAPAPAD@Z@Z 00411c0d f i libucrt:environment_initialization.obj
 0001:00010c0d       ??$uninitialize@A6AXAAPAPA_W@Z@?$dual_state_global@PAPA_W@__crt_state_management@@QAEXA6AXAAPAPA_W@Z@Z 00411c0d f i libucrt:environment_initialization.obj
 0001:00010c83       ___dcrt_get_or_create_narrow_environment_nolock 00411c83 f   libucrt:environment_initialization.obj
 0001:00010c88       ___dcrt_uninitialize_environments_nolock 00411c88 f   libucrt:environment_initialization.obj
 0001:00010cbf       __initialize_narrow_environment 00411cbf f   libucrt:environment_initialization.obj
 0001:00010cc4       __get_narrow_winmain_command_line 00411cc4 f   libucrt:argv_winmain.obj
 0001:00010d17       __initterm                 00411d17 f   libucrt:initterm.obj
 0001:00010d73       __initterm_e               00411d73 f   libucrt:initterm.obj
 0001:00010db8       __get_fmode                00411db8 f   libucrt:setmode.obj
 0001:00010de4       __set_fmode                00411de4 f   libucrt:setmode.obj
 0001:00010e21       __setmode_nolock           00411e21 f   libucrt:setmode.obj
 0001:00010ef2       ___acrt_set_locale_changed 00411ef2 f   libucrt:wsetlocale.obj
 0001:00010efd       ___acrt_uninitialize_locale 00411efd f   libucrt:wsetlocale.obj
 0001:00010f4f       __configthreadlocale       00411f4f f   libucrt:wsetlocale.obj
 0001:00010fb1       __query_new_mode           00411fb1 f   libucrt:new_mode.obj
 0001:00010fb7       __set_new_mode             00411fb7 f   libucrt:new_mode.obj
 0001:00010fe6       ___p__commode              00411fe6 f   libucrt:ncommode.obj
 0001:00010fec       ??$?RV<lambda_800076c951b434888f4765a74a194fcc>@@AAV<lambda_4e60a939b0d047cfe11ddc22648dfba9>@@V<lambda_6dbb1268764f43b569ce7b67e331d33a>@@@?$__crt_seh_guarded_call@H@@QAEH$$QAV<lambda_800076c951b434888f4765a74a194fcc>@@AAV<lambda_4e60a939b0d047cfe11ddc22648dfba9>@@$$QAV<lambda_6dbb1268764f43b569ce7b67e331d33a>@@@Z 00411fec f i libucrt:onexit.obj
 0001:0001103d       ??$?RV<lambda_995298e7d72eb4c2aab26c0585b3abe5>@@AAV<lambda_275893d493268fdec8709772e3fcec0e>@@V<lambda_293819299cbf9a7022e18b56a874bb5c>@@@?$__crt_seh_guarded_call@H@@QAEH$$QAV<lambda_995298e7d72eb4c2aab26c0585b3abe5>@@AAV<lambda_275893d493268fdec8709772e3fcec0e>@@$$QAV<lambda_293819299cbf9a7022e18b56a874bb5c>@@@Z 0041203d f i libucrt:onexit.obj
 0001:0001108e       ??$__acrt_lock_and_call@V<lambda_275893d493268fdec8709772e3fcec0e>@@@@YAHW4__acrt_lock_id@@$$QAV<lambda_275893d493268fdec8709772e3fcec0e>@@@Z 0041208e f i libucrt:onexit.obj
 0001:000110b6       ??$__acrt_lock_and_call@V<lambda_4e60a939b0d047cfe11ddc22648dfba9>@@@@YAHW4__acrt_lock_id@@$$QAV<lambda_4e60a939b0d047cfe11ddc22648dfba9>@@@Z 004120b6 f i libucrt:onexit.obj
 0001:0001133f       __crt_atexit               0041233f f   libucrt:onexit.obj
 0001:00011355       __execute_onexit_table     00412355 f   libucrt:onexit.obj
 0001:00011372       __initialize_onexit_table  00412372 f   libucrt:onexit.obj
 0001:000113af       __register_onexit_function 004123af f   libucrt:onexit.obj
 0001:00011407       ___acrt_uninitialize_command_line 00412407 f   libucrt:argv_data.obj
 0001:00011407       __should_initialize_environment 00412407 f   LIBCMT:env_mode.obj
 0001:000114c7       ___acrt_initialize         004124c7 f   libucrt:initialization.obj
 0001:000114d9       ___acrt_uninitialize       004124d9 f   libucrt:initialization.obj
 0001:000114eb       __controlfp_s              004124eb f   libucrt:contrlfp.obj
 0001:0001154a       _terminate                 0041254a f   libucrt:terminate.obj
 0001:00011586       ___ascii_stricmp           00412586 f   libucrt:stricmp.obj
 0001:000115c1       __stricmp                  004125c1 f   libucrt:stricmp.obj
 0001:000115c1       _stricmp                   004125c1 f   libucrt:stricmp.obj
 0001:00011609       __stricmp_l                00412609 f   libucrt:stricmp.obj
 0001:000116a3       _strnicmp                  004126a3 f   libucrt:strnicmp.obj
 0001:000116a3       __strnicmp                 004126a3 f   libucrt:strnicmp.obj
 0001:0001170f       __strnicmp_l               0041270f f   libucrt:strnicmp.obj
 0001:00011e50       __open                     00412e50 f   libucrt:open.obj
 0001:00011e50       _open                      00412e50 f   libucrt:open.obj
 0001:00011e68       __sopen_nolock             00412e68 f   libucrt:open.obj
 0001:00011eb9       __sopen_s                  00412eb9 f   libucrt:open.obj
 0001:00011ed9       __wsopen_nolock            00412ed9 f   libucrt:open.obj
 0001:000126ea       __read                     004136ea f   libucrt:read.obj
 0001:000126ea       _read                      004136ea f   libucrt:read.obj
 0001:000127fd       __read_nolock              004137fd f   libucrt:read.obj
 0001:00012bb2       ??$?RV<lambda_123407a5e2ac06da108355a851863b7a>@@AAV<lambda_2fe9b910cf3cbf4a0ab98a02ba45b3ec>@@V<lambda_ae55bdf541ad94d75914d381c370e64d>@@@?$__crt_seh_guarded_call@H@@QAEH$$QAV<lambda_123407a5e2ac06da108355a851863b7a>@@AAV<lambda_2fe9b910cf3cbf4a0ab98a02ba45b3ec>@@$$QAV<lambda_ae55bdf541ad94d75914d381c370e64d>@@@Z 00413bb2 f i libucrt:close.obj
 0001:00012c34       ??$__acrt_lowio_lock_fh_and_call@V<lambda_2fe9b910cf3cbf4a0ab98a02ba45b3ec>@@@@YAHH$$QAV<lambda_2fe9b910cf3cbf4a0ab98a02ba45b3ec>@@@Z 00413c34 f i libucrt:close.obj
 0001:00012c5c       _close                     00413c5c f   libucrt:close.obj
 0001:00012c5c       __close                    00413c5c f   libucrt:close.obj
 0001:00012cdb       __close_nolock             00413cdb f   libucrt:close.obj
 0001:00012d77       __unlink                   00413d77 f   libucrt:unlink.obj
 0001:00012d77       _unlink                    00413d77 f   libucrt:unlink.obj
 0001:00012d82       _remove                    00413d82 f   libucrt:unlink.obj
 0001:00012dcf       __access                   00413dcf f   libucrt:access.obj
 0001:00012dcf       _access                    00413dcf f   libucrt:access.obj
 0001:00012de7       __access_s                 00413de7 f   libucrt:access.obj
 0001:000133cc       __write                    004143cc f   libucrt:write.obj
 0001:000133cc       _write                     004143cc f   libucrt:write.obj
 0001:000134b7       __write_nolock             004144b7 f   libucrt:write.obj
 0001:000136c3       _strcpy_s                  004146c3 f   libucrt:strcpy_s.obj
 0001:0001371d       __free_base                0041471d f   libucrt:free_base.obj
 0001:00013757       __malloc_base              00414757 f   libucrt:malloc_base.obj
 0001:000137a5       _abort                     004147a5 f   libucrt:abort.obj
[...]
 0002:0001a6c8       __sehtable$??$?RV<lambda_a048d3beccc847880fc8490e18b82769>@@AAV<lambda_ec61778202f4f5fc7e7711acc23c3bca>@@V<lambda_f7496a158712204296dd6628a163878e>@@@?$__crt_seh_guarded_call@P6AXH@Z@@QAEP6AXH@Z$$QAV<lambda_a048d3beccc847880fc8490e18b82769>@@AAV<lambda_ec61778202f4f5fc7e7711acc23c3bca>@@$$QAV<lambda_f7496a158712204296dd6628a163878e>@@@Z 0048f6c8     libucrt:signal.obj
 0002:0001a6e8       __sehtable$__isindst       0048f6e8     libucrt:tzset.obj
 0002:0001a708       __sehtable$___tzset        0048f708     libucrt:tzset.obj
 0002:0001a728       __sehtable$___acrt_update_thread_multibyte_data 0048f728     libucrt:mbctype.obj
 0002:0001a748       __sehtable$??$?RV<lambda_978dc153c237d78434369da87b74ff60>@@AAV<lambda_ad1ced32f4ac17aa236e5ef05d6b3b7c>@@V<lambda_4a8533e2866a575feecb8298ce776b0d>@@@?$__crt_seh_guarded_call@X@@QAEX$$QAV<lambda_978dc153c237d78434369da87b74ff60>@@AAV<lambda_ad1ced32f4ac17aa236e5ef05d6b3b7c>@@$$QAV<lambda_4a8533e2866a575feecb8298ce776b0d>@@@Z 0048f748     libucrt:mbctype.obj
 0002:0001a768       __sehtable$___acrt_update_thread_locale_data 0048f768     libucrt:locale_refcounting.obj
 0002:0001a788       __sehtable$__fcloseall     0048f788     libucrt:closeall.obj
 0002:0001a7a8       __sehtable$??$common_getenv_s@D@@YAHQAIQADIQBD@Z 0048f7a8     libucrt:getenv.obj
 0002:0001a7c8       __sehtable$___set_fpsr_sse2 0048f7c8     libucrt:fpctrl.obj
 0002:0001a7e8       __sehtable$__IsNonwritableInCurrentImage 0048f7e8     LIBCMT:pesect.obj
 0002:0001a804       __ehfuncinfo$?FindMatchingFiles@@YA_NPBDPAV?$vector@V?$basic_string@DU?$char_traits@D@std@@V?$allocator@D@2@@std@@V?$allocator@V?$basic_string@DU?$char_traits@D@std@@V?$allocator@D@2@@std@@@2@@std@@@Z 0048f804     files.obj
 0002:0001a828       __unwindtable$?FindMatchingFiles@@YA_NPBDPAV?$vector@V?$basic_string@DU?$char_traits@D@std@@V?$allocator@D@2@@std@@V?$allocator@V?$basic_string@DU?$char_traits@D@std@@V?$allocator@D@2@@std@@@2@@std@@@Z 0048f828     files.obj
 0002:0001a838       __ehfuncinfo$?LoadBof@@YAXXZ 0048f838     loadkod.obj
 0002:0001a85c       __unwindtable$?LoadBof@@YAXXZ 0048f85c     loadkod.obj
 0002:0001a86c       __ehfuncinfo$?LoadRsc@@YAXXZ 0048f86c     loadrsc.obj
 0002:0001a890       __unwindtable$?LoadRsc@@YAXXZ 0048f890     loadrsc.obj
 0002:0001a8a0       __ehfuncinfo$?BSPLoadRoom@@YA_NPADPAUroom_type@@@Z 0048f8a0     roofile.obj
 0002:0001a8c4       __unwindtable$?BSPLoadRoom@@YA_NPADPAUroom_type@@@Z 0048f8c4     roofile.obj
 0002:0001ac9c       .idata$6                   0048fc9c     gdi32:GDI32.dll
 0002:0001af8e       .idata$6                   0048ff8e     user32:USER32.dll
 0002:0001af9a       .idata$6                   0048ff9a     wsock32:WSOCK32.dll
 0002:0001afb4       .idata$6                   0048ffb4     winmm:WINMM.dll
 0002:0001afbe       .idata$6                   0048ffbe     comctl32:COMCTL32.dll
 0002:0001b094       .idata$6                   00490094     libmysql:LIBMYSQL.dll
 0002:0001b0ba       .idata$6                   004900ba     ws2_32:WS2_32.dll
 0002:0001b358       .idata$6                   00490358     kernel32:KERNEL32.dll
 0003:00000020       ?__vcrt_flsindex@@3KA      00491020     libvcruntime:per_thread_data.obj
 0003:00000144       _errno_no_memory           00491144     libucrt:errno.obj
 0003:00000148       _doserrno_no_memory        00491148     libucrt:errno.obj
 0003:0000014c       ___acrt_flsindex           0049114c     libucrt:per_thread_data.obj
 0003:000002f8       _tzstd_program             004912f8     libucrt:timeset.obj
 0003:00000338       _tzdst_program             00491338     libucrt:timeset.obj
 0003:00000378       _tzname_states             00491378     libucrt:timeset.obj
 0003:00000380       _dststart                  00491380     libucrt:tzset.obj
 0003:0000038c       _dstend                    0049138c     libucrt:tzset.obj
 0003:00000398       ___rgctypeflag             00491398     libucrt:mbctype.obj
 0003:000003a0       ___rgcode_page_info        004913a0     libucrt:mbctype.obj
 0003:00000920       ?__DAZ_ENABLED@?1??__set_fpsr_sse2@@9@9 00491920     libucrt:fpctrl.obj
 0003:00000940       ?PADDING@@3PAEA            00491940     md5.obj
 0003:00001444       ?highestAccount@@3HA       00492444     loadacco.obj
 0003:00001d44       ?magic_num@@3PADA          00492d44     saversc.obj
 0003:00006c80       _GS_ExceptionRecord        00497c80     LIBCMT:gs_report.obj
 0003:00006cd0       _GS_ContextRecord          00497cd0     LIBCMT:gs_report.obj
 0003:00006fa4       ?module_local_atexit_table@@3U_onexit_table_t@@A 00497fa4     LIBCMT:utility.obj
 0003:00006fb0       ?module_local_at_quick_exit_table@@3U_onexit_table_t@@A 00497fb0     LIBCMT:utility.obj
 0003:00006fbc       ?is_initialized_as_dll@@3_NA 00497fbc     LIBCMT:utility.obj
 0003:00006fd8       ?__vcrt_startup_thread_ptd@@3U__vcrt_ptd@@A 00497fd8     libvcruntime:per_thread_data.obj
 0003:00007000       ___vcrt_lock_table         00498000     libvcruntime:locks.obj
 0003:00007018       ___vcrt_locks_initialized  00498018     libvcruntime:locks.obj
 0003:0000701c       ?module_handles@@3PAPAUHINSTANCE__@@A 0049801c     libvcruntime:winapi_downlevel.obj
 0003:0000702c       ?encoded_function_pointers@@3PAPAXA 0049802c     libvcruntime:winapi_downlevel.obj
 0003:0000707c       ?heap@@3V_HeapManager@@A   0049807c     libvcruntime:undname.obj
 0003:00007090       ___acrt_invalid_parameter_handler 00498090     libucrt:invalid_parameter.obj
 0003:00007094       _c_termination_complete    00498094     libucrt:exit.obj
 0003:00007098       _thread_local_exit_callback_func 00498098     libucrt:exit.obj
 0003:0000709c       ?c_exit_complete@?5??common_exit@@YAXHW4_crt_exit_cleanup_mode@@W4_crt_exit_return_mode@@@Z@4_NA 0049809c     libucrt:exit.obj
 0003:000070a0       ___acrt_new_handler        004980a0     libucrt:new_handler.obj
 0003:000070a4       ___acrt_app_type           004980a4     libucrt:report_runtime_error.obj
 0003:000070a8       _user_matherr              004980a8     libucrt:matherr.obj
 0003:000070b0       ?program_name@?5???$common_configure_argv@D@@YAHW4_crt_argv_mode@@@Z@4PADA 004980b0     libucrt:argv_parsing.obj
 0003:000071c8       ?empty_string@?1???$common_wincmdln@D@@YAPADXZ@4PADA 004981c8     libucrt:argv_winmain.obj
 0003:000071d0       ___acrt_global_new_mode    004981d0     libucrt:new_mode.obj
 0003:000071fc       _enable_percent_n          004981fc     libucrt:printf_count_output.obj
 0003:00007418       ___acrt_lock_table         00498418     libucrt:locks.obj
 0003:00007550       ___acrt_locks_initialized  00498550     libucrt:locks.obj
 0003:00007558       _module_handles            00498558     libucrt:winapi_thunks.obj
 0003:000075a8       _encoded_function_pointers 004985a8     libucrt:winapi_thunks.obj
 0003:00007628       ?state_cache@?1??__acrt_is_packaged_app@@9@4JA 00498628     libucrt:winapi_thunks.obj
 0003:0000762c       ___acrt_error_mode         0049862c     libucrt:set_error_mode.obj
 0003:00007630       _ctrlc_action              00498630     libucrt:signal.obj
 0003:00007634       _ctrlbreak_action          00498634     libucrt:signal.obj
 0003:00007638       _abort_action              00498638     libucrt:signal.obj
 0003:0000763c       _term_action               0049863c     libucrt:signal.obj
 0003:0000764c       __tzname                   0049864c     libucrt:timeset.obj
 0003:00007650       _last_tz                   00498650     libucrt:tzset.obj
 0003:00007658       _tz_api_used               00498658     libucrt:tzset.obj
 0003:00007660       _tz_info                   00498660     libucrt:tzset.obj
 0003:0000770c       ?first_time@?1??__tzset@@9@4JA 0049870c     libucrt:tzset.obj
 0003:00007728       _fSystemSet                00498728     libucrt:mbctype.obj
 0003:0000772c       ?initialized@?1??__acrt_initialize_multibyte@@9@4_NA 0049872c     libucrt:mbctype.obj
 0003:00007760       __pmatherr_set             00498760     libucrt:libm_error.obj
 0003:000077b8       ?block_head@@3PAUblock_node_struct@@A 004987b8     block.obj
 0003:00016da0       ?_redbookid@@3HA           004a7da0     game.obj
 0003:00016da4       ?_redbookstring@@3PADA     004a7da4     game.obj
 0003:00056f6a       ?in_main_loop@@3DA         004e7f6a     timer.obj
 0003:00385098       ?numActiveTimers@@3HA      00816098     timer.obj
 0003:003850ac       ?used_guest_accounts@@3HA  008160ac     account.obj
 0003:003850b0       ?show_messages_time@@3NA   008160b0     adminfn.obj
 0003:003850b8       ?admin_show_references_value@@3Tval_type@@A 008160b8     adminfn.obj
 0003:003850bc       ?blist@@3PAUbuffer_struct@@A 008160bc     adminfn.obj
 0003:003850c0       ?admin_show_references_current_prop@@3PBDB 008160c0     adminfn.obj
 0003:003850c4       ?admin_show_references_current_object@@3HA 008160c4     adminfn.obj
 0003:003850c8       ?say_admin_text@@3PADA     008160c8     adminfn.obj
 0003:003850cc       ?admin_user_is_logged_in@@3DA 008160cc     adminfn.obj
 0003:003850d0       ?show_messages_message_id@@3HA 008160d0     adminfn.obj
 0003:003850d4       ?admin_show_references_data_str@@3PBDB 008160d4     adminfn.obj
 0003:003850d8       ?admin_show_references_current_class@@3PAUclass_struct@@A 008160d8     adminfn.obj
 0003:003850dc       ?show_messages_total_count@@3HA 008160dc     adminfn.obj
 0003:003850e0       ?show_messages_timed_count@@3HA 008160e0     adminfn.obj
 0003:003850e4       ?configfile@@3PAU_iobuf@@A 008160e4     adminfn.obj
 0003:003850e8       ?num_timers_printed@@3HA   008160e8     adminfn.obj
 0003:003850ec       ?login_time_check@@3HA     008160ec     adminfn.obj
 0003:003850f0       ?show_messages_ignore_count@@3HA 008160f0     adminfn.obj
 0003:003850f4       ?num_active_accts@@3HA     008160f4     adminfn.obj
 0003:003850f8       ?say_admin_session_id@@3HA 008160f8     adminfn.obj
 0003:003850fc       ?admin_show_references_count@@3HA 008160fc     adminfn.obj
 0003:00385100       ?admin_check_user@@3HA     00816100     adminfn.obj
 0003:00385104       ?show_messages_class@@3PAUclass_struct@@A 00816104     adminfn.obj
 0003:00385108       ?admin_who_count@@3HA      00816108     adminfn.obj
 0003:0038510c       ?admin_show_references_tag_str@@3PBDB 0081610c     adminfn.obj
 0003:00385110       ?show_messages_ignore_id@@3HA 00816110     adminfn.obj
 0003:00385114       ?name_lookup_handle@@3PAXA 00816114     async.obj
 0003:00385118       ?next_dynamic_rsc@@3HA     00816118     blakres.obj
 0003:0038511c       ?resources_table_size@@3HA 0081611c     blakres.obj
 0003:00385120       ?resources@@3PAPAUresource_struct@@A 00816120     blakres.obj
 0003:00385124       ?notify_r@@3PAUresource_struct@@A 00816124     blakres.obj
 0003:00385128       ?rsb_file_md5@@3PADA       00816128     blakres.obj
 0003:0038513c       ?resource_name_map@@3PAUsihash_table@@A 0081613c     blakres.obj
 0003:00385140       ?buf0@@3PADA               00816140     ccode.obj
 0003:003868b4       ?class_name_map@@3PAUsihash_table@@A 008178b4     class.obj
 0003:003868b8       ?classes_table_size@@3HA   008178b8     class.obj
 0003:003868c0       ?buf1@@3PADA               008178c0     ccode.obj
 0003:00388034       ?classes@@3PAPAUclass_struct@@A 00819034     class.obj
 0003:00388038       ?blist@@3PAUbuffer_struct@@A 00819038     commcli.obj
 0003:0038803c       ?lpfnDefAdminResponseProc@@3P6GJPAUHWND__@@IIJ@ZA 0081903c     interface_windows.obj
 0003:00388040       ?lpfnDefAdminInputProc@@3P6GJPAUHWND__@@IIJ@ZA 00819040     interface_windows.obj
 0003:00388044       ?max_messages@@3HA         00819044     message.obj
 0003:00388048       ?hash_collisions@@3HA      00819048     message.obj
 0003:0038804c       ?num_nameids@@3HA          0081904c     nameid.obj
 0003:00388050       ?nameids@@3PAPAUnameid_struct@@A 00819050     nameid.obj
 0003:00388054       ?nameid_name_map@@3PAUsihash_table@@A 00819054     nameid.obj
 0003:00388058       ?nameids_size@@3HA         00819058     nameid.obj
 0003:0038805c       ?buffer_size@@3HA          0081905c     savegame.obj
 0003:00388060       ?buffer_position@@3HA      00819060     savegame.obj
 0003:00388064       ?buffer@@3PADA             00819064     savegame.obj
 0003:00388068       ?buffer_warning_size@@3HA  00819068     savegame.obj
 0003:0038806c       ?rscfile@@3PAU_iobuf@@A    0081906c     saversc.obj
 0003:00388070       ?buffer_size@@3HA          00819070     saversc.obj
 0003:00388074       ?buffer_position@@3HA      00819074     saversc.obj
 0003:00388078       ?buffer@@3PADA             00819078     saversc.obj
 0003:0038807c       ?buffer_warning_size@@3HA  0081907c     saversc.obj
 0003:00388080       ?buffer_size@@3HA          00819080     savestr.obj
 0003:00388084       ?buffer_position@@3HA      00819084     savestr.obj
 0003:00388088       ?buffer@@3PADA             00819088     savestr.obj
 0003:0038808c       ?buffer_warning_size@@3HA  0081908c     savestr.obj
 0003:00388090       ?numExecuted@@3HA          00819090     sendmsg.obj
 0003:00388094       ?classMsg@@3UClassMessage@@A 00819094     sendmsg.obj
 0003:003880b0       ?user_table@@3PAUclient_table_node@@A 008190b0     sprocket.obj
 0003:003930b0       ?usercommand_table@@3PAUclient_table_node@@A 008240b0     sprocket.obj
 0003:0039e0b0       ?system_table@@3PAUclient_table_node@@A 0082f0b0     sprocket.obj
 0003:003a90b0       ?buf0@@3PADA               0083a0b0     table.obj
 0003:003aa830       ?admin_in_read@?1??AdminRead@@YAXHQA_KHQAUparm_node@@@Z@4HA 0083b830     adminfn.obj
 0003:003aa838       ?buf@?1??BlakodStackInfo@@YAPADXZ@4PADA 0083b838     sendmsg.obj
 0003:003abbc0       ?s@?1??BlakodDebugInfo@@YAPADXZ@4PADA 0083cbc0     sendmsg.obj
 0003:003abc24       ?buf@?1??GetStateName@@YAPBDPAUsession_node@@@Z@4PADA 0083cc24     session.obj
 0003:003abc58       ?s@?1??GetDataName@@YAPBDTval_type@@@Z@4PADA 0083cc58     term.obj
 0003:003abc68       ?microFrequency@?1??GetMicroCountDouble@@YANXZ@4T_LARGE_INTEGER@@A 0083cc68     time.obj
 0003:003abc70       ?s@?1??RelativeTimeStr@@YAPBDH@Z@4PADA 0083cc70     time.obj
 0003:003abcc0       ?frequency@?1??GetMilliCount@@YA_KXZ@4T_LARGE_INTEGER@@A 0083ccc0     time.obj
 0003:003abcd0       ?s@?1??TimeStr@@YAPBD_J@Z@4PADA 0083ccd0     time.obj
 0003:003abd20       ?s@?1??ShortTimeStr@@YAPBD_J@Z@4PADA 0083cd20     time.obj
 0004:00000000       __guard_fids___beginthread 0083d000     libucrt:thread.obj
 0004:00000004       __guard_fids____dcrt_uninitialize_environments_nolock 0083d004     libucrt:environment_initialization.obj
 0004:0000000c       __guard_fids__             0083d00c     libucrt:initialization.obj
 0004:0000006c       __guard_fids____acrt_initialize_ptd 0083d06c     libucrt:per_thread_data.obj
 0004:00000070       __guard_fids_??$common_show_message_box@_W@@YAHQB_W0I@Z 0083d070     libucrt:crtmbox.obj
 0004:00000074       __guard_fids_??$expand_argument_wildcards@D@@YAHQAD0AAV?$argument_list@D@?A0xb0e4b824@@@Z 0083d074     libucrt:argv_wildcards.obj
 0004:00000078       __guard_fids__             0083d078     libucrt:locale_initializer.obj
 0004:0000007c       __guard_fids__             0083d07c     libucrt:stdio_initializer.obj
 0004:00000080       __guard_fids__             0083d080     libucrt:stdio_initializer.obj
 0004:00000084       __guard_fids__             0083d084     libucrt:timeset_initializer.obj
 0004:00000088       __guard_fids__             0083d088     libucrt:multibyte_initializer.obj
 0004:0000008c       __guard_fids__             0083d08c     libucrt:console_output_initializer.obj
 0004:00000090       __guard_fids____libm_error_support 0083d090     libucrt:libm_error.obj
 0004:00000094       __guard_fids__             0083d094     libucrt:sse2_initializer.obj
 0004:00000098       __guard_fids__             0083d098     LIBCMT:exe_winmain.obj
 0004:0000009c       __guard_fids__             0083d09c     LIBCMT:exe_winmain.obj
 0004:000000a0       __guard_fids__             0083d0a0     LIBCMT:exe_winmain.obj
 0004:000000a4       __guard_fids_?pre_c_initialization@@YAHXZ 0083d0a4     LIBCMT:exe_winmain.obj
 0004:000000ac       __guard_fids__             0083d0ac     LIBCMT:throw_bad_alloc.obj
 0004:000000b4       __guard_fids__             0083d0b4     LIBCMT:throw_bad_alloc.obj
 0004:000000bc       __guard_fids__             0083d0bc     LIBCMT:throw_bad_alloc.obj
 0004:000000c4       __guard_fids__             0083d0c4     LIBCMT:throw_bad_alloc.obj
 0004:000000c8       __guard_fids__             0083d0c8     LIBCMT:throw_bad_alloc.obj
 0004:000000cc       __guard_fids__             0083d0cc     LIBCMT:throw_bad_alloc.obj
 0004:000000d0       __guard_fids__             0083d0d0     LIBCMT:throw_bad_alloc.obj
 0004:000000d4       __guard_fids__             0083d0d4     LIBCMT:throw_bad_alloc.obj
 0004:000000d8       __guard_fids____scrt_set_unhandled_exception_filter 0083d0d8     LIBCMT:utility_desktop.obj
 0004:000000dc       __guard_fids__             0083d0dc     LIBCMT:std_type_info_static.obj
 0004:000000e0       __guard_fids__             0083d0e0     LIBCMT:guard_support.obj
 0004:000000e4       __guard_fids__             0083d0e4     libcpmt:xthrow.obj
 0004:000000ec       __guard_fids__             0083d0ec     libcpmt:xthrow.obj
 0004:000000f4       __guard_fids__             0083d0f4     libcpmt:xthrow.obj
 0004:000000fc       __guard_fids__             0083d0fc     libcpmt:xthrow.obj
 0004:00000100       __guard_fids__             0083d100     libcpmt:xthrow.obj
 0004:00000104       __guard_fids__             0083d104     libcpmt:xthrow.obj
 0004:00000108       __guard_fids__             0083d108     libcpmt:xthrow.obj
 0004:0000010c       __guard_fids__             0083d10c     libcpmt:xthrow.obj
 0004:00000110       __guard_fids__             0083d110     libvcruntime:frame.obj
 0004:00000114       __guard_fids__             0083d114     libvcruntime:frame.obj
 0004:0000011c       __guard_fids__             0083d11c     libvcruntime:frame.obj
 0004:00000120       __guard_fids__             0083d120     libvcruntime:frame.obj
 0004:00000124       __guard_fids____vcrt_initialize_ptd 0083d124     libvcruntime:per_thread_data.obj
 0005:000004e0       $R000000                   0083e4e0     blakserv.res
 0005:000007c8       $R0002E8                   0083e7c8     blakserv.res
 0005:000007e0       $R000300                   0083e7e0     blakserv.res
 0005:00000908       $R000428                   0083e908     blakserv.res
 0005:00000e70       $R000990                   0083ee70     blakserv.res
 0005:00001158       $R000C78                   0083f158     blakserv.res
 0005:00001a00       $R001520                   0083fa00     blakserv.res
 0005:00002068       $R001B88                   00840068     blakserv.res
 0005:00002f10       $R002A30                   00840f10     blakserv.res
 0005:00002f70       $R002A90                   00840f70     blakserv.res
 0005:00006a78       $R006598                   00844a78     blakserv.res
 0005:00006b20       $R006640                   00844b20     blakserv.res
 0005:00006be0       $R006700                   00844be0     blakserv.res
 0005:00006dc0       $R0068E0                   00844dc0     blakserv.res
 0005:00007138       $R006C58                   00845138     blakserv.res
 0005:000071f0       $R006D10                   008451f0     blakserv.res
 0005:000072e8       $R006E08                   008452e8     blakserv.res
 0005:00007660       $R007180                   00845660     blakserv.res
 0005:00007688       $R0071A8                   00845688     blakserv.res
 0005:00008728       $R008248                   00846728     blakserv.res
 0005:0000b548       $R00B068                   00849548     blakserv.res
